Archive member included to satisfy reference by file (symbol)

c:/st/stm32cubeide_1.4.0/stm32cubeide/plugins/com.st.stm32cube.ide.mcu.externaltools.gnu-tools-for-stm32.7-2018-q2-update.win32_1.5.0.202011040924/tools/bin/../lib/gcc/arm-none-eabi/7.3.1/../../../../arm-none-eabi/lib/thumb/v7e-m/fpv4-sp/hard\libc_nano.a(lib_a-errno.o)
                              Core/Src/syscalls.o (__errno)
c:/st/stm32cubeide_1.4.0/stm32cubeide/plugins/com.st.stm32cube.ide.mcu.externaltools.gnu-tools-for-stm32.7-2018-q2-update.win32_1.5.0.202011040924/tools/bin/../lib/gcc/arm-none-eabi/7.3.1/../../../../arm-none-eabi/lib/thumb/v7e-m/fpv4-sp/hard\libc_nano.a(lib_a-exit.o)
                              c:/st/stm32cubeide_1.4.0/stm32cubeide/plugins/com.st.stm32cube.ide.mcu.externaltools.gnu-tools-for-stm32.7-2018-q2-update.win32_1.5.0.202011040924/tools/bin/../lib/gcc/arm-none-eabi/7.3.1/../../../../arm-none-eabi/lib/thumb/v7e-m/fpv4-sp/hard/crt0.o (exit)
c:/st/stm32cubeide_1.4.0/stm32cubeide/plugins/com.st.stm32cube.ide.mcu.externaltools.gnu-tools-for-stm32.7-2018-q2-update.win32_1.5.0.202011040924/tools/bin/../lib/gcc/arm-none-eabi/7.3.1/../../../../arm-none-eabi/lib/thumb/v7e-m/fpv4-sp/hard\libc_nano.a(lib_a-impure.o)
                              c:/st/stm32cubeide_1.4.0/stm32cubeide/plugins/com.st.stm32cube.ide.mcu.externaltools.gnu-tools-for-stm32.7-2018-q2-update.win32_1.5.0.202011040924/tools/bin/../lib/gcc/arm-none-eabi/7.3.1/../../../../arm-none-eabi/lib/thumb/v7e-m/fpv4-sp/hard\libc_nano.a(lib_a-exit.o) (_global_impure_ptr)
c:/st/stm32cubeide_1.4.0/stm32cubeide/plugins/com.st.stm32cube.ide.mcu.externaltools.gnu-tools-for-stm32.7-2018-q2-update.win32_1.5.0.202011040924/tools/bin/../lib/gcc/arm-none-eabi/7.3.1/../../../../arm-none-eabi/lib/thumb/v7e-m/fpv4-sp/hard\libc_nano.a(lib_a-init.o)
                              c:/st/stm32cubeide_1.4.0/stm32cubeide/plugins/com.st.stm32cube.ide.mcu.externaltools.gnu-tools-for-stm32.7-2018-q2-update.win32_1.5.0.202011040924/tools/bin/../lib/gcc/arm-none-eabi/7.3.1/../../../../arm-none-eabi/lib/thumb/v7e-m/fpv4-sp/hard/crt0.o (__libc_init_array)
c:/st/stm32cubeide_1.4.0/stm32cubeide/plugins/com.st.stm32cube.ide.mcu.externaltools.gnu-tools-for-stm32.7-2018-q2-update.win32_1.5.0.202011040924/tools/bin/../lib/gcc/arm-none-eabi/7.3.1/../../../../arm-none-eabi/lib/thumb/v7e-m/fpv4-sp/hard\libc_nano.a(lib_a-memcpy-stub.o)
                              Middlewares/Third_Party/FreeRTOS/Source/CMSIS_RTOS_V2/cmsis_os2.o (memcpy)
c:/st/stm32cubeide_1.4.0/stm32cubeide/plugins/com.st.stm32cube.ide.mcu.externaltools.gnu-tools-for-stm32.7-2018-q2-update.win32_1.5.0.202011040924/tools/bin/../lib/gcc/arm-none-eabi/7.3.1/../../../../arm-none-eabi/lib/thumb/v7e-m/fpv4-sp/hard\libc_nano.a(lib_a-memset.o)
                              c:/st/stm32cubeide_1.4.0/stm32cubeide/plugins/com.st.stm32cube.ide.mcu.externaltools.gnu-tools-for-stm32.7-2018-q2-update.win32_1.5.0.202011040924/tools/bin/../lib/gcc/arm-none-eabi/7.3.1/../../../../arm-none-eabi/lib/thumb/v7e-m/fpv4-sp/hard/crt0.o (memset)
c:/st/stm32cubeide_1.4.0/stm32cubeide/plugins/com.st.stm32cube.ide.mcu.externaltools.gnu-tools-for-stm32.7-2018-q2-update.win32_1.5.0.202011040924/tools/bin/../lib/gcc/arm-none-eabi/7.3.1/../../../../arm-none-eabi/lib/thumb/v7e-m/fpv4-sp/hard\libc_nano.a(lib_a-nano-vfprintf_float.o)
                              (_printf_float)
c:/st/stm32cubeide_1.4.0/stm32cubeide/plugins/com.st.stm32cube.ide.mcu.externaltools.gnu-tools-for-stm32.7-2018-q2-update.win32_1.5.0.202011040924/tools/bin/../lib/gcc/arm-none-eabi/7.3.1/../../../../arm-none-eabi/lib/thumb/v7e-m/fpv4-sp/hard\libc_nano.a(lib_a-nano-vfprintf_i.o)
                              c:/st/stm32cubeide_1.4.0/stm32cubeide/plugins/com.st.stm32cube.ide.mcu.externaltools.gnu-tools-for-stm32.7-2018-q2-update.win32_1.5.0.202011040924/tools/bin/../lib/gcc/arm-none-eabi/7.3.1/../../../../arm-none-eabi/lib/thumb/v7e-m/fpv4-sp/hard\libc_nano.a(lib_a-nano-vfprintf_float.o) (_printf_common)
c:/st/stm32cubeide_1.4.0/stm32cubeide/plugins/com.st.stm32cube.ide.mcu.externaltools.gnu-tools-for-stm32.7-2018-q2-update.win32_1.5.0.202011040924/tools/bin/../lib/gcc/arm-none-eabi/7.3.1/../../../../arm-none-eabi/lib/thumb/v7e-m/fpv4-sp/hard\libc_nano.a(lib_a-strlen.o)
                              c:/st/stm32cubeide_1.4.0/stm32cubeide/plugins/com.st.stm32cube.ide.mcu.externaltools.gnu-tools-for-stm32.7-2018-q2-update.win32_1.5.0.202011040924/tools/bin/../lib/gcc/arm-none-eabi/7.3.1/../../../../arm-none-eabi/lib/thumb/v7e-m/fpv4-sp/hard\libc_nano.a(lib_a-nano-vfprintf_float.o) (strlen)
c:/st/stm32cubeide_1.4.0/stm32cubeide/plugins/com.st.stm32cube.ide.mcu.externaltools.gnu-tools-for-stm32.7-2018-q2-update.win32_1.5.0.202011040924/tools/bin/../lib/gcc/arm-none-eabi/7.3.1/../../../../arm-none-eabi/lib/thumb/v7e-m/fpv4-sp/hard\libc_nano.a(lib_a-dtoa.o)
[...]
Memory Configuration

Name             Origin             Length             Attributes
RAM              0x0000000020000000 0x0000000000020000 xrw
FLASH            0x0000000008000000 0x0000000000080000 xr
*default*        0x0000000000000000 0xffffffffffffffff

Linker script and memory map

LOAD c:/st/stm32cubeide_1.4.0/stm32cubeide/plugins/com.st.stm32cube.ide.mcu.externaltools.gnu-tools-for-stm32.7-2018-q2-update.win32_1.5.0.202011040924/tools/bin/../lib/gcc/arm-none-eabi/7.3.1/thumb/v7e-m/fpv4-sp/hard/crti.o
LOAD c:/st/stm32cubeide_1.4.0/stm32cubeide/plugins/com.st.stm32cube.ide.mcu.externaltools.gnu-tools-for-stm32.7-2018-q2-update.win32_1.5.0.202011040924/tools/bin/../lib/gcc/arm-none-eabi/7.3.1/thumb/v7e-m/fpv4-sp/hard/crtbegin.o
LOAD c:/st/stm32cubeide_1.4.0/stm32cubeide/plugins/com.st.stm32cube.ide.mcu.externaltools.gnu-tools-for-stm32.7-2018-q2-update.win32_1.5.0.202011040924/tools/bin/../lib/gcc/arm-none-eabi/7.3.1/../../../../arm-none-eabi/lib/thumb/v7e-m/fpv4-sp/hard/crt0.o
LOAD Core/Src/DRV8834.o
LOAD Core/Src/LSM6.o
LOAD Core/Src/PID.o
LOAD Core/Src/freertos.o
LOAD Core/Src/gpio.o
LOAD Core/Src/i2c.o
LOAD Core/Src/main.o
LOAD Core/Src/printf.o
LOAD Core/Src/stm32f4xx_hal_msp.o
LOAD Core/Src/stm32f4xx_hal_timebase_tim.o
LOAD Core/Src/stm32f4xx_it.o
LOAD Core/Src/syscalls.o
LOAD Core/Src/sysmem.o
LOAD Core/Src/system_stm32f4xx.o
LOAD Core/Src/tim.o
LOAD Core/Src/usart.o
LOAD Core/Startup/startup_stm32f411retx.o
LOAD Drivers/STM32F4xx_HAL_Driver/Src/stm32f4xx_hal.o
LOAD Drivers/STM32F4xx_HAL_Driver/Src/stm32f4xx_hal_cortex.o
LOAD Drivers/STM32F4xx_HAL_Driver/Src/stm32f4xx_hal_dma.o
LOAD Drivers/STM32F4xx_HAL_Driver/Src/stm32f4xx_hal_dma_ex.o
LOAD Drivers/STM32F4xx_HAL_Driver/Src/stm32f4xx_hal_exti.o
LOAD Drivers/STM32F4xx_HAL_Driver/Src/stm32f4xx_hal_flash.o
LOAD Drivers/STM32F4xx_HAL_Driver/Src/stm32f4xx_hal_flash_ex.o
LOAD Drivers/STM32F4xx_HAL_Driver/Src/stm32f4xx_hal_flash_ramfunc.o
LOAD Drivers/STM32F4xx_HAL_Driver/Src/stm32f4xx_hal_gpio.o
LOAD Drivers/STM32F4xx_HAL_Driver/Src/stm32f4xx_hal_i2c.o
LOAD Drivers/STM32F4xx_HAL_Driver/Src/stm32f4xx_hal_i2c_ex.o
LOAD Drivers/STM32F4xx_HAL_Driver/Src/stm32f4xx_hal_pwr.o
LOAD Drivers/STM32F4xx_HAL_Driver/Src/stm32f4xx_hal_pwr_ex.o
LOAD Drivers/STM32F4xx_HAL_Driver/Src/stm32f4xx_hal_rcc.o
LOAD Drivers/STM32F4xx_HAL_Driver/Src/stm32f4xx_hal_rcc_ex.o
LOAD Drivers/STM32F4xx_HAL_Driver/Src/stm32f4xx_hal_tim.o
LOAD Drivers/STM32F4xx_HAL_Driver/Src/stm32f4xx_hal_tim_ex.o
LOAD Drivers/STM32F4xx_HAL_Driver/Src/stm32f4xx_hal_uart.o
LOAD Middlewares/Third_Party/FreeRTOS/Source/CMSIS_RTOS_V2/cmsis_os2.o
LOAD Middlewares/Third_Party/FreeRTOS/Source/croutine.o
LOAD Middlewares/Third_Party/FreeRTOS/Source/event_groups.o
LOAD Middlewares/Third_Party/FreeRTOS/Source/list.o
LOAD Middlewares/Third_Party/FreeRTOS/Source/queue.o
LOAD Middlewares/Third_Party/FreeRTOS/Source/stream_buffer.o
LOAD Middlewares/Third_Party/FreeRTOS/Source/tasks.o
LOAD Middlewares/Third_Party/FreeRTOS/Source/timers.o
LOAD Middlewares/Third_Party/FreeRTOS/Source/portable/GCC/ARM_CM4F/port.o
LOAD Middlewares/Third_Party/FreeRTOS/Source/portable/MemMang/heap_4.o
START GROUP
LOAD c:/st/stm32cubeide_1.4.0/stm32cubeide/plugins/com.st.stm32cube.ide.mcu.externaltools.gnu-tools-for-stm32.7-2018-q2-update.win32_1.5.0.202011040924/tools/bin/../lib/gcc/arm-none-eabi/7.3.1/../../../../arm-none-eabi/lib/thumb/v7e-m/fpv4-sp/hard\libc_nano.a
LOAD c:/st/stm32cubeide_1.4.0/stm32cubeide/plugins/com.st.stm32cube.ide.mcu.externaltools.gnu-tools-for-stm32.7-2018-q2-update.win32_1.5.0.202011040924/tools/bin/../lib/gcc/arm-none-eabi/7.3.1/../../../../arm-none-eabi/lib/thumb/v7e-m/fpv4-sp/hard\libm.a
END GROUP
START GROUP
LOAD c:/st/stm32cubeide_1.4.0/stm32cubeide/plugins/com.st.stm32cube.ide.mcu.externaltools.gnu-tools-for-stm32.7-2018-q2-update.win32_1.5.0.202011040924/tools/bin/../lib/gcc/arm-none-eabi/7.3.1/thumb/v7e-m/fpv4-sp/hard\libgcc.a
LOAD c:/st/stm32cubeide_1.4.0/stm32cubeide/plugins/com.st.stm32cube.ide.mcu.externaltools.gnu-tools-for-stm32.7-2018-q2-update.win32_1.5.0.202011040924/tools/bin/../lib/gcc/arm-none-eabi/7.3.1/../../../../arm-none-eabi/lib/thumb/v7e-m/fpv4-sp/hard\libc_nano.a
END GROUP
START GROUP
LOAD c:/st/stm32cubeide_1.4.0/stm32cubeide/plugins/com.st.stm32cube.ide.mcu.externaltools.gnu-tools-for-stm32.7-2018-q2-update.win32_1.5.0.202011040924/tools/bin/../lib/gcc/arm-none-eabi/7.3.1/thumb/v7e-m/fpv4-sp/hard\libgcc.a
LOAD c:/st/stm32cubeide_1.4.0/stm32cubeide/plugins/com.st.stm32cube.ide.mcu.externaltools.gnu-tools-for-stm32.7-2018-q2-update.win32_1.5.0.202011040924/tools/bin/../lib/gcc/arm-none-eabi/7.3.1/../../../../arm-none-eabi/lib/thumb/v7e-m/fpv4-sp/hard\libc_nano.a
LOAD c:/st/stm32cubeide_1.4.0/stm32cubeide/plugins/com.st.stm32cube.ide.mcu.externaltools.gnu-tools-for-stm32.7-2018-q2-update.win32_1.5.0.202011040924/tools/bin/../lib/gcc/arm-none-eabi/7.3.1/../../../../arm-none-eabi/lib/thumb/v7e-m/fpv4-sp/hard\libnosys.a
END GROUP
START GROUP
LOAD c:/st/stm32cubeide_1.4.0/stm32cubeide/plugins/com.st.stm32cube.ide.mcu.externaltools.gnu-tools-for-stm32.7-2018-q2-update.win32_1.5.0.202011040924/tools/bin/../lib/gcc/arm-none-eabi/7.3.1/thumb/v7e-m/fpv4-sp/hard\libgcc.a
LOAD c:/st/stm32cubeide_1.4.0/stm32cubeide/plugins/com.st.stm32cube.ide.mcu.externaltools.gnu-tools-for-stm32.7-2018-q2-update.win32_1.5.0.202011040924/tools/bin/../lib/gcc/arm-none-eabi/7.3.1/../../../../arm-none-eabi/lib/thumb/v7e-m/fpv4-sp/hard\libc_nano.a
LOAD c:/st/stm32cubeide_1.4.0/stm32cubeide/plugins/com.st.stm32cube.ide.mcu.externaltools.gnu-tools-for-stm32.7-2018-q2-update.win32_1.5.0.202011040924/tools/bin/../lib/gcc/arm-none-eabi/7.3.1/../../../../arm-none-eabi/lib/thumb/v7e-m/fpv4-sp/hard\libnosys.a
END GROUP
LOAD c:/st/stm32cubeide_1.4.0/stm32cubeide/plugins/com.st.stm32cube.ide.mcu.externaltools.gnu-tools-for-stm32.7-2018-q2-update.win32_1.5.0.202011040924/tools/bin/../lib/gcc/arm-none-eabi/7.3.1/thumb/v7e-m/fpv4-sp/hard/crtend.o
LOAD c:/st/stm32cubeide_1.4.0/stm32cubeide/plugins/com.st.stm32cube.ide.mcu.externaltools.gnu-tools-for-stm32.7-2018-q2-update.win32_1.5.0.202011040924/tools/bin/../lib/gcc/arm-none-eabi/7.3.1/thumb/v7e-m/fpv4-sp/hard/crtn.o
                0x0000000020020000                _estack = (ORIGIN (RAM) + LENGTH (RAM))
                0x0000000000000200                _Min_Heap_Size = 0x200
                0x0000000000000400                _Min_Stack_Size = 0x400

.isr_vector     0x0000000008000000      0x198
                0x0000000008000000                . = ALIGN (0x4)
 *(.isr_vector)
 .isr_vector    0x0000000008000000      0x198 Core/Startup/startup_stm32f411retx.o
                0x0000000008000000                g_pfnVectors
                0x0000000008000198                . = ALIGN (0x4)

.text           0x00000000080001a0     0xe314
                0x00000000080001a0                . = ALIGN (0x4)
 *(.text)
 .text          0x00000000080001a0       0x40 c:/st/stm32cubeide_1.4.0/stm32cubeide/plugins/com.st.stm32cube.ide.mcu.externaltools.gnu-tools-for-stm32.7-2018-q2-update.win32_1.5.0.202011040924/tools/bin/../lib/gcc/arm-none-eabi/7.3.1/thumb/v7e-m/fpv4-sp/hard/crtbegin.o
 .text          0x00000000080001e0       0x10 c:/st/stm32cubeide_1.4.0/stm32cubeide/plugins/com.st.stm32cube.ide.mcu.externaltools.gnu-tools-for-stm32.7-2018-q2-update.win32_1.5.0.202011040924/tools/bin/../lib/gcc/arm-none-eabi/7.3.1/../../../../arm-none-eabi/lib/thumb/v7e-m/fpv4-sp/hard\libc_nano.a(lib_a-strlen.o)
                0x00000000080001e0                strlen
 .text          0x00000000080001f0      0x378 c:/st/stm32cubeide_1.4.0/stm32cubeide/plugins/com.st.stm32cube.ide.mcu.externaltools.gnu-tools-for-stm32.7-2018-q2-update.win32_1.5.0.202011040924/tools/bin/../lib/gcc/arm-none-eabi/7.3.1/thumb/v7e-m/fpv4-sp/hard\libgcc.a(_arm_addsubdf3.o)
                0x00000000080001f0                __aeabi_drsub
                0x00000000080001f8                __aeabi_dsub
                0x00000000080001f8                __subdf3
                0x00000000080001fc                __aeabi_dadd
                0x00000000080001fc                __adddf3
                0x0000000008000474                __floatunsidf
                0x0000000008000474                __aeabi_ui2d
                0x0000000008000494                __floatsidf
                0x0000000008000494                __aeabi_i2d
                0x00000000080004b8                __aeabi_f2d
                0x00000000080004b8                __extendsfdf2
                0x00000000080004fc                __floatundidf
                0x00000000080004fc                __aeabi_ul2d
                0x000000000800050c                __floatdidf
                0x000000000800050c                __aeabi_l2d
 .text          0x0000000008000568      0x424 c:/st/stm32cubeide_1.4.0/stm32cubeide/plugins/com.st.stm32cube.ide.mcu.externaltools.gnu-tools-for-stm32.7-2018-q2-update.win32_1.5.0.202011040924/tools/bin/../lib/gcc/arm-none-eabi/7.3.1/thumb/v7e-m/fpv4-sp/hard\libgcc.a(_arm_muldivdf3.o)
                0x0000000008000568                __aeabi_dmul
                0x0000000008000568                __muldf3
                0x00000000080007bc                __divdf3
                0x00000000080007bc                __aeabi_ddiv
 .text          0x000000000800098c      0x110 c:/st/stm32cubeide_1.4.0/stm32cubeide/plugins/com.st.stm32cube.ide.mcu.externaltools.gnu-tools-for-stm32.7-2018-q2-update.win32_1.5.0.202011040924/tools/bin/../lib/gcc/arm-none-eabi/7.3.1/thumb/v7e-m/fpv4-sp/hard\libgcc.a(_arm_cmpdf2.o)
                0x000000000800098c                __gtdf2
                0x000000000800098c                __gedf2
                0x0000000008000994                __ltdf2
                0x0000000008000994                __ledf2
                0x000000000800099c                __nedf2
                0x000000000800099c                __eqdf2
                0x000000000800099c                __cmpdf2
                0x0000000008000a18                __aeabi_cdrcmple
                0x0000000008000a28                __aeabi_cdcmpeq
                0x0000000008000a28                __aeabi_cdcmple
                0x0000000008000a38                __aeabi_dcmpeq
                0x0000000008000a4c                __aeabi_dcmplt
                0x0000000008000a60                __aeabi_dcmple
                0x0000000008000a74                __aeabi_dcmpge
                0x0000000008000a88                __aeabi_dcmpgt
 .text          0x0000000008000a9c       0x2c c:/st/stm32cubeide_1.4.0/stm32cubeide/plugins/com.st.stm32cube.ide.mcu.externaltools.gnu-tools-for-stm32.7-2018-q2-update.win32_1.5.0.202011040924/tools/bin/../lib/gcc/arm-none-eabi/7.3.1/thumb/v7e-m/fpv4-sp/hard\libgcc.a(_arm_unorddf2.o)
                0x0000000008000a9c                __unorddf2
                0x0000000008000a9c                __aeabi_dcmpun
 .text          0x0000000008000ac8       0x50 c:/st/stm32cubeide_1.4.0/stm32cubeide/plugins/com.st.stm32cube.ide.mcu.externaltools.gnu-tools-for-stm32.7-2018-q2-update.win32_1.5.0.202011040924/tools/bin/../lib/gcc/arm-none-eabi/7.3.1/thumb/v7e-m/fpv4-sp/hard\libgcc.a(_arm_fixdfsi.o)
                0x0000000008000ac8                __aeabi_d2iz
                0x0000000008000ac8                __fixdfsi
 .text          0x0000000008000b18       0x40 c:/st/stm32cubeide_1.4.0/stm32cubeide/plugins/com.st.stm32cube.ide.mcu.externaltools.gnu-tools-for-stm32.7-2018-q2-update.win32_1.5.0.202011040924/tools/bin/../lib/gcc/arm-none-eabi/7.3.1/thumb/v7e-m/fpv4-sp/hard\libgcc.a(_arm_fixunsdfsi.o)
                0x0000000008000b18                __aeabi_d2uiz
                0x0000000008000b18                __fixunsdfsi
 .text          0x0000000008000b58       0x30 c:/st/stm32cubeide_1.4.0/stm32cubeide/plugins/com.st.stm32cube.ide.mcu.externaltools.gnu-tools-for-stm32.7-2018-q2-update.win32_1.5.0.202011040924/tools/bin/../lib/gcc/arm-none-eabi/7.3.1/thumb/v7e-m/fpv4-sp/hard\libgcc.a(_aeabi_uldivmod.o)
                0x0000000008000b58                __aeabi_uldivmod
 .text          0x0000000008000b88      0x2cc c:/st/stm32cubeide_1.4.0/stm32cubeide/plugins/com.st.stm32cube.ide.mcu.externaltools.gnu-tools-for-stm32.7-2018-q2-update.win32_1.5.0.202011040924/tools/bin/../lib/gcc/arm-none-eabi/7.3.1/thumb/v7e-m/fpv4-sp/hard\libgcc.a(_udivmoddi4.o)
                0x0000000008000b88                __udivmoddi4
 .text          0x0000000008000e54        0x4 c:/st/stm32cubeide_1.4.0/stm32cubeide/plugins/com.st.stm32cube.ide.mcu.externaltools.gnu-tools-for-stm32.7-2018-q2-update.win32_1.5.0.202011040924/tools/bin/../lib/gcc/arm-none-eabi/7.3.1/thumb/v7e-m/fpv4-sp/hard\libgcc.a(_dvmd_tls.o)
                0x0000000008000e54                __aeabi_idiv0
                0x0000000008000e54                __aeabi_ldiv0
 *(.text*)
 .text.DRV8834_Init
                0x0000000008000e58       0x36 Core/Src/DRV8834.o
                0x0000000008000e58                DRV8834_Init
 .text.DRV8834_InitPins
                0x0000000008000e8e       0x44 Core/Src/DRV8834.o
                0x0000000008000e8e                DRV8834_InitPins
 .text.DeinitializePin
                0x0000000008000ed2       0x74 Core/Src/DRV8834.o
                0x0000000008000ed2                DeinitializePin
 *fill*         0x0000000008000f46        0x2 
 .text.DRV8834_SetMicrostep
                0x0000000008000f48      0x13c Core/Src/DRV8834.o
                0x0000000008000f48                DRV8834_SetMicrostep
 .text.DRV8834_StopMotor
                0x0000000008001084       0x6c Core/Src/DRV8834.o
                0x0000000008001084                DRV8834_StopMotor
 .text.DRV8834_SetDirection
                0x00000000080010f0       0x36 Core/Src/DRV8834.o
                0x00000000080010f0                DRV8834_SetDirection
 *fill*         0x0000000008001126        0x2 
 .text.DRV8834_SetSpeed
                0x0000000008001128      0x140 Core/Src/DRV8834.o
                0x0000000008001128                DRV8834_SetSpeed
 .text.DRV8834_StartMotor
                0x0000000008001268       0x30 Core/Src/DRV8834.o
                0x0000000008001268                DRV8834_StartMotor
 .text.LSM6_InitEx
                0x0000000008001298       0xd4 Core/Src/LSM6.o
                0x0000000008001298                LSM6_InitEx
 .text.testReg  0x000000000800136c       0x4a Core/Src/LSM6.o
                0x000000000800136c                testReg
 .text.timeoutOccurred
                0x00000000080013b6       0x22 Core/Src/LSM6.o
                0x00000000080013b6                timeoutOccurred
 .text.errorOccured
                0x00000000080013d8       0x22 Core/Src/LSM6.o
                0x00000000080013d8                errorOccured
 .text.enableDefault
                0x00000000080013fa       0x54 Core/Src/LSM6.o
                0x00000000080013fa                enableDefault
 .text.writeReg
                0x000000000800144e       0x5a Core/Src/LSM6.o
                0x000000000800144e                writeReg
 .text.readReg  0x00000000080014a8       0x62 Core/Src/LSM6.o
                0x00000000080014a8                readReg
 .text.readAcc  0x000000000800150a       0xd4 Core/Src/LSM6.o
                0x000000000800150a                readAcc
 .text.readGyro
                0x00000000080015de       0xd4 Core/Src/LSM6.o
                0x00000000080015de                readGyro
 .text.LSM6_Read
                0x00000000080016b2       0x3a Core/Src/LSM6.o
                0x00000000080016b2                LSM6_Read
 *fill*         0x00000000080016ec        0x4 
 .text.PID_Init
                0x00000000080016f0       0x80 Core/Src/PID.o
                0x00000000080016f0                PID_Init
 .text.PID_SetTunings
                0x0000000008001770      0x164 Core/Src/PID.o
                0x0000000008001770                PID_SetTunings
 .text.PID_SetSampleTime
                0x00000000080018d4       0x76 Core/Src/PID.o
                0x00000000080018d4                PID_SetSampleTime
 .text.PID_SetOutputLimits
                0x000000000800194a       0xee Core/Src/PID.o
                0x000000000800194a                PID_SetOutputLimits
 .text.PID_SetMode
                0x0000000008001a38       0xa2 Core/Src/PID.o
                0x0000000008001a38                PID_SetMode
 .text.PID_SetControllerDirection
                0x0000000008001ada       0x94 Core/Src/PID.o
                0x0000000008001ada                PID_SetControllerDirection
 .text.PID_Compute
                0x0000000008001b6e      0x1d0 Core/Src/PID.o
                0x0000000008001b6e                PID_Compute
 *fill*         0x0000000008001d3e        0x2 
 .text.MX_FREERTOS_Init
                0x0000000008001d40      0x134 Core/Src/freertos.o
                0x0000000008001d40                MX_FREERTOS_Init
 .text.StartHeartbeatTask
                0x0000000008001e74       0x12 Core/Src/freertos.o
                0x0000000008001e74                StartHeartbeatTask
 *fill*         0x0000000008001e86        0x2 
 .text.StartIMU_Task
                0x0000000008001e88      0x1ac Core/Src/freertos.o
                0x0000000008001e88                StartIMU_Task
 *fill*         0x0000000008002034        0x4 
 .text.StartPIDTask
                0x0000000008002038      0x1d0 Core/Src/freertos.o
                0x0000000008002038                StartPIDTask
 .text.StartStepperMotorsTask
                0x0000000008002208      0x160 Core/Src/freertos.o
                0x0000000008002208                StartStepperMotorsTask
 .text.TimerPIDCallback
                0x0000000008002368       0x20 Core/Src/freertos.o
                0x0000000008002368                TimerPIDCallback
 .text._putchar
                0x0000000008002388       0x40 Core/Src/freertos.o
                0x0000000008002388                _putchar
 .text.HAL_GPIO_EXTI_Callback
                0x00000000080023c8       0x28 Core/Src/freertos.o
                0x00000000080023c8                HAL_GPIO_EXTI_Callback
 .text.map      0x00000000080023f0       0x38 Core/Src/freertos.o
                0x00000000080023f0                map
 .text.complementaryFilter
                0x0000000008002428       0xd8 Core/Src/freertos.o
                0x0000000008002428                complementaryFilter
 .text.calculateAccAngle
                0x0000000008002500       0xd4 Core/Src/freertos.o
                0x0000000008002500                calculateAccAngle
 .text.MX_GPIO_Init
                0x00000000080025d4      0x144 Core/Src/gpio.o
                0x00000000080025d4                MX_GPIO_Init
 .text.MX_I2C1_Init
                0x0000000008002718       0x5c Core/Src/i2c.o
                0x0000000008002718                MX_I2C1_Init
 .text.HAL_I2C_MspInit
                0x0000000008002774       0x90 Core/Src/i2c.o
                0x0000000008002774                HAL_I2C_MspInit
 .text.main     0x0000000008002804       0x32 Core/Src/main.o
                0x0000000008002804                main
 *fill*         0x0000000008002836        0x2 
 .text.SystemClock_Config
                0x0000000008002838       0xd4 Core/Src/main.o
                0x0000000008002838                SystemClock_Config
 .text.MX_NVIC_Init
                0x000000000800290c       0x18 Core/Src/main.o
 .text.HAL_TIM_PeriodElapsedCallback
                0x0000000008002924       0x24 Core/Src/main.o
                0x0000000008002924                HAL_TIM_PeriodElapsedCallback
 .text.Error_Handler
                0x0000000008002948        0x8 Core/Src/main.o
                0x0000000008002948                Error_Handler
 .text._out_null
                0x0000000008002950       0x1c Core/Src/printf.o
 .text._out_char
                0x000000000800296c       0x26 Core/Src/printf.o
 .text._strnlen_s
                0x0000000008002992       0x3a Core/Src/printf.o
 .text._is_digit
                0x00000000080029cc       0x2e Core/Src/printf.o
 .text._atoi    0x00000000080029fa       0x48 Core/Src/printf.o
 .text._out_rev
                0x0000000008002a42       0xa0 Core/Src/printf.o
 .text._ntoa_format
                0x0000000008002ae2      0x1b8 Core/Src/printf.o
 .text._ntoa_long
                0x0000000008002c9a       0xce Core/Src/printf.o
 .text._ntoa_long_long
                0x0000000008002d68       0xde Core/Src/printf.o
 *fill*         0x0000000008002e46        0x2 
 .text._ftoa    0x0000000008002e48      0x4d4 Core/Src/printf.o
 *fill*         0x000000000800331c        0x4 
 .text._etoa    0x0000000008003320      0x530 Core/Src/printf.o
 .text._vsnprintf
                0x0000000008003850      0x96c Core/Src/printf.o
 .text.printf_  0x00000000080041bc       0x38 Core/Src/printf.o
                0x00000000080041bc                printf_
 .text.HAL_MspInit
                0x00000000080041f4       0x58 Core/Src/stm32f4xx_hal_msp.o
                0x00000000080041f4                HAL_MspInit
 .text.HAL_InitTick
                0x000000000800424c       0xb0 Core/Src/stm32f4xx_hal_timebase_tim.o
                0x000000000800424c                HAL_InitTick
 .text.NMI_Handler
                0x00000000080042fc        0x6 Core/Src/stm32f4xx_it.o
                0x00000000080042fc                NMI_Handler
 .text.HardFault_Handler
                0x0000000008004302        0x6 Core/Src/stm32f4xx_it.o
                0x0000000008004302                HardFault_Handler
 .text.MemManage_Handler
                0x0000000008004308        0x6 Core/Src/stm32f4xx_it.o
                0x0000000008004308                MemManage_Handler
 .text.BusFault_Handler
                0x000000000800430e        0x6 Core/Src/stm32f4xx_it.o
                0x000000000800430e                BusFault_Handler
 .text.UsageFault_Handler
                0x0000000008004314        0x6 Core/Src/stm32f4xx_it.o
                0x0000000008004314                UsageFault_Handler
 .text.DebugMon_Handler
                0x000000000800431a        0xe Core/Src/stm32f4xx_it.o
                0x000000000800431a                DebugMon_Handler
 .text.TIM1_UP_TIM10_IRQHandler
                0x0000000008004328       0x14 Core/Src/stm32f4xx_it.o
                0x0000000008004328                TIM1_UP_TIM10_IRQHandler
 .text.EXTI15_10_IRQHandler
                0x000000000800433c       0x18 Core/Src/stm32f4xx_it.o
                0x000000000800433c                EXTI15_10_IRQHandler
 .text._sbrk    0x0000000008004354       0x6c Core/Src/sysmem.o
                0x0000000008004354                _sbrk
 .text.SystemInit
                0x00000000080043c0       0x2c Core/Src/system_stm32f4xx.o
                0x00000000080043c0                SystemInit
 .text.MX_TIM2_Init
                0x00000000080043ec       0xec Core/Src/tim.o
                0x00000000080043ec                MX_TIM2_Init
 .text.MX_TIM4_Init
                0x00000000080044d8       0xf0 Core/Src/tim.o
                0x00000000080044d8                MX_TIM4_Init
 .text.HAL_TIM_Base_MspInit
                0x00000000080045c8       0x6c Core/Src/tim.o
                0x00000000080045c8                HAL_TIM_Base_MspInit
 .text.HAL_TIM_MspPostInit
                0x0000000008004634       0xbc Core/Src/tim.o
                0x0000000008004634                HAL_TIM_MspPostInit
 .text.MX_USART2_UART_Init
                0x00000000080046f0       0x54 Core/Src/usart.o
                0x00000000080046f0                MX_USART2_UART_Init
 .text.HAL_UART_MspInit
                0x0000000008004744       0x90 Core/Src/usart.o
                0x0000000008004744                HAL_UART_MspInit
 .text.Reset_Handler
                0x00000000080047d4       0x50 Core/Startup/startup_stm32f411retx.o
                0x00000000080047d4                Reset_Handler
 .text.Default_Handler
                0x0000000008004824        0x2 Core/Startup/startup_stm32f411retx.o
                0x0000000008004824                RTC_Alarm_IRQHandler
                0x0000000008004824                EXTI2_IRQHandler
                0x0000000008004824                SPI4_IRQHandler
                0x0000000008004824                TIM1_CC_IRQHandler
                0x0000000008004824                DMA2_Stream5_IRQHandler
                0x0000000008004824                DMA1_Stream5_IRQHandler
                0x0000000008004824                PVD_IRQHandler
                0x0000000008004824                SDIO_IRQHandler
                0x0000000008004824                TAMP_STAMP_IRQHandler
                0x0000000008004824                EXTI3_IRQHandler
                0x0000000008004824                I2C3_ER_IRQHandler
                0x0000000008004824                EXTI0_IRQHandler
                0x0000000008004824                I2C2_EV_IRQHandler
                0x0000000008004824                DMA1_Stream2_IRQHandler
                0x0000000008004824                FPU_IRQHandler
                0x0000000008004824                DMA2_Stream2_IRQHandler
                0x0000000008004824                SPI1_IRQHandler
                0x0000000008004824                TIM1_BRK_TIM9_IRQHandler
                0x0000000008004824                DMA2_Stream3_IRQHandler
                0x0000000008004824                USART6_IRQHandler
                0x0000000008004824                DMA2_Stream0_IRQHandler
                0x0000000008004824                TIM4_IRQHandler
                0x0000000008004824                I2C1_EV_IRQHandler
                0x0000000008004824                DMA1_Stream6_IRQHandler
                0x0000000008004824                DMA1_Stream1_IRQHandler
                0x0000000008004824                TIM3_IRQHandler
                0x0000000008004824                RCC_IRQHandler
                0x0000000008004824                Default_Handler
                0x0000000008004824                ADC_IRQHandler
                0x0000000008004824                DMA1_Stream7_IRQHandler
                0x0000000008004824                SPI5_IRQHandler
                0x0000000008004824                TIM5_IRQHandler
                0x0000000008004824                DMA2_Stream7_IRQHandler
                0x0000000008004824                I2C3_EV_IRQHandler
                0x0000000008004824                EXTI9_5_IRQHandler
                0x0000000008004824                RTC_WKUP_IRQHandler
                0x0000000008004824                SPI2_IRQHandler
                0x0000000008004824                DMA1_Stream0_IRQHandler
                0x0000000008004824                EXTI4_IRQHandler
                0x0000000008004824                WWDG_IRQHandler
                0x0000000008004824                TIM2_IRQHandler
                0x0000000008004824                OTG_FS_WKUP_IRQHandler
                0x0000000008004824                TIM1_TRG_COM_TIM11_IRQHandler
                0x0000000008004824                EXTI1_IRQHandler
                0x0000000008004824                USART2_IRQHandler
                0x0000000008004824                I2C2_ER_IRQHandler
                0x0000000008004824                DMA2_Stream1_IRQHandler
                0x0000000008004824                FLASH_IRQHandler
                0x0000000008004824                DMA2_Stream4_IRQHandler
                0x0000000008004824                USART1_IRQHandler
                0x0000000008004824                OTG_FS_IRQHandler
                0x0000000008004824                SPI3_IRQHandler
                0x0000000008004824                DMA1_Stream4_IRQHandler
                0x0000000008004824                I2C1_ER_IRQHandler
                0x0000000008004824                DMA2_Stream6_IRQHandler
                0x0000000008004824                DMA1_Stream3_IRQHandler
 *fill*         0x0000000008004826        0x2 
 .text.HAL_Init
                0x0000000008004828       0x44 Drivers/STM32F4xx_HAL_Driver/Src/stm32f4xx_hal.o
                0x0000000008004828                HAL_Init
 .text.HAL_IncTick
                0x000000000800486c       0x28 Drivers/STM32F4xx_HAL_Driver/Src/stm32f4xx_hal.o
                0x000000000800486c                HAL_IncTick
 .text.HAL_GetTick
                0x0000000008004894       0x18 Drivers/STM32F4xx_HAL_Driver/Src/stm32f4xx_hal.o
                0x0000000008004894                HAL_GetTick
 .text.__NVIC_SetPriorityGrouping
                0x00000000080048ac       0x48 Drivers/STM32F4xx_HAL_Driver/Src/stm32f4xx_hal_cortex.o
 .text.__NVIC_GetPriorityGrouping
                0x00000000080048f4       0x1c Drivers/STM32F4xx_HAL_Driver/Src/stm32f4xx_hal_cortex.o
 .text.__NVIC_EnableIRQ
                0x0000000008004910       0x3c Drivers/STM32F4xx_HAL_Driver/Src/stm32f4xx_hal_cortex.o
 .text.__NVIC_SetPriority
                0x000000000800494c       0x54 Drivers/STM32F4xx_HAL_Driver/Src/stm32f4xx_hal_cortex.o
 .text.NVIC_EncodePriority
                0x00000000080049a0       0x66 Drivers/STM32F4xx_HAL_Driver/Src/stm32f4xx_hal_cortex.o
 .text.HAL_NVIC_SetPriorityGrouping
                0x0000000008004a06       0x16 Drivers/STM32F4xx_HAL_Driver/Src/stm32f4xx_hal_cortex.o
                0x0000000008004a06                HAL_NVIC_SetPriorityGrouping
 .text.HAL_NVIC_SetPriority
                0x0000000008004a1c       0x38 Drivers/STM32F4xx_HAL_Driver/Src/stm32f4xx_hal_cortex.o
                0x0000000008004a1c                HAL_NVIC_SetPriority
 .text.HAL_NVIC_EnableIRQ
                0x0000000008004a54       0x1c Drivers/STM32F4xx_HAL_Driver/Src/stm32f4xx_hal_cortex.o
                0x0000000008004a54                HAL_NVIC_EnableIRQ
 .text.HAL_GPIO_Init
                0x0000000008004a70      0x304 Drivers/STM32F4xx_HAL_Driver/Src/stm32f4xx_hal_gpio.o
                0x0000000008004a70                HAL_GPIO_Init
 .text.HAL_GPIO_DeInit
                0x0000000008004d74      0x1c4 Drivers/STM32F4xx_HAL_Driver/Src/stm32f4xx_hal_gpio.o
                0x0000000008004d74                HAL_GPIO_DeInit
 .text.HAL_GPIO_WritePin
                0x0000000008004f38       0x32 Drivers/STM32F4xx_HAL_Driver/Src/stm32f4xx_hal_gpio.o
                0x0000000008004f38                HAL_GPIO_WritePin
 *fill*         0x0000000008004f6a        0x2 
 .text.HAL_GPIO_EXTI_IRQHandler
                0x0000000008004f6c       0x30 Drivers/STM32F4xx_HAL_Driver/Src/stm32f4xx_hal_gpio.o
                0x0000000008004f6c                HAL_GPIO_EXTI_IRQHandler
 .text.HAL_I2C_Init
                0x0000000008004f9c      0x270 Drivers/STM32F4xx_HAL_Driver/Src/stm32f4xx_hal_i2c.o
                0x0000000008004f9c                HAL_I2C_Init
 .text.HAL_I2C_Mem_Write
                0x000000000800520c      0x1f4 Drivers/STM32F4xx_HAL_Driver/Src/stm32f4xx_hal_i2c.o
                0x000000000800520c                HAL_I2C_Mem_Write
 .text.HAL_I2C_Mem_Read
                0x0000000008005400      0x44c Drivers/STM32F4xx_HAL_Driver/Src/stm32f4xx_hal_i2c.o
                0x0000000008005400                HAL_I2C_Mem_Read
 .text.I2C_RequestMemoryWrite
                0x000000000800584c      0x12c Drivers/STM32F4xx_HAL_Driver/Src/stm32f4xx_hal_i2c.o
 .text.I2C_RequestMemoryRead
                0x0000000008005978      0x1d0 Drivers/STM32F4xx_HAL_Driver/Src/stm32f4xx_hal_i2c.o
 .text.I2C_WaitOnFlagUntilTimeout
                0x0000000008005b48       0xae Drivers/STM32F4xx_HAL_Driver/Src/stm32f4xx_hal_i2c.o
 .text.I2C_WaitOnMasterAddressFlagUntilTimeout
                0x0000000008005bf6       0xfe Drivers/STM32F4xx_HAL_Driver/Src/stm32f4xx_hal_i2c.o
 .text.I2C_WaitOnTXEFlagUntilTimeout
                0x0000000008005cf4       0x82 Drivers/STM32F4xx_HAL_Driver/Src/stm32f4xx_hal_i2c.o
 .text.I2C_WaitOnBTFFlagUntilTimeout
                0x0000000008005d76       0x82 Drivers/STM32F4xx_HAL_Driver/Src/stm32f4xx_hal_i2c.o
 .text.I2C_WaitOnRXNEFlagUntilTimeout
                0x0000000008005df8       0xac Drivers/STM32F4xx_HAL_Driver/Src/stm32f4xx_hal_i2c.o
 .text.I2C_IsAcknowledgeFailed
                0x0000000008005ea4       0x5e Drivers/STM32F4xx_HAL_Driver/Src/stm32f4xx_hal_i2c.o
 *fill*         0x0000000008005f02        0x2 
 .text.HAL_RCC_OscConfig
                0x0000000008005f04      0x4e0 Drivers/STM32F4xx_HAL_Driver/Src/stm32f4xx_hal_rcc.o
                0x0000000008005f04                HAL_RCC_OscConfig
 .text.HAL_RCC_ClockConfig
                0x00000000080063e4      0x1cc Drivers/STM32F4xx_HAL_Driver/Src/stm32f4xx_hal_rcc.o
                0x00000000080063e4                HAL_RCC_ClockConfig
 .text.HAL_RCC_GetSysClockFreq
                0x00000000080065b0      0x1b0 Drivers/STM32F4xx_HAL_Driver/Src/stm32f4xx_hal_rcc.o
                0x00000000080065b0                HAL_RCC_GetSysClockFreq
 .text.HAL_RCC_GetHCLKFreq
                0x0000000008006760       0x18 Drivers/STM32F4xx_HAL_Driver/Src/stm32f4xx_hal_rcc.o
                0x0000000008006760                HAL_RCC_GetHCLKFreq
 .text.HAL_RCC_GetPCLK1Freq
                0x0000000008006778       0x28 Drivers/STM32F4xx_HAL_Driver/Src/stm32f4xx_hal_rcc.o
                0x0000000008006778                HAL_RCC_GetPCLK1Freq
 .text.HAL_RCC_GetPCLK2Freq
                0x00000000080067a0       0x28 Drivers/STM32F4xx_HAL_Driver/Src/stm32f4xx_hal_rcc.o
                0x00000000080067a0                HAL_RCC_GetPCLK2Freq
 .text.HAL_RCC_GetClockConfig
                0x00000000080067c8       0x64 Drivers/STM32F4xx_HAL_Driver/Src/stm32f4xx_hal_rcc.o
                0x00000000080067c8                HAL_RCC_GetClockConfig
 .text.HAL_TIM_Base_Init
                0x000000000800682c       0x56 Drivers/STM32F4xx_HAL_Driver/Src/stm32f4xx_hal_tim.o
                0x000000000800682c                HAL_TIM_Base_Init
 .text.HAL_TIM_Base_Start_IT
                0x0000000008006882       0x48 Drivers/STM32F4xx_HAL_Driver/Src/stm32f4xx_hal_tim.o
                0x0000000008006882                HAL_TIM_Base_Start_IT
 .text.HAL_TIM_PWM_Init
                0x00000000080068ca       0x56 Drivers/STM32F4xx_HAL_Driver/Src/stm32f4xx_hal_tim.o
                0x00000000080068ca                HAL_TIM_PWM_Init
 .text.HAL_TIM_PWM_MspInit
                0x0000000008006920       0x14 Drivers/STM32F4xx_HAL_Driver/Src/stm32f4xx_hal_tim.o
                0x0000000008006920                HAL_TIM_PWM_MspInit
 .text.HAL_TIM_PWM_Start
                0x0000000008006934       0x64 Drivers/STM32F4xx_HAL_Driver/Src/stm32f4xx_hal_tim.o
                0x0000000008006934                HAL_TIM_PWM_Start
 .text.HAL_TIM_PWM_Stop
                0x0000000008006998       0x98 Drivers/STM32F4xx_HAL_Driver/Src/stm32f4xx_hal_tim.o
                0x0000000008006998                HAL_TIM_PWM_Stop
 .text.HAL_TIM_IRQHandler
                0x0000000008006a30      0x210 Drivers/STM32F4xx_HAL_Driver/Src/stm32f4xx_hal_tim.o
                0x0000000008006a30                HAL_TIM_IRQHandler
 .text.HAL_TIM_PWM_ConfigChannel
                0x0000000008006c40      0x18c Drivers/STM32F4xx_HAL_Driver/Src/stm32f4xx_hal_tim.o
                0x0000000008006c40                HAL_TIM_PWM_ConfigChannel
 .text.HAL_TIM_ConfigClockSource
                0x0000000008006dcc      0x16e Drivers/STM32F4xx_HAL_Driver/Src/stm32f4xx_hal_tim.o
                0x0000000008006dcc                HAL_TIM_ConfigClockSource
 .text.HAL_TIM_OC_DelayElapsedCallback
                0x0000000008006f3a       0x14 Drivers/STM32F4xx_HAL_Driver/Src/stm32f4xx_hal_tim.o
                0x0000000008006f3a                HAL_TIM_OC_DelayElapsedCallback
 .text.HAL_TIM_IC_CaptureCallback
                0x0000000008006f4e       0x14 Drivers/STM32F4xx_HAL_Driver/Src/stm32f4xx_hal_tim.o
                0x0000000008006f4e                HAL_TIM_IC_CaptureCallback
 .text.HAL_TIM_PWM_PulseFinishedCallback
                0x0000000008006f62       0x14 Drivers/STM32F4xx_HAL_Driver/Src/stm32f4xx_hal_tim.o
                0x0000000008006f62                HAL_TIM_PWM_PulseFinishedCallback
 .text.HAL_TIM_TriggerCallback
                0x0000000008006f76       0x14 Drivers/STM32F4xx_HAL_Driver/Src/stm32f4xx_hal_tim.o
                0x0000000008006f76                HAL_TIM_TriggerCallback
 *fill*         0x0000000008006f8a        0x2 
 .text.TIM_Base_SetConfig
                0x0000000008006f8c      0x100 Drivers/STM32F4xx_HAL_Driver/Src/stm32f4xx_hal_tim.o
                0x0000000008006f8c                TIM_Base_SetConfig
 .text.TIM_OC1_SetConfig
                0x000000000800708c       0xcc Drivers/STM32F4xx_HAL_Driver/Src/stm32f4xx_hal_tim.o
 .text.TIM_OC2_SetConfig
                0x0000000008007158       0xd8 Drivers/STM32F4xx_HAL_Driver/Src/stm32f4xx_hal_tim.o
                0x0000000008007158                TIM_OC2_SetConfig
 .text.TIM_OC3_SetConfig
                0x0000000008007230       0xd4 Drivers/STM32F4xx_HAL_Driver/Src/stm32f4xx_hal_tim.o
 .text.TIM_OC4_SetConfig
                0x0000000008007304       0xa0 Drivers/STM32F4xx_HAL_Driver/Src/stm32f4xx_hal_tim.o
 .text.TIM_TI1_ConfigInputStage
                0x00000000080073a4       0x5e Drivers/STM32F4xx_HAL_Driver/Src/stm32f4xx_hal_tim.o
 .text.TIM_TI2_ConfigInputStage
                0x0000000008007402       0x60 Drivers/STM32F4xx_HAL_Driver/Src/stm32f4xx_hal_tim.o
 .text.TIM_ITRx_SetConfig
                0x0000000008007462       0x36 Drivers/STM32F4xx_HAL_Driver/Src/stm32f4xx_hal_tim.o
 .text.TIM_ETR_SetConfig
                0x0000000008007498       0x40 Drivers/STM32F4xx_HAL_Driver/Src/stm32f4xx_hal_tim.o
                0x0000000008007498                TIM_ETR_SetConfig
 .text.TIM_CCxChannelCmd
                0x00000000080074d8       0x4a Drivers/STM32F4xx_HAL_Driver/Src/stm32f4xx_hal_tim.o
                0x00000000080074d8                TIM_CCxChannelCmd
 *fill*         0x0000000008007522        0x2 
 .text.HAL_TIMEx_MasterConfigSynchronization
                0x0000000008007524       0xdc Drivers/STM32F4xx_HAL_Driver/Src/stm32f4xx_hal_tim_ex.o
                0x0000000008007524                HAL_TIMEx_MasterConfigSynchronization
 .text.HAL_TIMEx_CommutCallback
                0x0000000008007600       0x14 Drivers/STM32F4xx_HAL_Driver/Src/stm32f4xx_hal_tim_ex.o
                0x0000000008007600                HAL_TIMEx_CommutCallback
 .text.HAL_TIMEx_BreakCallback
                0x0000000008007614       0x14 Drivers/STM32F4xx_HAL_Driver/Src/stm32f4xx_hal_tim_ex.o
                0x0000000008007614                HAL_TIMEx_BreakCallback
 .text.HAL_UART_Init
                0x0000000008007628       0x9a Drivers/STM32F4xx_HAL_Driver/Src/stm32f4xx_hal_uart.o
                0x0000000008007628                HAL_UART_Init
 .text.HAL_UART_Transmit
                0x00000000080076c2      0x132 Drivers/STM32F4xx_HAL_Driver/Src/stm32f4xx_hal_uart.o
                0x00000000080076c2                HAL_UART_Transmit
 .text.UART_WaitOnFlagUntilTimeout
                0x00000000080077f4       0x94 Drivers/STM32F4xx_HAL_Driver/Src/stm32f4xx_hal_uart.o
 .text.UART_SetConfig
                0x0000000008007888      0x6f8 Drivers/STM32F4xx_HAL_Driver/Src/stm32f4xx_hal_uart.o
 .text.SVC_Setup
                0x0000000008007f80        0xe Middlewares/Third_Party/FreeRTOS/Source/CMSIS_RTOS_V2/cmsis_os2.o
 *fill*         0x0000000008007f8e        0x2 
 .text.osKernelInitialize
                0x0000000008007f90       0x68 Middlewares/Third_Party/FreeRTOS/Source/CMSIS_RTOS_V2/cmsis_os2.o
                0x0000000008007f90                osKernelInitialize
 .text.osKernelStart
                0x0000000008007ff8       0x6c Middlewares/Third_Party/FreeRTOS/Source/CMSIS_RTOS_V2/cmsis_os2.o
                0x0000000008007ff8                osKernelStart
 .text.osKernelGetTickFreq
                0x0000000008008064       0x12 Middlewares/Third_Party/FreeRTOS/Source/CMSIS_RTOS_V2/cmsis_os2.o
                0x0000000008008064                osKernelGetTickFreq
 *fill*         0x0000000008008076        0x2 
 .text.osThreadNew
                0x0000000008008078      0x14c Middlewares/Third_Party/FreeRTOS/Source/CMSIS_RTOS_V2/cmsis_os2.o
                0x0000000008008078                osThreadNew
 .text.osThreadFlagsSet
                0x00000000080081c4       0xc4 Middlewares/Third_Party/FreeRTOS/Source/CMSIS_RTOS_V2/cmsis_os2.o
                0x00000000080081c4                osThreadFlagsSet
 .text.osThreadFlagsWait
                0x0000000008008288      0x128 Middlewares/Third_Party/FreeRTOS/Source/CMSIS_RTOS_V2/cmsis_os2.o
                0x0000000008008288                osThreadFlagsWait
 .text.osDelay  0x00000000080083b0       0x5c Middlewares/Third_Party/FreeRTOS/Source/CMSIS_RTOS_V2/cmsis_os2.o
                0x00000000080083b0                osDelay
 .text.TimerCallback
                0x000000000800840c       0x2a Middlewares/Third_Party/FreeRTOS/Source/CMSIS_RTOS_V2/cmsis_os2.o
 *fill*         0x0000000008008436        0x2 
 .text.osTimerNew
                0x0000000008008438      0x108 Middlewares/Third_Party/FreeRTOS/Source/CMSIS_RTOS_V2/cmsis_os2.o
                0x0000000008008438                osTimerNew
 .text.osTimerStart
                0x0000000008008540       0x80 Middlewares/Third_Party/FreeRTOS/Source/CMSIS_RTOS_V2/cmsis_os2.o
                0x0000000008008540                osTimerStart
 .text.osMutexNew
                0x00000000080085c0      0x134 Middlewares/Third_Party/FreeRTOS/Source/CMSIS_RTOS_V2/cmsis_os2.o
                0x00000000080085c0                osMutexNew
 .text.osMutexAcquire
                0x00000000080086f4       0xbc Middlewares/Third_Party/FreeRTOS/Source/CMSIS_RTOS_V2/cmsis_os2.o
                0x00000000080086f4                osMutexAcquire
 .text.osMutexRelease
                0x00000000080087b0       0xa0 Middlewares/Third_Party/FreeRTOS/Source/CMSIS_RTOS_V2/cmsis_os2.o
                0x00000000080087b0                osMutexRelease
 .text.osSemaphoreNew
                0x0000000008008850      0x13c Middlewares/Third_Party/FreeRTOS/Source/CMSIS_RTOS_V2/cmsis_os2.o
                0x0000000008008850                osSemaphoreNew
 .text.osSemaphoreAcquire
                0x000000000800898c       0xcc Middlewares/Third_Party/FreeRTOS/Source/CMSIS_RTOS_V2/cmsis_os2.o
                0x000000000800898c                osSemaphoreAcquire
 .text.osSemaphoreRelease
                0x0000000008008a58       0xb0 Middlewares/Third_Party/FreeRTOS/Source/CMSIS_RTOS_V2/cmsis_os2.o
                0x0000000008008a58                osSemaphoreRelease
 .text.osMessageQueueNew
                0x0000000008008b08      0x10c Middlewares/Third_Party/FreeRTOS/Source/CMSIS_RTOS_V2/cmsis_os2.o
                0x0000000008008b08                osMessageQueueNew
 .text.osMessageQueuePut
                0x0000000008008c14       0xe8 Middlewares/Third_Party/FreeRTOS/Source/CMSIS_RTOS_V2/cmsis_os2.o
                0x0000000008008c14                osMessageQueuePut
 .text.osMessageQueueGet
                0x0000000008008cfc       0xe4 Middlewares/Third_Party/FreeRTOS/Source/CMSIS_RTOS_V2/cmsis_os2.o
                0x0000000008008cfc                osMessageQueueGet
 .text.vApplicationGetIdleTaskMemory
                0x0000000008008de0       0x34 Middlewares/Third_Party/FreeRTOS/Source/CMSIS_RTOS_V2/cmsis_os2.o
                0x0000000008008de0                vApplicationGetIdleTaskMemory
 .text.vApplicationGetTimerTaskMemory
                0x0000000008008e14       0x34 Middlewares/Third_Party/FreeRTOS/Source/CMSIS_RTOS_V2/cmsis_os2.o
                0x0000000008008e14                vApplicationGetTimerTaskMemory
 .text.vListInitialise
                0x0000000008008e48       0x40 Middlewares/Third_Party/FreeRTOS/Source/list.o
                0x0000000008008e48                vListInitialise
 .text.vListInitialiseItem
                0x0000000008008e88       0x1a Middlewares/Third_Party/FreeRTOS/Source/list.o
                0x0000000008008e88                vListInitialiseItem
 .text.vListInsertEnd
                0x0000000008008ea2       0x48 Middlewares/Third_Party/FreeRTOS/Source/list.o
                0x0000000008008ea2                vListInsertEnd
 .text.vListInsert
                0x0000000008008eea       0x72 Middlewares/Third_Party/FreeRTOS/Source/list.o
                0x0000000008008eea                vListInsert
 .text.uxListRemove
                0x0000000008008f5c       0x54 Middlewares/Third_Party/FreeRTOS/Source/list.o
                0x0000000008008f5c                uxListRemove
 .text.xQueueGenericReset
                0x0000000008008fb0       0xd0 Middlewares/Third_Party/FreeRTOS/Source/queue.o
                0x0000000008008fb0                xQueueGenericReset
 .text.xQueueGenericCreateStatic
                0x0000000008009080       0xe6 Middlewares/Third_Party/FreeRTOS/Source/queue.o
                0x0000000008009080                xQueueGenericCreateStatic
 .text.xQueueGenericCreate
                0x0000000008009166       0x7e Middlewares/Third_Party/FreeRTOS/Source/queue.o
                0x0000000008009166                xQueueGenericCreate
 .text.prvInitialiseNewQueue
                0x00000000080091e4       0x46 Middlewares/Third_Party/FreeRTOS/Source/queue.o
 .text.prvInitialiseMutex
                0x000000000800922a       0x34 Middlewares/Third_Party/FreeRTOS/Source/queue.o
 .text.xQueueCreateMutex
                0x000000000800925e       0x30 Middlewares/Third_Party/FreeRTOS/Source/queue.o
                0x000000000800925e                xQueueCreateMutex
 .text.xQueueCreateMutexStatic
                0x000000000800928e       0x36 Middlewares/Third_Party/FreeRTOS/Source/queue.o
                0x000000000800928e                xQueueCreateMutexStatic
 .text.xQueueGiveMutexRecursive
                0x00000000080092c4       0x66 Middlewares/Third_Party/FreeRTOS/Source/queue.o
                0x00000000080092c4                xQueueGiveMutexRecursive
 .text.xQueueTakeMutexRecursive
                0x000000000800932a       0x6a Middlewares/Third_Party/FreeRTOS/Source/queue.o
                0x000000000800932a                xQueueTakeMutexRecursive
 .text.xQueueCreateCountingSemaphoreStatic
                0x0000000008009394       0x6a Middlewares/Third_Party/FreeRTOS/Source/queue.o
                0x0000000008009394                xQueueCreateCountingSemaphoreStatic
 .text.xQueueCreateCountingSemaphore
                0x00000000080093fe       0x62 Middlewares/Third_Party/FreeRTOS/Source/queue.o
                0x00000000080093fe                xQueueCreateCountingSemaphore
 .text.xQueueGenericSend
                0x0000000008009460      0x1f4 Middlewares/Third_Party/FreeRTOS/Source/queue.o
                0x0000000008009460                xQueueGenericSend
 .text.xQueueGenericSendFromISR
                0x0000000008009654      0x128 Middlewares/Third_Party/FreeRTOS/Source/queue.o
                0x0000000008009654                xQueueGenericSendFromISR
 .text.xQueueGiveFromISR
                0x000000000800977c      0x112 Middlewares/Third_Party/FreeRTOS/Source/queue.o
                0x000000000800977c                xQueueGiveFromISR
 *fill*         0x000000000800988e        0x2 
 .text.xQueueReceive
                0x0000000008009890      0x1b8 Middlewares/Third_Party/FreeRTOS/Source/queue.o
                0x0000000008009890                xQueueReceive
 .text.xQueueSemaphoreTake
                0x0000000008009a48      0x210 Middlewares/Third_Party/FreeRTOS/Source/queue.o
                0x0000000008009a48                xQueueSemaphoreTake
 .text.xQueueReceiveFromISR
                0x0000000008009c58       0xfa Middlewares/Third_Party/FreeRTOS/Source/queue.o
                0x0000000008009c58                xQueueReceiveFromISR
 .text.vQueueDelete
                0x0000000008009d52       0x44 Middlewares/Third_Party/FreeRTOS/Source/queue.o
                0x0000000008009d52                vQueueDelete
 .text.prvGetDisinheritPriorityAfterTimeout
                0x0000000008009d96       0x30 Middlewares/Third_Party/FreeRTOS/Source/queue.o
 .text.prvCopyDataToQueue
                0x0000000008009dc6       0xd4 Middlewares/Third_Party/FreeRTOS/Source/queue.o
 .text.prvCopyDataFromQueue
                0x0000000008009e9a       0x4c Middlewares/Third_Party/FreeRTOS/Source/queue.o
 .text.prvUnlockQueue
                0x0000000008009ee6       0xa4 Middlewares/Third_Party/FreeRTOS/Source/queue.o
 .text.prvIsQueueEmpty
                0x0000000008009f8a       0x2c Middlewares/Third_Party/FreeRTOS/Source/queue.o
 .text.prvIsQueueFull
                0x0000000008009fb6       0x30 Middlewares/Third_Party/FreeRTOS/Source/queue.o
 *fill*         0x0000000008009fe6        0x2 
 .text.vQueueAddToRegistry
                0x0000000008009fe8       0x50 Middlewares/Third_Party/FreeRTOS/Source/queue.o
                0x0000000008009fe8                vQueueAddToRegistry
 .text.vQueueUnregisterQueue
                0x000000000800a038       0x54 Middlewares/Third_Party/FreeRTOS/Source/queue.o
                0x000000000800a038                vQueueUnregisterQueue
 .text.vQueueWaitForMessageRestricted
                0x000000000800a08c       0x68 Middlewares/Third_Party/FreeRTOS/Source/queue.o
                0x000000000800a08c                vQueueWaitForMessageRestricted
 .text.xTaskCreateStatic
                0x000000000800a0f4       0xb4 Middlewares/Third_Party/FreeRTOS/Source/tasks.o
                0x000000000800a0f4                xTaskCreateStatic
 .text.xTaskCreate
                0x000000000800a1a8       0x8a Middlewares/Third_Party/FreeRTOS/Source/tasks.o
                0x000000000800a1a8                xTaskCreate
 .text.prvInitialiseNewTask
                0x000000000800a232      0x11c Middlewares/Third_Party/FreeRTOS/Source/tasks.o
 *fill*         0x000000000800a34e        0x2 
 .text.prvAddNewTaskToReadyList
                0x000000000800a350       0xe0 Middlewares/Third_Party/FreeRTOS/Source/tasks.o
 .text.vTaskDelay
                0x000000000800a430       0x68 Middlewares/Third_Party/FreeRTOS/Source/tasks.o
                0x000000000800a430                vTaskDelay
 .text.vTaskStartScheduler
                0x000000000800a498       0xc8 Middlewares/Third_Party/FreeRTOS/Source/tasks.o
                0x000000000800a498                vTaskStartScheduler
 .text.vTaskSuspendAll
                0x000000000800a560       0x1c Middlewares/Third_Party/FreeRTOS/Source/tasks.o
                0x000000000800a560                vTaskSuspendAll
 .text.xTaskResumeAll
                0x000000000800a57c      0x138 Middlewares/Third_Party/FreeRTOS/Source/tasks.o
                0x000000000800a57c                xTaskResumeAll
 .text.xTaskGetTickCount
                0x000000000800a6b4       0x20 Middlewares/Third_Party/FreeRTOS/Source/tasks.o
                0x000000000800a6b4                xTaskGetTickCount
 .text.xTaskIncrementTick
                0x000000000800a6d4      0x170 Middlewares/Third_Party/FreeRTOS/Source/tasks.o
                0x000000000800a6d4                xTaskIncrementTick
 .text.vTaskSwitchContext
                0x000000000800a844       0xb8 Middlewares/Third_Party/FreeRTOS/Source/tasks.o
                0x000000000800a844                vTaskSwitchContext
 .text.vTaskPlaceOnEventList
                0x000000000800a8fc       0x48 Middlewares/Third_Party/FreeRTOS/Source/tasks.o
                0x000000000800a8fc                vTaskPlaceOnEventList
 .text.vTaskPlaceOnEventListRestricted
                0x000000000800a944       0x54 Middlewares/Third_Party/FreeRTOS/Source/tasks.o
                0x000000000800a944                vTaskPlaceOnEventListRestricted
 .text.xTaskRemoveFromEventList
                0x000000000800a998       0xc4 Middlewares/Third_Party/FreeRTOS/Source/tasks.o
                0x000000000800a998                xTaskRemoveFromEventList
 .text.vTaskInternalSetTimeOutState
                0x000000000800aa5c       0x2c Middlewares/Third_Party/FreeRTOS/Source/tasks.o
                0x000000000800aa5c                vTaskInternalSetTimeOutState
 .text.xTaskCheckForTimeOut
                0x000000000800aa88       0xc0 Middlewares/Third_Party/FreeRTOS/Source/tasks.o
                0x000000000800aa88                xTaskCheckForTimeOut
 .text.vTaskMissedYield
                0x000000000800ab48       0x18 Middlewares/Third_Party/FreeRTOS/Source/tasks.o
                0x000000000800ab48                vTaskMissedYield
 .text.prvIdleTask
                0x000000000800ab60       0x30 Middlewares/Third_Party/FreeRTOS/Source/tasks.o
 .text.prvInitialiseTaskLists
                0x000000000800ab90       0x80 Middlewares/Third_Party/FreeRTOS/Source/tasks.o
 .text.prvCheckTasksWaitingTermination
                0x000000000800ac10       0x58 Middlewares/Third_Party/FreeRTOS/Source/tasks.o
 .text.prvDeleteTCB
                0x000000000800ac68       0x5c Middlewares/Third_Party/FreeRTOS/Source/tasks.o
 .text.prvResetNextTaskUnblockTime
                0x000000000800acc4       0x40 Middlewares/Third_Party/FreeRTOS/Source/tasks.o
 .text.xTaskGetCurrentTaskHandle
                0x000000000800ad04       0x20 Middlewares/Third_Party/FreeRTOS/Source/tasks.o
                0x000000000800ad04                xTaskGetCurrentTaskHandle
 .text.xTaskGetSchedulerState
                0x000000000800ad24       0x3c Middlewares/Third_Party/FreeRTOS/Source/tasks.o
                0x000000000800ad24                xTaskGetSchedulerState
 .text.xTaskPriorityInherit
                0x000000000800ad60       0xd0 Middlewares/Third_Party/FreeRTOS/Source/tasks.o
                0x000000000800ad60                xTaskPriorityInherit
 .text.xTaskPriorityDisinherit
                0x000000000800ae30       0xd8 Middlewares/Third_Party/FreeRTOS/Source/tasks.o
                0x000000000800ae30                xTaskPriorityDisinherit
 .text.vTaskPriorityDisinheritAfterTimeout
                0x000000000800af08      0x100 Middlewares/Third_Party/FreeRTOS/Source/tasks.o
                0x000000000800af08                vTaskPriorityDisinheritAfterTimeout
 .text.pvTaskIncrementMutexHeldCount
                0x000000000800b008       0x28 Middlewares/Third_Party/FreeRTOS/Source/tasks.o
                0x000000000800b008                pvTaskIncrementMutexHeldCount
 .text.xTaskNotifyWait
                0x000000000800b030       0xb4 Middlewares/Third_Party/FreeRTOS/Source/tasks.o
                0x000000000800b030                xTaskNotifyWait
 .text.xTaskGenericNotify
                0x000000000800b0e4      0x168 Middlewares/Third_Party/FreeRTOS/Source/tasks.o
                0x000000000800b0e4                xTaskGenericNotify
 .text.xTaskGenericNotifyFromISR
                0x000000000800b24c      0x1b0 Middlewares/Third_Party/FreeRTOS/Source/tasks.o
                0x000000000800b24c                xTaskGenericNotifyFromISR
 .text.prvAddCurrentTaskToDelayedList
                0x000000000800b3fc       0xa8 Middlewares/Third_Party/FreeRTOS/Source/tasks.o
 .text.xTimerCreateTimerTask
                0x000000000800b4a4       0x90 Middlewares/Third_Party/FreeRTOS/Source/timers.o
                0x000000000800b4a4                xTimerCreateTimerTask
 .text.xTimerCreate
                0x000000000800b534       0x42 Middlewares/Third_Party/FreeRTOS/Source/timers.o
                0x000000000800b534                xTimerCreate
 .text.xTimerCreateStatic
                0x000000000800b576       0x78 Middlewares/Third_Party/FreeRTOS/Source/timers.o
                0x000000000800b576                xTimerCreateStatic
 .text.prvInitialiseNewTimer
                0x000000000800b5ee       0x74 Middlewares/Third_Party/FreeRTOS/Source/timers.o
 *fill*         0x000000000800b662        0x2 
 .text.xTimerGenericCommand
                0x000000000800b664       0x98 Middlewares/Third_Party/FreeRTOS/Source/timers.o
                0x000000000800b664                xTimerGenericCommand
 .text.prvProcessExpiredTimer
                0x000000000800b6fc       0x98 Middlewares/Third_Party/FreeRTOS/Source/timers.o
 .text.prvTimerTask
                0x000000000800b794       0x24 Middlewares/Third_Party/FreeRTOS/Source/timers.o
 .text.prvProcessTimerOrBlockTask
                0x000000000800b7b8       0x9c Middlewares/Third_Party/FreeRTOS/Source/timers.o
 .text.prvGetNextExpireTime
                0x000000000800b854       0x48 Middlewares/Third_Party/FreeRTOS/Source/timers.o
 .text.prvSampleTimeNow
                0x000000000800b89c       0x40 Middlewares/Third_Party/FreeRTOS/Source/timers.o
 .text.prvInsertTimerInActiveList
                0x000000000800b8dc       0x84 Middlewares/Third_Party/FreeRTOS/Source/timers.o
 .text.prvProcessReceivedCommands
                0x000000000800b960      0x1b8 Middlewares/Third_Party/FreeRTOS/Source/timers.o
 .text.prvSwitchTimerLists
                0x000000000800bb18       0xc8 Middlewares/Third_Party/FreeRTOS/Source/timers.o
 .text.prvCheckForValidListAndQueue
                0x000000000800bbe0       0x80 Middlewares/Third_Party/FreeRTOS/Source/timers.o
 .text.pvTimerGetTimerID
                0x000000000800bc60       0x3e Middlewares/Third_Party/FreeRTOS/Source/timers.o
                0x000000000800bc60                pvTimerGetTimerID
 *fill*         0x000000000800bc9e        0x2 
 .text.pxPortInitialiseStack
                0x000000000800bca0       0x68 Middlewares/Third_Party/FreeRTOS/Source/portable/GCC/ARM_CM4F/port.o
                0x000000000800bca0                pxPortInitialiseStack
 .text.prvTaskExitError
                0x000000000800bd08       0x54 Middlewares/Third_Party/FreeRTOS/Source/portable/GCC/ARM_CM4F/port.o
 *fill*         0x000000000800bd5c        0x4 
 .text.SVC_Handler
                0x000000000800bd60       0x28 Middlewares/Third_Party/FreeRTOS/Source/portable/GCC/ARM_CM4F/port.o
                0x000000000800bd60                SVC_Handler
 .text.prvPortStartFirstTask
                0x000000000800bd88       0x28 Middlewares/Third_Party/FreeRTOS/Source/portable/GCC/ARM_CM4F/port.o
 .text.xPortStartScheduler
                0x000000000800bdb0      0x13c Middlewares/Third_Party/FreeRTOS/Source/portable/GCC/ARM_CM4F/port.o
                0x000000000800bdb0                xPortStartScheduler
 .text.vPortEnterCritical
                0x000000000800beec       0x5c Middlewares/Third_Party/FreeRTOS/Source/portable/GCC/ARM_CM4F/port.o
                0x000000000800beec                vPortEnterCritical
 .text.vPortExitCritical
                0x000000000800bf48       0x50 Middlewares/Third_Party/FreeRTOS/Source/portable/GCC/ARM_CM4F/port.o
                0x000000000800bf48                vPortExitCritical
 *fill*         0x000000000800bf98        0x8 
 .text.PendSV_Handler
                0x000000000800bfa0       0x68 Middlewares/Third_Party/FreeRTOS/Source/portable/GCC/ARM_CM4F/port.o
                0x000000000800bfa0                PendSV_Handler
 .text.SysTick_Handler
                0x000000000800c008       0x40 Middlewares/Third_Party/FreeRTOS/Source/portable/GCC/ARM_CM4F/port.o
                0x000000000800c008                SysTick_Handler
 .text.vPortSetupTimerInterrupt
                0x000000000800c048       0x48 Middlewares/Third_Party/FreeRTOS/Source/portable/GCC/ARM_CM4F/port.o
                0x000000000800c048                vPortSetupTimerInterrupt
 .text.vPortEnableVFP
                0x000000000800c090       0x14 Middlewares/Third_Party/FreeRTOS/Source/portable/GCC/ARM_CM4F/port.o
 .text.vPortValidateInterruptPriority
                0x000000000800c0a4       0x7c Middlewares/Third_Party/FreeRTOS/Source/portable/GCC/ARM_CM4F/port.o
                0x000000000800c0a4                vPortValidateInterruptPriority
 .text.pvPortMalloc
                0x000000000800c120      0x184 Middlewares/Third_Party/FreeRTOS/Source/portable/MemMang/heap_4.o
                0x000000000800c120                pvPortMalloc
 .text.vPortFree
                0x000000000800c2a4       0xb0 Middlewares/Third_Party/FreeRTOS/Source/portable/MemMang/heap_4.o
                0x000000000800c2a4                vPortFree
 .text.prvHeapInit
                0x000000000800c354       0xc4 Middlewares/Third_Party/FreeRTOS/Source/portable/MemMang/heap_4.o
 .text.prvInsertBlockIntoFreeList
                0x000000000800c418       0xb4 Middlewares/Third_Party/FreeRTOS/Source/portable/MemMang/heap_4.o
 .text.__errno  0x000000000800c4cc        0xc c:/st/stm32cubeide_1.4.0/stm32cubeide/plugins/com.st.stm32cube.ide.mcu.externaltools.gnu-tools-for-stm32.7-2018-q2-update.win32_1.5.0.202011040924/tools/bin/../lib/gcc/arm-none-eabi/7.3.1/../../../../arm-none-eabi/lib/thumb/v7e-m/fpv4-sp/hard\libc_nano.a(lib_a-errno.o)
                0x000000000800c4cc                __errno
 .text.__libc_init_array
                0x000000000800c4d8       0x48 c:/st/stm32cubeide_1.4.0/stm32cubeide/plugins/com.st.stm32cube.ide.mcu.externaltools.gnu-tools-for-stm32.7-2018-q2-update.win32_1.5.0.202011040924/tools/bin/../lib/gcc/arm-none-eabi/7.3.1/../../../../arm-none-eabi/lib/thumb/v7e-m/fpv4-sp/hard\libc_nano.a(lib_a-init.o)
                0x000000000800c4d8                __libc_init_array
 .text.memcpy   0x000000000800c520       0x16 c:/st/stm32cubeide_1.4.0/stm32cubeide/plugins/com.st.stm32cube.ide.mcu.externaltools.gnu-tools-for-stm32.7-2018-q2-update.win32_1.5.0.202011040924/tools/bin/../lib/gcc/arm-none-eabi/7.3.1/../../../../arm-none-eabi/lib/thumb/v7e-m/fpv4-sp/hard\libc_nano.a(lib_a-memcpy-stub.o)
                0x000000000800c520                memcpy
 .text.memset   0x000000000800c536       0x10 c:/st/stm32cubeide_1.4.0/stm32cubeide/plugins/com.st.stm32cube.ide.mcu.externaltools.gnu-tools-for-stm32.7-2018-q2-update.win32_1.5.0.202011040924/tools/bin/../lib/gcc/arm-none-eabi/7.3.1/../../../../arm-none-eabi/lib/thumb/v7e-m/fpv4-sp/hard\libc_nano.a(lib_a-memset.o)
                0x000000000800c536                memset
 .text.__cvt    0x000000000800c546       0xc2 c:/st/stm32cubeide_1.4.0/stm32cubeide/plugins/com.st.stm32cube.ide.mcu.externaltools.gnu-tools-for-stm32.7-2018-q2-update.win32_1.5.0.202011040924/tools/bin/../lib/gcc/arm-none-eabi/7.3.1/../../../../arm-none-eabi/lib/thumb/v7e-m/fpv4-sp/hard\libc_nano.a(lib_a-nano-vfprintf_float.o)
                0x000000000800c546                __cvt
 .text.__exponent
                0x000000000800c608       0x66 c:/st/stm32cubeide_1.4.0/stm32cubeide/plugins/com.st.stm32cube.ide.mcu.externaltools.gnu-tools-for-stm32.7-2018-q2-update.win32_1.5.0.202011040924/tools/bin/../lib/gcc/arm-none-eabi/7.3.1/../../../../arm-none-eabi/lib/thumb/v7e-m/fpv4-sp/hard\libc_nano.a(lib_a-nano-vfprintf_float.o)
                0x000000000800c608                __exponent
 *fill*         0x000000000800c66e        0x2 
 .text._printf_float
                0x000000000800c670      0x480 c:/st/stm32cubeide_1.4.0/stm32cubeide/plugins/com.st.stm32cube.ide.mcu.externaltools.gnu-tools-for-stm32.7-2018-q2-update.win32_1.5.0.202011040924/tools/bin/../lib/gcc/arm-none-eabi/7.3.1/../../../../arm-none-eabi/lib/thumb/v7e-m/fpv4-sp/hard\libc_nano.a(lib_a-nano-vfprintf_float.o)
                0x000000000800c670                _printf_float
 .text._printf_common
                0x000000000800caf0       0xea c:/st/stm32cubeide_1.4.0/stm32cubeide/plugins/com.st.stm32cube.ide.mcu.externaltools.gnu-tools-for-stm32.7-2018-q2-update.win32_1.5.0.202011040924/tools/bin/../lib/gcc/arm-none-eabi/7.3.1/../../../../arm-none-eabi/lib/thumb/v7e-m/fpv4-sp/hard\libc_nano.a(lib_a-nano-vfprintf_i.o)
                0x000000000800caf0                _printf_common
 .text.quorem   0x000000000800cbda      0x118 c:/st/stm32cubeide_1.4.0/stm32cubeide/plugins/com.st.stm32cube.ide.mcu.externaltools.gnu-tools-for-stm32.7-2018-q2-update.win32_1.5.0.202011040924/tools/bin/../lib/gcc/arm-none-eabi/7.3.1/../../../../arm-none-eabi/lib/thumb/v7e-m/fpv4-sp/hard\libc_nano.a(lib_a-dtoa.o)
 *fill*         0x000000000800ccf2        0x6 
 .text._dtoa_r  0x000000000800ccf8      0xb70 c:/st/stm32cubeide_1.4.0/stm32cubeide/plugins/com.st.stm32cube.ide.mcu.externaltools.gnu-tools-for-stm32.7-2018-q2-update.win32_1.5.0.202011040924/tools/bin/../lib/gcc/arm-none-eabi/7.3.1/../../../../arm-none-eabi/lib/thumb/v7e-m/fpv4-sp/hard\libc_nano.a(lib_a-dtoa.o)
                0x000000000800ccf8                _dtoa_r
 .text._localeconv_r
                0x000000000800d868       0x1c c:/st/stm32cubeide_1.4.0/stm32cubeide/plugins/com.st.stm32cube.ide.mcu.externaltools.gnu-tools-for-stm32.7-2018-q2-update.win32_1.5.0.202011040924/tools/bin/../lib/gcc/arm-none-eabi/7.3.1/../../../../arm-none-eabi/lib/thumb/v7e-m/fpv4-sp/hard\libc_nano.a(lib_a-localeconv.o)
                0x000000000800d868                _localeconv_r
 .text.malloc   0x000000000800d884       0x10 c:/st/stm32cubeide_1.4.0/stm32cubeide/plugins/com.st.stm32cube.ide.mcu.externaltools.gnu-tools-for-stm32.7-2018-q2-update.win32_1.5.0.202011040924/tools/bin/../lib/gcc/arm-none-eabi/7.3.1/../../../../arm-none-eabi/lib/thumb/v7e-m/fpv4-sp/hard\libc_nano.a(lib_a-malloc.o)
                0x000000000800d884                malloc
 .text._Balloc  0x000000000800d894       0x68 c:/st/stm32cubeide_1.4.0/stm32cubeide/plugins/com.st.stm32cube.ide.mcu.externaltools.gnu-tools-for-stm32.7-2018-q2-update.win32_1.5.0.202011040924/tools/bin/../lib/gcc/arm-none-eabi/7.3.1/../../../../arm-none-eabi/lib/thumb/v7e-m/fpv4-sp/hard\libc_nano.a(lib_a-mprec.o)
                0x000000000800d894                _Balloc
 .text._Bfree   0x000000000800d8fc       0x2e c:/st/stm32cubeide_1.4.0/stm32cubeide/plugins/com.st.stm32cube.ide.mcu.externaltools.gnu-tools-for-stm32.7-2018-q2-update.win32_1.5.0.202011040924/tools/bin/../lib/gcc/arm-none-eabi/7.3.1/../../../../arm-none-eabi/lib/thumb/v7e-m/fpv4-sp/hard\libc_nano.a(lib_a-mprec.o)
                0x000000000800d8fc                _Bfree
 .text.__multadd
                0x000000000800d92a       0x76 c:/st/stm32cubeide_1.4.0/stm32cubeide/plugins/com.st.stm32cube.ide.mcu.externaltools.gnu-tools-for-stm32.7-2018-q2-update.win32_1.5.0.202011040924/tools/bin/../lib/gcc/arm-none-eabi/7.3.1/../../../../arm-none-eabi/lib/thumb/v7e-m/fpv4-sp/hard\libc_nano.a(lib_a-mprec.o)
                0x000000000800d92a                __multadd
 .text.__hi0bits
                0x000000000800d9a0       0x3e c:/st/stm32cubeide_1.4.0/stm32cubeide/plugins/com.st.stm32cube.ide.mcu.externaltools.gnu-tools-for-stm32.7-2018-q2-update.win32_1.5.0.202011040924/tools/bin/../lib/gcc/arm-none-eabi/7.3.1/../../../../arm-none-eabi/lib/thumb/v7e-m/fpv4-sp/hard\libc_nano.a(lib_a-mprec.o)
                0x000000000800d9a0                __hi0bits
 .text.__lo0bits
                0x000000000800d9de       0x5e c:/st/stm32cubeide_1.4.0/stm32cubeide/plugins/com.st.stm32cube.ide.mcu.externaltools.gnu-tools-for-stm32.7-2018-q2-update.win32_1.5.0.202011040924/tools/bin/../lib/gcc/arm-none-eabi/7.3.1/../../../../arm-none-eabi/lib/thumb/v7e-m/fpv4-sp/hard\libc_nano.a(lib_a-mprec.o)
                0x000000000800d9de                __lo0bits
 .text.__i2b    0x000000000800da3c       0x12 c:/st/stm32cubeide_1.4.0/stm32cubeide/plugins/com.st.stm32cube.ide.mcu.externaltools.gnu-tools-for-stm32.7-2018-q2-update.win32_1.5.0.202011040924/tools/bin/../lib/gcc/arm-none-eabi/7.3.1/../../../../arm-none-eabi/lib/thumb/v7e-m/fpv4-sp/hard\libc_nano.a(lib_a-mprec.o)
                0x000000000800da3c                __i2b
 .text.__multiply
                0x000000000800da4e      0x12c c:/st/stm32cubeide_1.4.0/stm32cubeide/plugins/com.st.stm32cube.ide.mcu.externaltools.gnu-tools-for-stm32.7-2018-q2-update.win32_1.5.0.202011040924/tools/bin/../lib/gcc/arm-none-eabi/7.3.1/../../../../arm-none-eabi/lib/thumb/v7e-m/fpv4-sp/hard\libc_nano.a(lib_a-mprec.o)
                0x000000000800da4e                __multiply
 *fill*         0x000000000800db7a        0x2 
 .text.__pow5mult
                0x000000000800db7c       0x9c c:/st/stm32cubeide_1.4.0/stm32cubeide/plugins/com.st.stm32cube.ide.mcu.externaltools.gnu-tools-for-stm32.7-2018-q2-update.win32_1.5.0.202011040924/tools/bin/../lib/gcc/arm-none-eabi/7.3.1/../../../../arm-none-eabi/lib/thumb/v7e-m/fpv4-sp/hard\libc_nano.a(lib_a-mprec.o)
                0x000000000800db7c                __pow5mult
 .text.__lshift
                0x000000000800dc18       0xa8 c:/st/stm32cubeide_1.4.0/stm32cubeide/plugins/com.st.stm32cube.ide.mcu.externaltools.gnu-tools-for-stm32.7-2018-q2-update.win32_1.5.0.202011040924/tools/bin/../lib/gcc/arm-none-eabi/7.3.1/../../../../arm-none-eabi/lib/thumb/v7e-m/fpv4-sp/hard\libc_nano.a(lib_a-mprec.o)
                0x000000000800dc18                __lshift
 .text.__mcmp   0x000000000800dcc0       0x34 c:/st/stm32cubeide_1.4.0/stm32cubeide/plugins/com.st.stm32cube.ide.mcu.externaltools.gnu-tools-for-stm32.7-2018-q2-update.win32_1.5.0.202011040924/tools/bin/../lib/gcc/arm-none-eabi/7.3.1/../../../../arm-none-eabi/lib/thumb/v7e-m/fpv4-sp/hard\libc_nano.a(lib_a-mprec.o)
                0x000000000800dcc0                __mcmp
 .text.__mdiff  0x000000000800dcf4       0xba c:/st/stm32cubeide_1.4.0/stm32cubeide/plugins/com.st.stm32cube.ide.mcu.externaltools.gnu-tools-for-stm32.7-2018-q2-update.win32_1.5.0.202011040924/tools/bin/../lib/gcc/arm-none-eabi/7.3.1/../../../../arm-none-eabi/lib/thumb/v7e-m/fpv4-sp/hard\libc_nano.a(lib_a-mprec.o)
                0x000000000800dcf4                __mdiff
 .text.__d2b    0x000000000800ddae       0x9e c:/st/stm32cubeide_1.4.0/stm32cubeide/plugins/com.st.stm32cube.ide.mcu.externaltools.gnu-tools-for-stm32.7-2018-q2-update.win32_1.5.0.202011040924/tools/bin/../lib/gcc/arm-none-eabi/7.3.1/../../../../arm-none-eabi/lib/thumb/v7e-m/fpv4-sp/hard\libc_nano.a(lib_a-mprec.o)
                0x000000000800ddae                __d2b
 .text._calloc_r
                0x000000000800de4c       0x1c c:/st/stm32cubeide_1.4.0/stm32cubeide/plugins/com.st.stm32cube.ide.mcu.externaltools.gnu-tools-for-stm32.7-2018-q2-update.win32_1.5.0.202011040924/tools/bin/../lib/gcc/arm-none-eabi/7.3.1/../../../../arm-none-eabi/lib/thumb/v7e-m/fpv4-sp/hard\libc_nano.a(lib_a-nano-callocr.o)
                0x000000000800de4c                _calloc_r
 .text._malloc_r
                0x000000000800de68       0xb4 c:/st/stm32cubeide_1.4.0/stm32cubeide/plugins/com.st.stm32cube.ide.mcu.externaltools.gnu-tools-for-stm32.7-2018-q2-update.win32_1.5.0.202011040924/tools/bin/../lib/gcc/arm-none-eabi/7.3.1/../../../../arm-none-eabi/lib/thumb/v7e-m/fpv4-sp/hard\libc_nano.a(lib_a-nano-mallocr.o)
                0x000000000800de68                _malloc_r
 .text._sbrk_r  0x000000000800df1c       0x20 c:/st/stm32cubeide_1.4.0/stm32cubeide/plugins/com.st.stm32cube.ide.mcu.externaltools.gnu-tools-for-stm32.7-2018-q2-update.win32_1.5.0.202011040924/tools/bin/../lib/gcc/arm-none-eabi/7.3.1/../../../../arm-none-eabi/lib/thumb/v7e-m/fpv4-sp/hard\libc_nano.a(lib_a-sbrkr.o)
                0x000000000800df1c                _sbrk_r
 .text.__ascii_mbtowc
                0x000000000800df3c       0x24 c:/st/stm32cubeide_1.4.0/stm32cubeide/plugins/com.st.stm32cube.ide.mcu.externaltools.gnu-tools-for-stm32.7-2018-q2-update.win32_1.5.0.202011040924/tools/bin/../lib/gcc/arm-none-eabi/7.3.1/../../../../arm-none-eabi/lib/thumb/v7e-m/fpv4-sp/hard\libc_nano.a(lib_a-mbtowc_r.o)
                0x000000000800df3c                __ascii_mbtowc
 .text.__malloc_lock
                0x000000000800df60        0x2 c:/st/stm32cubeide_1.4.0/stm32cubeide/plugins/com.st.stm32cube.ide.mcu.externaltools.gnu-tools-for-stm32.7-2018-q2-update.win32_1.5.0.202011040924/tools/bin/../lib/gcc/arm-none-eabi/7.3.1/../../../../arm-none-eabi/lib/thumb/v7e-m/fpv4-sp/hard\libc_nano.a(lib_a-mlock.o)
                0x000000000800df60                __malloc_lock
 .text.__malloc_unlock
                0x000000000800df62        0x2 c:/st/stm32cubeide_1.4.0/stm32cubeide/plugins/com.st.stm32cube.ide.mcu.externaltools.gnu-tools-for-stm32.7-2018-q2-update.win32_1.5.0.202011040924/tools/bin/../lib/gcc/arm-none-eabi/7.3.1/../../../../arm-none-eabi/lib/thumb/v7e-m/fpv4-sp/hard\libc_nano.a(lib_a-mlock.o)
                0x000000000800df62                __malloc_unlock
 .text.__ascii_wctomb
                0x000000000800df64       0x1a c:/st/stm32cubeide_1.4.0/stm32cubeide/plugins/com.st.stm32cube.ide.mcu.externaltools.gnu-tools-for-stm32.7-2018-q2-update.win32_1.5.0.202011040924/tools/bin/../lib/gcc/arm-none-eabi/7.3.1/../../../../arm-none-eabi/lib/thumb/v7e-m/fpv4-sp/hard\libc_nano.a(lib_a-wctomb_r.o)
                0x000000000800df64                __ascii_wctomb
 .text.atan2    0x000000000800df7e        0x4 c:/st/stm32cubeide_1.4.0/stm32cubeide/plugins/com.st.stm32cube.ide.mcu.externaltools.gnu-tools-for-stm32.7-2018-q2-update.win32_1.5.0.202011040924/tools/bin/../lib/gcc/arm-none-eabi/7.3.1/../../../../arm-none-eabi/lib/thumb/v7e-m/fpv4-sp/hard\libm.a(lib_a-w_atan2.o)
                0x000000000800df7e                atan2
 *fill*         0x000000000800df82        0x6 
 .text.__ieee754_atan2
                0x000000000800df88      0x1bc c:/st/stm32cubeide_1.4.0/stm32cubeide/plugins/com.st.stm32cube.ide.mcu.externaltools.gnu-tools-for-stm32.7-2018-q2-update.win32_1.5.0.202011040924/tools/bin/../lib/gcc/arm-none-eabi/7.3.1/../../../../arm-none-eabi/lib/thumb/v7e-m/fpv4-sp/hard\libm.a(lib_a-e_atan2.o)
                0x000000000800df88                __ieee754_atan2
 *fill*         0x000000000800e144        0x4 
 .text.atan     0x000000000800e148      0x340 c:/st/stm32cubeide_1.4.0/stm32cubeide/plugins/com.st.stm32cube.ide.mcu.externaltools.gnu-tools-for-stm32.7-2018-q2-update.win32_1.5.0.202011040924/tools/bin/../lib/gcc/arm-none-eabi/7.3.1/../../../../arm-none-eabi/lib/thumb/v7e-m/fpv4-sp/hard\libm.a(lib_a-s_atan.o)
                0x000000000800e148                atan
 .text.fabs     0x000000000800e488       0x12 c:/st/stm32cubeide_1.4.0/stm32cubeide/plugins/com.st.stm32cube.ide.mcu.externaltools.gnu-tools-for-stm32.7-2018-q2-update.win32_1.5.0.202011040924/tools/bin/../lib/gcc/arm-none-eabi/7.3.1/../../../../arm-none-eabi/lib/thumb/v7e-m/fpv4-sp/hard\libm.a(lib_a-s_fabs.o)
                0x000000000800e488                fabs
 *(.glue_7)
 .glue_7        0x000000000800e49a        0x0 linker stubs
 *(.glue_7t)
 .glue_7t       0x000000000800e49a        0x0 linker stubs
 *(.eh_frame)
 *fill*         0x000000000800e49a        0x2 
 .eh_frame      0x000000000800e49c        0x0 c:/st/stm32cubeide_1.4.0/stm32cubeide/plugins/com.st.stm32cube.ide.mcu.externaltools.gnu-tools-for-stm32.7-2018-q2-update.win32_1.5.0.202011040924/tools/bin/../lib/gcc/arm-none-eabi/7.3.1/thumb/v7e-m/fpv4-sp/hard/crtbegin.o
 *(.init)
 .init          0x000000000800e49c        0x4 c:/st/stm32cubeide_1.4.0/stm32cubeide/plugins/com.st.stm32cube.ide.mcu.externaltools.gnu-tools-for-stm32.7-2018-q2-update.win32_1.5.0.202011040924/tools/bin/../lib/gcc/arm-none-eabi/7.3.1/thumb/v7e-m/fpv4-sp/hard/crti.o
                0x000000000800e49c                _init
 .init          0x000000000800e4a0        0x8 c:/st/stm32cubeide_1.4.0/stm32cubeide/plugins/com.st.stm32cube.ide.mcu.externaltools.gnu-tools-for-stm32.7-2018-q2-update.win32_1.5.0.202011040924/tools/bin/../lib/gcc/arm-none-eabi/7.3.1/thumb/v7e-m/fpv4-sp/hard/crtn.o
 *(.fini)
 .fini          0x000000000800e4a8        0x4 c:/st/stm32cubeide_1.4.0/stm32cubeide/plugins/com.st.stm32cube.ide.mcu.externaltools.gnu-tools-for-stm32.7-2018-q2-update.win32_1.5.0.202011040924/tools/bin/../lib/gcc/arm-none-eabi/7.3.1/thumb/v7e-m/fpv4-sp/hard/crti.o
                0x000000000800e4a8                _fini
 .fini          0x000000000800e4ac        0x8 c:/st/stm32cubeide_1.4.0/stm32cubeide/plugins/com.st.stm32cube.ide.mcu.externaltools.gnu-tools-for-stm32.7-2018-q2-update.win32_1.5.0.202011040924/tools/bin/../lib/gcc/arm-none-eabi/7.3.1/thumb/v7e-m/fpv4-sp/hard/crtn.o
                0x000000000800e4b4                . = ALIGN (0x4)
                0x000000000800e4b4                _etext = .

.vfp11_veneer   0x000000000800e4b4        0x0
 .vfp11_veneer  0x000000000800e4b4        0x0 linker stubs

.v4_bx          0x000000000800e4b4        0x0
 .v4_bx         0x000000000800e4b4        0x0 linker stubs

.iplt           0x000000000800e4b4        0x0
 .iplt          0x000000000800e4b4        0x0 c:/st/stm32cubeide_1.4.0/stm32cubeide/plugins/com.st.stm32cube.ide.mcu.externaltools.gnu-tools-for-stm32.7-2018-q2-update.win32_1.5.0.202011040924/tools/bin/../lib/gcc/arm-none-eabi/7.3.1/thumb/v7e-m/fpv4-sp/hard/crtbegin.o

.rodata         0x000000000800e4b8      0x588
                0x000000000800e4b8                . = ALIGN (0x4)
 *(.rodata)
 .rodata        0x000000000800e4b8      0x168 Core/Src/freertos.o
 .rodata        0x000000000800e620       0x18 Core/Src/printf.o
 .rodata        0x000000000800e638        0x5 Middlewares/Third_Party/FreeRTOS/Source/tasks.o
 *fill*         0x000000000800e63d        0x3 
 .rodata        0x000000000800e640        0xd Middlewares/Third_Party/FreeRTOS/Source/timers.o
 *(.rodata*)
 *fill*         0x000000000800e64d        0x3 
 .rodata.Heartbeat_attributes
                0x000000000800e650       0x24 Core/Src/freertos.o
                0x000000000800e650                Heartbeat_attributes
 .rodata.IMU_Task_attributes
                0x000000000800e674       0x24 Core/Src/freertos.o
                0x000000000800e674                IMU_Task_attributes
 .rodata.PIDTask_attributes
                0x000000000800e698       0x24 Core/Src/freertos.o
                0x000000000800e698                PIDTask_attributes
 .rodata.StepperMotorsTa_attributes
                0x000000000800e6bc       0x24 Core/Src/freertos.o
                0x000000000800e6bc                StepperMotorsTa_attributes
 .rodata.QueueInputPID_attributes
                0x000000000800e6e0       0x18 Core/Src/freertos.o
                0x000000000800e6e0                QueueInputPID_attributes
 .rodata.QueueOutputPID_attributes
                0x000000000800e6f8       0x18 Core/Src/freertos.o
                0x000000000800e6f8                QueueOutputPID_attributes
 .rodata.TimerPID_attributes
                0x000000000800e710       0x10 Core/Src/freertos.o
                0x000000000800e710                TimerPID_attributes
 .rodata.MutexI2C_attributes
                0x000000000800e720       0x10 Core/Src/freertos.o
                0x000000000800e720                MutexI2C_attributes
 .rodata.MutexUARTputchar_attributes
                0x000000000800e730       0x10 Core/Src/freertos.o
                0x000000000800e730                MutexUARTputchar_attributes
 .rodata.MutexMotors_attributes
                0x000000000800e740       0x10 Core/Src/freertos.o
                0x000000000800e740                MutexMotors_attributes
 .rodata.SemaphoreLSM6_DataReady_attributes
                0x000000000800e750       0x10 Core/Src/freertos.o
                0x000000000800e750                SemaphoreLSM6_DataReady_attributes
 .rodata.SemaphorePIDCompute_attributes
                0x000000000800e760       0x10 Core/Src/freertos.o
                0x000000000800e760                SemaphorePIDCompute_attributes
 .rodata.pow10.5604
                0x000000000800e770       0x50 Core/Src/printf.o
 .rodata.AHBPrescTable
                0x000000000800e7c0       0x10 Core/Src/system_stm32f4xx.o
                0x000000000800e7c0                AHBPrescTable
 .rodata.APBPrescTable
                0x000000000800e7d0        0x8 Core/Src/system_stm32f4xx.o
                0x000000000800e7d0                APBPrescTable
 .rodata._printf_float.str1.1
                0x000000000800e7d8       0x12 c:/st/stm32cubeide_1.4.0/stm32cubeide/plugins/com.st.stm32cube.ide.mcu.externaltools.gnu-tools-for-stm32.7-2018-q2-update.win32_1.5.0.202011040924/tools/bin/../lib/gcc/arm-none-eabi/7.3.1/../../../../arm-none-eabi/lib/thumb/v7e-m/fpv4-sp/hard\libc_nano.a(lib_a-nano-vfprintf_float.o)
 .rodata._dtoa_r.str1.1
                0x000000000800e7ea        0xd c:/st/stm32cubeide_1.4.0/stm32cubeide/plugins/com.st.stm32cube.ide.mcu.externaltools.gnu-tools-for-stm32.7-2018-q2-update.win32_1.5.0.202011040924/tools/bin/../lib/gcc/arm-none-eabi/7.3.1/../../../../arm-none-eabi/lib/thumb/v7e-m/fpv4-sp/hard\libc_nano.a(lib_a-dtoa.o)
                                          0xf (size before relaxing)
 *fill*         0x000000000800e7f7        0x1 
 .rodata.__mprec_bigtens
                0x000000000800e7f8       0x28 c:/st/stm32cubeide_1.4.0/stm32cubeide/plugins/com.st.stm32cube.ide.mcu.externaltools.gnu-tools-for-stm32.7-2018-q2-update.win32_1.5.0.202011040924/tools/bin/../lib/gcc/arm-none-eabi/7.3.1/../../../../arm-none-eabi/lib/thumb/v7e-m/fpv4-sp/hard\libc_nano.a(lib_a-mprec.o)
                0x000000000800e7f8                __mprec_bigtens
 .rodata.__mprec_tens
                0x000000000800e820       0xc8 c:/st/stm32cubeide_1.4.0/stm32cubeide/plugins/com.st.stm32cube.ide.mcu.externaltools.gnu-tools-for-stm32.7-2018-q2-update.win32_1.5.0.202011040924/tools/bin/../lib/gcc/arm-none-eabi/7.3.1/../../../../arm-none-eabi/lib/thumb/v7e-m/fpv4-sp/hard\libc_nano.a(lib_a-mprec.o)
                0x000000000800e820                __mprec_tens
 .rodata.p05.7359
                0x000000000800e8e8        0xc c:/st/stm32cubeide_1.4.0/stm32cubeide/plugins/com.st.stm32cube.ide.mcu.externaltools.gnu-tools-for-stm32.7-2018-q2-update.win32_1.5.0.202011040924/tools/bin/../lib/gcc/arm-none-eabi/7.3.1/../../../../arm-none-eabi/lib/thumb/v7e-m/fpv4-sp/hard\libc_nano.a(lib_a-mprec.o)
 .rodata._setlocale_r.str1.1
                0x000000000800e8f4        0x8 c:/st/stm32cubeide_1.4.0/stm32cubeide/plugins/com.st.stm32cube.ide.mcu.externaltools.gnu-tools-for-stm32.7-2018-q2-update.win32_1.5.0.202011040924/tools/bin/../lib/gcc/arm-none-eabi/7.3.1/../../../../arm-none-eabi/lib/thumb/v7e-m/fpv4-sp/hard\libc_nano.a(lib_a-locale.o)
                                          0x9 (size before relaxing)
 .rodata.str1.1
                0x000000000800e8fc        0x2 c:/st/stm32cubeide_1.4.0/stm32cubeide/plugins/com.st.stm32cube.ide.mcu.externaltools.gnu-tools-for-stm32.7-2018-q2-update.win32_1.5.0.202011040924/tools/bin/../lib/gcc/arm-none-eabi/7.3.1/../../../../arm-none-eabi/lib/thumb/v7e-m/fpv4-sp/hard\libc_nano.a(lib_a-locale.o)
 .rodata._ctype_
                0x000000000800e8fe      0x101 c:/st/stm32cubeide_1.4.0/stm32cubeide/plugins/com.st.stm32cube.ide.mcu.externaltools.gnu-tools-for-stm32.7-2018-q2-update.win32_1.5.0.202011040924/tools/bin/../lib/gcc/arm-none-eabi/7.3.1/../../../../arm-none-eabi/lib/thumb/v7e-m/fpv4-sp/hard\libc_nano.a(lib_a-ctype_.o)
                0x000000000800e8fe                _ctype_
 *fill*         0x000000000800e9ff        0x1 
 .rodata.atanhi
                0x000000000800ea00       0x20 c:/st/stm32cubeide_1.4.0/stm32cubeide/plugins/com.st.stm32cube.ide.mcu.externaltools.gnu-tools-for-stm32.7-2018-q2-update.win32_1.5.0.202011040924/tools/bin/../lib/gcc/arm-none-eabi/7.3.1/../../../../arm-none-eabi/lib/thumb/v7e-m/fpv4-sp/hard\libm.a(lib_a-s_atan.o)
 .rodata.atanlo
                0x000000000800ea20       0x20 c:/st/stm32cubeide_1.4.0/stm32cubeide/plugins/com.st.stm32cube.ide.mcu.externaltools.gnu-tools-for-stm32.7-2018-q2-update.win32_1.5.0.202011040924/tools/bin/../lib/gcc/arm-none-eabi/7.3.1/../../../../arm-none-eabi/lib/thumb/v7e-m/fpv4-sp/hard\libm.a(lib_a-s_atan.o)
                0x000000000800ea40                . = ALIGN (0x4)

.ARM.extab      0x000000000800ea40        0x0
                0x000000000800ea40                . = ALIGN (0x4)
 *(.ARM.extab* .gnu.linkonce.armextab.*)
                0x000000000800ea40                . = ALIGN (0x4)

.ARM            0x000000000800ea40        0x8
                0x000000000800ea40                . = ALIGN (0x4)
                0x000000000800ea40                __exidx_start = .
 *(.ARM.exidx*)
 .ARM.exidx     0x000000000800ea40        0x8 c:/st/stm32cubeide_1.4.0/stm32cubeide/plugins/com.st.stm32cube.ide.mcu.externaltools.gnu-tools-for-stm32.7-2018-q2-update.win32_1.5.0.202011040924/tools/bin/../lib/gcc/arm-none-eabi/7.3.1/thumb/v7e-m/fpv4-sp/hard\libgcc.a(_udivmoddi4.o)
                0x000000000800ea48                __exidx_end = .
                0x000000000800ea48                . = ALIGN (0x4)

.rel.dyn        0x000000000800ea48        0x0
 .rel.iplt      0x000000000800ea48        0x0 c:/st/stm32cubeide_1.4.0/stm32cubeide/plugins/com.st.stm32cube.ide.mcu.externaltools.gnu-tools-for-stm32.7-2018-q2-update.win32_1.5.0.202011040924/tools/bin/../lib/gcc/arm-none-eabi/7.3.1/thumb/v7e-m/fpv4-sp/hard/crtbegin.o

.preinit_array  0x000000000800ea48        0x0
                0x000000000800ea48                . = ALIGN (0x4)
                0x000000000800ea48                PROVIDE (__preinit_array_start = .)
 *(.preinit_array*)
                0x000000000800ea48                PROVIDE (__preinit_array_end = .)
                0x000000000800ea48                . = ALIGN (0x4)

.init_array     0x000000000800ea48        0x4
                0x000000000800ea48                . = ALIGN (0x4)
                0x000000000800ea48                PROVIDE (__init_array_start = .)
 *(SORT_BY_NAME(.init_array.*))
 *(.init_array*)
 .init_array    0x000000000800ea48        0x4 c:/st/stm32cubeide_1.4.0/stm32cubeide/plugins/com.st.stm32cube.ide.mcu.externaltools.gnu-tools-for-stm32.7-2018-q2-update.win32_1.5.0.202011040924/tools/bin/../lib/gcc/arm-none-eabi/7.3.1/thumb/v7e-m/fpv4-sp/hard/crtbegin.o
                0x000000000800ea4c                PROVIDE (__init_array_end = .)
                0x000000000800ea4c                . = ALIGN (0x4)

.fini_array     0x000000000800ea4c        0x4
                0x000000000800ea4c                . = ALIGN (0x4)
                [!provide]                        PROVIDE (__fini_array_start = .)
 *(SORT_BY_NAME(.fini_array.*))
 *(.fini_array*)
 .fini_array    0x000000000800ea4c        0x4 c:/st/stm32cubeide_1.4.0/stm32cubeide/plugins/com.st.stm32cube.ide.mcu.externaltools.gnu-tools-for-stm32.7-2018-q2-update.win32_1.5.0.202011040924/tools/bin/../lib/gcc/arm-none-eabi/7.3.1/thumb/v7e-m/fpv4-sp/hard/crtbegin.o
                [!provide]                        PROVIDE (__fini_array_end = .)
                0x000000000800ea50                . = ALIGN (0x4)
                0x000000000800ea50                _sidata = LOADADDR (.data)

.data           0x0000000020000000      0x1e0 load address 0x000000000800ea50
                0x0000000020000000                . = ALIGN (0x4)
                0x0000000020000000                _sdata = .
 *(.data)
 *(.data*)
 .data.SystemCoreClock
                0x0000000020000000        0x4 Core/Src/system_stm32f4xx.o
                0x0000000020000000                SystemCoreClock
 .data.uwTickPrio
                0x0000000020000004        0x4 Drivers/STM32F4xx_HAL_Driver/Src/stm32f4xx_hal.o
                0x0000000020000004                uwTickPrio
 .data.uwTickFreq
                0x0000000020000008        0x1 Drivers/STM32F4xx_HAL_Driver/Src/stm32f4xx_hal.o
                0x0000000020000008                uwTickFreq
 *fill*         0x0000000020000009        0x3 
 .data.uxCriticalNesting
                0x000000002000000c        0x4 Middlewares/Third_Party/FreeRTOS/Source/portable/GCC/ARM_CM4F/port.o
 .data._impure_ptr
                0x0000000020000010        0x4 c:/st/stm32cubeide_1.4.0/stm32cubeide/plugins/com.st.stm32cube.ide.mcu.externaltools.gnu-tools-for-stm32.7-2018-q2-update.win32_1.5.0.202011040924/tools/bin/../lib/gcc/arm-none-eabi/7.3.1/../../../../arm-none-eabi/lib/thumb/v7e-m/fpv4-sp/hard\libc_nano.a(lib_a-impure.o)
                0x0000000020000010                _impure_ptr
 .data.impure_data
                0x0000000020000014       0x60 c:/st/stm32cubeide_1.4.0/stm32cubeide/plugins/com.st.stm32cube.ide.mcu.externaltools.gnu-tools-for-stm32.7-2018-q2-update.win32_1.5.0.202011040924/tools/bin/../lib/gcc/arm-none-eabi/7.3.1/../../../../arm-none-eabi/lib/thumb/v7e-m/fpv4-sp/hard\libc_nano.a(lib_a-impure.o)
 .data.__global_locale
                0x0000000020000074      0x16c c:/st/stm32cubeide_1.4.0/stm32cubeide/plugins/com.st.stm32cube.ide.mcu.externaltools.gnu-tools-for-stm32.7-2018-q2-update.win32_1.5.0.202011040924/tools/bin/../lib/gcc/arm-none-eabi/7.3.1/../../../../arm-none-eabi/lib/thumb/v7e-m/fpv4-sp/hard\libc_nano.a(lib_a-locale.o)
                0x0000000020000074                __global_locale
 *(.RamFunc)
 *(.RamFunc*)
                0x00000000200001e0                . = ALIGN (0x4)
                0x00000000200001e0                _edata = .

.igot.plt       0x00000000200001e0        0x0 load address 0x000000000800ec30
 .igot.plt      0x00000000200001e0        0x0 c:/st/stm32cubeide_1.4.0/stm32cubeide/plugins/com.st.stm32cube.ide.mcu.externaltools.gnu-tools-for-stm32.7-2018-q2-update.win32_1.5.0.202011040924/tools/bin/../lib/gcc/arm-none-eabi/7.3.1/thumb/v7e-m/fpv4-sp/hard/crtbegin.o
                0x00000000200001e0                . = ALIGN (0x4)

.bss            0x00000000200001e0     0x4b10 load address 0x000000000800ec30
                0x00000000200001e0                _sbss = .
                0x00000000200001e0                __bss_start__ = _sbss
 *(.bss)
 .bss           0x00000000200001e0       0x1c c:/st/stm32cubeide_1.4.0/stm32cubeide/plugins/com.st.stm32cube.ide.mcu.externaltools.gnu-tools-for-stm32.7-2018-q2-update.win32_1.5.0.202011040924/tools/bin/../lib/gcc/arm-none-eabi/7.3.1/thumb/v7e-m/fpv4-sp/hard/crtbegin.o
 *(.bss*)
 .bss.__sbrk_heap_end
                0x00000000200001fc        0x4 Core/Src/sysmem.o
 .bss.KernelState
                0x0000000020000200        0x4 Middlewares/Third_Party/FreeRTOS/Source/CMSIS_RTOS_V2/cmsis_os2.o
 .bss.Idle_TCB  0x0000000020000204       0x5c Middlewares/Third_Party/FreeRTOS/Source/CMSIS_RTOS_V2/cmsis_os2.o
 .bss.Idle_Stack
                0x0000000020000260      0x200 Middlewares/Third_Party/FreeRTOS/Source/CMSIS_RTOS_V2/cmsis_os2.o
 .bss.Timer_TCB
                0x0000000020000460       0x5c Middlewares/Third_Party/FreeRTOS/Source/CMSIS_RTOS_V2/cmsis_os2.o
 .bss.Timer_Stack
                0x00000000200004bc      0x400 Middlewares/Third_Party/FreeRTOS/Source/CMSIS_RTOS_V2/cmsis_os2.o
 .bss.pxCurrentTCB
                0x00000000200008bc        0x4 Middlewares/Third_Party/FreeRTOS/Source/tasks.o
                0x00000000200008bc                pxCurrentTCB
 .bss.pxReadyTasksLists
                0x00000000200008c0      0x460 Middlewares/Third_Party/FreeRTOS/Source/tasks.o
 .bss.xDelayedTaskList1
                0x0000000020000d20       0x14 Middlewares/Third_Party/FreeRTOS/Source/tasks.o
 .bss.xDelayedTaskList2
                0x0000000020000d34       0x14 Middlewares/Third_Party/FreeRTOS/Source/tasks.o
 .bss.pxDelayedTaskList
                0x0000000020000d48        0x4 Middlewares/Third_Party/FreeRTOS/Source/tasks.o
 .bss.pxOverflowDelayedTaskList
                0x0000000020000d4c        0x4 Middlewares/Third_Party/FreeRTOS/Source/tasks.o
 .bss.xPendingReadyList
                0x0000000020000d50       0x14 Middlewares/Third_Party/FreeRTOS/Source/tasks.o
 .bss.xTasksWaitingTermination
                0x0000000020000d64       0x14 Middlewares/Third_Party/FreeRTOS/Source/tasks.o
 .bss.uxDeletedTasksWaitingCleanUp
                0x0000000020000d78        0x4 Middlewares/Third_Party/FreeRTOS/Source/tasks.o
 .bss.xSuspendedTaskList
                0x0000000020000d7c       0x14 Middlewares/Third_Party/FreeRTOS/Source/tasks.o
 .bss.uxCurrentNumberOfTasks
                0x0000000020000d90        0x4 Middlewares/Third_Party/FreeRTOS/Source/tasks.o
 .bss.xTickCount
                0x0000000020000d94        0x4 Middlewares/Third_Party/FreeRTOS/Source/tasks.o
 .bss.uxTopReadyPriority
                0x0000000020000d98        0x4 Middlewares/Third_Party/FreeRTOS/Source/tasks.o
 .bss.xSchedulerRunning
                0x0000000020000d9c        0x4 Middlewares/Third_Party/FreeRTOS/Source/tasks.o
 .bss.uxPendedTicks
                0x0000000020000da0        0x4 Middlewares/Third_Party/FreeRTOS/Source/tasks.o
 .bss.xYieldPending
                0x0000000020000da4        0x4 Middlewares/Third_Party/FreeRTOS/Source/tasks.o
 .bss.xNumOfOverflows
                0x0000000020000da8        0x4 Middlewares/Third_Party/FreeRTOS/Source/tasks.o
 .bss.uxTaskNumber
                0x0000000020000dac        0x4 Middlewares/Third_Party/FreeRTOS/Source/tasks.o
 .bss.xNextTaskUnblockTime
                0x0000000020000db0        0x4 Middlewares/Third_Party/FreeRTOS/Source/tasks.o
 .bss.xIdleTaskHandle
                0x0000000020000db4        0x4 Middlewares/Third_Party/FreeRTOS/Source/tasks.o
 .bss.uxSchedulerSuspended
                0x0000000020000db8        0x4 Middlewares/Third_Party/FreeRTOS/Source/tasks.o
 .bss.xActiveTimerList1
                0x0000000020000dbc       0x14 Middlewares/Third_Party/FreeRTOS/Source/timers.o
 .bss.xActiveTimerList2
                0x0000000020000dd0       0x14 Middlewares/Third_Party/FreeRTOS/Source/timers.o
 .bss.pxCurrentTimerList
                0x0000000020000de4        0x4 Middlewares/Third_Party/FreeRTOS/Source/timers.o
 .bss.pxOverflowTimerList
                0x0000000020000de8        0x4 Middlewares/Third_Party/FreeRTOS/Source/timers.o
 .bss.xTimerQueue
                0x0000000020000dec        0x4 Middlewares/Third_Party/FreeRTOS/Source/timers.o
 .bss.xTimerTaskHandle
                0x0000000020000df0        0x4 Middlewares/Third_Party/FreeRTOS/Source/timers.o
 .bss.xLastTime.6741
                0x0000000020000df4        0x4 Middlewares/Third_Party/FreeRTOS/Source/timers.o
 .bss.ucStaticTimerQueueStorage.6792
                0x0000000020000df8       0xa0 Middlewares/Third_Party/FreeRTOS/Source/timers.o
 .bss.xStaticTimerQueue.6791
                0x0000000020000e98       0x50 Middlewares/Third_Party/FreeRTOS/Source/timers.o
 .bss.ucMaxSysCallPriority
                0x0000000020000ee8        0x1 Middlewares/Third_Party/FreeRTOS/Source/portable/GCC/ARM_CM4F/port.o
 *fill*         0x0000000020000ee9        0x3 
 .bss.ulMaxPRIGROUPValue
                0x0000000020000eec        0x4 Middlewares/Third_Party/FreeRTOS/Source/portable/GCC/ARM_CM4F/port.o
 .bss.ucHeap    0x0000000020000ef0     0x3c00 Middlewares/Third_Party/FreeRTOS/Source/portable/MemMang/heap_4.o
 .bss.xStart    0x0000000020004af0        0x8 Middlewares/Third_Party/FreeRTOS/Source/portable/MemMang/heap_4.o
 .bss.pxEnd     0x0000000020004af8        0x4 Middlewares/Third_Party/FreeRTOS/Source/portable/MemMang/heap_4.o
 .bss.xFreeBytesRemaining
                0x0000000020004afc        0x4 Middlewares/Third_Party/FreeRTOS/Source/portable/MemMang/heap_4.o
 .bss.xMinimumEverFreeBytesRemaining
                0x0000000020004b00        0x4 Middlewares/Third_Party/FreeRTOS/Source/portable/MemMang/heap_4.o
 .bss.xBlockAllocatedBit
                0x0000000020004b04        0x4 Middlewares/Third_Party/FreeRTOS/Source/portable/MemMang/heap_4.o
 .bss.__malloc_free_list