Archive member included to satisfy reference by file (symbol)

c:/st/stm32cubeide_1.4.0/stm32cubeide/plugins/com.st.stm32cube.ide.mcu.externaltools.gnu-tools-for-stm32.10.3-2021.10.win32_1.0.0.202111181127/tools/bin/../lib/gcc/arm-none-eabi/10.3.1/../../../../arm-none-eabi/lib/thumb/v7e-m+fp/hard\libc_nano.a(lib_a-atof.o)
                              ./Core/Src/parser.o (atof)
c:/st/stm32cubeide_1.4.0/stm32cubeide/plugins/com.st.stm32cube.ide.mcu.externaltools.gnu-tools-for-stm32.10.3-2021.10.win32_1.0.0.202111181127/tools/bin/../lib/gcc/arm-none-eabi/10.3.1/../../../../arm-none-eabi/lib/thumb/v7e-m+fp/hard\libc_nano.a(lib_a-atoi.o)
                              ./Core/Src/parser.o (atoi)
c:/st/stm32cubeide_1.4.0/stm32cubeide/plugins/com.st.stm32cube.ide.mcu.externaltools.gnu-tools-for-stm32.10.3-2021.10.win32_1.0.0.202111181127/tools/bin/../lib/gcc/arm-none-eabi/10.3.1/../../../../arm-none-eabi/lib/thumb/v7e-m+fp/hard\libc_nano.a(lib_a-errno.o)
                              ./Core/Src/syscalls.o (__errno)
c:/st/stm32cubeide_1.4.0/stm32cubeide/plugins/com.st.stm32cube.ide.mcu.externaltools.gnu-tools-for-stm32.10.3-2021.10.win32_1.0.0.202111181127/tools/bin/../lib/gcc/arm-none-eabi/10.3.1/../../../../arm-none-eabi/lib/thumb/v7e-m+fp/hard\libc_nano.a(lib_a-exit.o)
                              c:/st/stm32cubeide_1.4.0/stm32cubeide/plugins/com.st.stm32cube.ide.mcu.externaltools.gnu-tools-for-stm32.10.3-2021.10.win32_1.0.0.202111181127/tools/bin/../lib/gcc/arm-none-eabi/10.3.1/../../../../arm-none-eabi/lib/thumb/v7e-m+fp/hard/crt0.o (exit)
c:/st/stm32cubeide_1.4.0/stm32cubeide/plugins/com.st.stm32cube.ide.mcu.externaltools.gnu-tools-for-stm32.10.3-2021.10.win32_1.0.0.202111181127/tools/bin/../lib/gcc/arm-none-eabi/10.3.1/../../../../arm-none-eabi/lib/thumb/v7e-m+fp/hard\libc_nano.a(lib_a-findfp.o)
                              ./Middlewares/Third_Party/FreeRTOS/Source/tasks.o (__sf_fake_stderr)
c:/st/stm32cubeide_1.4.0/stm32cubeide/plugins/com.st.stm32cube.ide.mcu.externaltools.gnu-tools-for-stm32.10.3-2021.10.win32_1.0.0.202111181127/tools/bin/../lib/gcc/arm-none-eabi/10.3.1/../../../../arm-none-eabi/lib/thumb/v7e-m+fp/hard\libc_nano.a(lib_a-fwalk.o)
                              c:/st/stm32cubeide_1.4.0/stm32cubeide/plugins/com.st.stm32cube.ide.mcu.externaltools.gnu-tools-for-stm32.10.3-2021.10.win32_1.0.0.202111181127/tools/bin/../lib/gcc/arm-none-eabi/10.3.1/../../../../arm-none-eabi/lib/thumb/v7e-m+fp/hard\libc_nano.a(lib_a-findfp.o) (_fwalk)
c:/st/stm32cubeide_1.4.0/stm32cubeide/plugins/com.st.stm32cube.ide.mcu.externaltools.gnu-tools-for-stm32.10.3-2021.10.win32_1.0.0.202111181127/tools/bin/../lib/gcc/arm-none-eabi/10.3.1/../../../../arm-none-eabi/lib/thumb/v7e-m+fp/hard\libc_nano.a(lib_a-impure.o)
                              c:/st/stm32cubeide_1.4.0/stm32cubeide/plugins/com.st.stm32cube.ide.mcu.externaltools.gnu-tools-for-stm32.10.3-2021.10.win32_1.0.0.202111181127/tools/bin/../lib/gcc/arm-none-eabi/10.3.1/../../../../arm-none-eabi/lib/thumb/v7e-m+fp/hard\libc_nano.a(lib_a-exit.o) (_global_impure_ptr)
c:/st/stm32cubeide_1.4.0/stm32cubeide/plugins/com.st.stm32cube.ide.mcu.externaltools.gnu-tools-for-stm32.10.3-2021.10.win32_1.0.0.202111181127/tools/bin/../lib/gcc/arm-none-eabi/10.3.1/../../../../arm-none-eabi/lib/thumb/v7e-m+fp/hard\libc_nano.a(lib_a-init.o)
                              c:/st/stm32cubeide_1.4.0/stm32cubeide/plugins/com.st.stm32cube.ide.mcu.externaltools.gnu-tools-for-stm32.10.3-2021.10.win32_1.0.0.202111181127/tools/bin/../lib/gcc/arm-none-eabi/10.3.1/../../../../arm-none-eabi/lib/thumb/v7e-m+fp/hard/crt0.o (__libc_init_array)
c:/st/stm32cubeide_1.4.0/stm32cubeide/plugins/com.st.stm32cube.ide.mcu.externaltools.gnu-tools-for-stm32.10.3-2021.10.win32_1.0.0.202111181127/tools/bin/../lib/gcc/arm-none-eabi/10.3.1/../../../../arm-none-eabi/lib/thumb/v7e-m+fp/hard\libc_nano.a(lib_a-lock.o)
                              c:/st/stm32cubeide_1.4.0/stm32cubeide/plugins/com.st.stm32cube.ide.mcu.externaltools.gnu-tools-for-stm32.10.3-2021.10.win32_1.0.0.202111181127/tools/bin/../lib/gcc/arm-none-eabi/10.3.1/../../../../arm-none-eabi/lib/thumb/v7e-m+fp/hard\libc_nano.a(lib_a-findfp.o) (__retarget_lock_init_recursive)
c:/st/stm32cubeide_1.4.0/stm32cubeide/plugins/com.st.stm32cube.ide.mcu.externaltools.gnu-tools-for-stm32.10.3-2021.10.win32_1.0.0.202111181127/tools/bin/../lib/gcc/arm-none-eabi/10.3.1/../../../../arm-none-eabi/lib/thumb/v7e-m+fp/hard\libc_nano.a(lib_a-memcpy-stub.o)
                              ./Middlewares/Third_Party/FreeRTOS/Source/CMSIS_RTOS_V2/cmsis_os2.o (memcpy)
c:/st/stm32cubeide_1.4.0/stm32cubeide/plugins/com.st.stm32cube.ide.mcu.externaltools.gnu-tools-for-stm32.10.3-2021.10.win32_1.0.0.202111181127/tools/bin/../lib/gcc/arm-none-eabi/10.3.1/../../../../arm-none-eabi/lib/thumb/v7e-m+fp/hard\libc_nano.a(lib_a-memset.o)
[...]
Memory Configuration

Name             Origin             Length             Attributes
RAM              0x0000000020000000 0x0000000000020000 xrw
FLASH            0x0000000008000000 0x0000000000080000 xr
*default*        0x0000000000000000 0xffffffffffffffff

Linker script and memory map

LOAD c:/st/stm32cubeide_1.4.0/stm32cubeide/plugins/com.st.stm32cube.ide.mcu.externaltools.gnu-tools-for-stm32.10.3-2021.10.win32_1.0.0.202111181127/tools/bin/../lib/gcc/arm-none-eabi/10.3.1/thumb/v7e-m+fp/hard/crti.o
LOAD c:/st/stm32cubeide_1.4.0/stm32cubeide/plugins/com.st.stm32cube.ide.mcu.externaltools.gnu-tools-for-stm32.10.3-2021.10.win32_1.0.0.202111181127/tools/bin/../lib/gcc/arm-none-eabi/10.3.1/thumb/v7e-m+fp/hard/crtbegin.o
LOAD c:/st/stm32cubeide_1.4.0/stm32cubeide/plugins/com.st.stm32cube.ide.mcu.externaltools.gnu-tools-for-stm32.10.3-2021.10.win32_1.0.0.202111181127/tools/bin/../lib/gcc/arm-none-eabi/10.3.1/../../../../arm-none-eabi/lib/thumb/v7e-m+fp/hard/crt0.o
LOAD ./Core/Src/DRV8834.o
LOAD ./Core/Src/LSM6.o
LOAD ./Core/Src/PID.o
LOAD ./Core/Src/adc.o
LOAD ./Core/Src/dma.o
LOAD ./Core/Src/freertos.o
LOAD ./Core/Src/gpio.o
LOAD ./Core/Src/i2c.o
LOAD ./Core/Src/main.o
LOAD ./Core/Src/parser.o
LOAD ./Core/Src/ring_buffer.o
LOAD ./Core/Src/stm32f4xx_hal_msp.o
LOAD ./Core/Src/stm32f4xx_hal_timebase_tim.o
LOAD ./Core/Src/stm32f4xx_it.o
LOAD ./Core/Src/syscalls.o
LOAD ./Core/Src/sysmem.o
LOAD ./Core/Src/system_stm32f4xx.o
LOAD ./Core/Src/tim.o
LOAD ./Core/Src/usart.o
LOAD ./Core/Startup/startup_stm32f411retx.o
LOAD ./Drivers/STM32F4xx_HAL_Driver/Src/stm32f4xx_hal.o
LOAD ./Drivers/STM32F4xx_HAL_Driver/Src/stm32f4xx_hal_adc.o
LOAD ./Drivers/STM32F4xx_HAL_Driver/Src/stm32f4xx_hal_adc_ex.o
LOAD ./Drivers/STM32F4xx_HAL_Driver/Src/stm32f4xx_hal_cortex.o
LOAD ./Drivers/STM32F4xx_HAL_Driver/Src/stm32f4xx_hal_dma.o
LOAD ./Drivers/STM32F4xx_HAL_Driver/Src/stm32f4xx_hal_dma_ex.o
LOAD ./Drivers/STM32F4xx_HAL_Driver/Src/stm32f4xx_hal_exti.o
LOAD ./Drivers/STM32F4xx_HAL_Driver/Src/stm32f4xx_hal_flash.o
LOAD ./Drivers/STM32F4xx_HAL_Driver/Src/stm32f4xx_hal_flash_ex.o
LOAD ./Drivers/STM32F4xx_HAL_Driver/Src/stm32f4xx_hal_flash_ramfunc.o
LOAD ./Drivers/STM32F4xx_HAL_Driver/Src/stm32f4xx_hal_gpio.o
LOAD ./Drivers/STM32F4xx_HAL_Driver/Src/stm32f4xx_hal_i2c.o
LOAD ./Drivers/STM32F4xx_HAL_Driver/Src/stm32f4xx_hal_i2c_ex.o
LOAD ./Drivers/STM32F4xx_HAL_Driver/Src/stm32f4xx_hal_pwr.o
LOAD ./Drivers/STM32F4xx_HAL_Driver/Src/stm32f4xx_hal_pwr_ex.o
LOAD ./Drivers/STM32F4xx_HAL_Driver/Src/stm32f4xx_hal_rcc.o
LOAD ./Drivers/STM32F4xx_HAL_Driver/Src/stm32f4xx_hal_rcc_ex.o
LOAD ./Drivers/STM32F4xx_HAL_Driver/Src/stm32f4xx_hal_tim.o
LOAD ./Drivers/STM32F4xx_HAL_Driver/Src/stm32f4xx_hal_tim_ex.o
LOAD ./Drivers/STM32F4xx_HAL_Driver/Src/stm32f4xx_hal_uart.o
LOAD ./Drivers/STM32F4xx_HAL_Driver/Src/stm32f4xx_ll_adc.o
LOAD ./Middlewares/Third_Party/FreeRTOS/Source/CMSIS_RTOS_V2/cmsis_os2.o
LOAD ./Middlewares/Third_Party/FreeRTOS/Source/croutine.o
LOAD ./Middlewares/Third_Party/FreeRTOS/Source/event_groups.o
LOAD ./Middlewares/Third_Party/FreeRTOS/Source/list.o
LOAD ./Middlewares/Third_Party/FreeRTOS/Source/queue.o
LOAD ./Middlewares/Third_Party/FreeRTOS/Source/stream_buffer.o
LOAD ./Middlewares/Third_Party/FreeRTOS/Source/tasks.o
LOAD ./Middlewares/Third_Party/FreeRTOS/Source/timers.o
LOAD ./Middlewares/Third_Party/FreeRTOS/Source/portable/GCC/ARM_CM4F/port.o
LOAD ./Middlewares/Third_Party/FreeRTOS/Source/portable/MemMang/heap_4.o
START GROUP
LOAD c:/st/stm32cubeide_1.4.0/stm32cubeide/plugins/com.st.stm32cube.ide.mcu.externaltools.gnu-tools-for-stm32.10.3-2021.10.win32_1.0.0.202111181127/tools/bin/../lib/gcc/arm-none-eabi/10.3.1/../../../../arm-none-eabi/lib/thumb/v7e-m+fp/hard\libc_nano.a
LOAD c:/st/stm32cubeide_1.4.0/stm32cubeide/plugins/com.st.stm32cube.ide.mcu.externaltools.gnu-tools-for-stm32.10.3-2021.10.win32_1.0.0.202111181127/tools/bin/../lib/gcc/arm-none-eabi/10.3.1/../../../../arm-none-eabi/lib/thumb/v7e-m+fp/hard\libm.a
END GROUP
START GROUP
LOAD c:/st/stm32cubeide_1.4.0/stm32cubeide/plugins/com.st.stm32cube.ide.mcu.externaltools.gnu-tools-for-stm32.10.3-2021.10.win32_1.0.0.202111181127/tools/bin/../lib/gcc/arm-none-eabi/10.3.1/thumb/v7e-m+fp/hard\libgcc.a
LOAD c:/st/stm32cubeide_1.4.0/stm32cubeide/plugins/com.st.stm32cube.ide.mcu.externaltools.gnu-tools-for-stm32.10.3-2021.10.win32_1.0.0.202111181127/tools/bin/../lib/gcc/arm-none-eabi/10.3.1/../../../../arm-none-eabi/lib/thumb/v7e-m+fp/hard\libc_nano.a
END GROUP
START GROUP
LOAD c:/st/stm32cubeide_1.4.0/stm32cubeide/plugins/com.st.stm32cube.ide.mcu.externaltools.gnu-tools-for-stm32.10.3-2021.10.win32_1.0.0.202111181127/tools/bin/../lib/gcc/arm-none-eabi/10.3.1/thumb/v7e-m+fp/hard\libgcc.a
LOAD c:/st/stm32cubeide_1.4.0/stm32cubeide/plugins/com.st.stm32cube.ide.mcu.externaltools.gnu-tools-for-stm32.10.3-2021.10.win32_1.0.0.202111181127/tools/bin/../lib/gcc/arm-none-eabi/10.3.1/../../../../arm-none-eabi/lib/thumb/v7e-m+fp/hard\libc_nano.a
LOAD c:/st/stm32cubeide_1.4.0/stm32cubeide/plugins/com.st.stm32cube.ide.mcu.externaltools.gnu-tools-for-stm32.10.3-2021.10.win32_1.0.0.202111181127/tools/bin/../lib/gcc/arm-none-eabi/10.3.1/../../../../arm-none-eabi/lib/thumb/v7e-m+fp/hard\libnosys.a
END GROUP
START GROUP
LOAD c:/st/stm32cubeide_1.4.0/stm32cubeide/plugins/com.st.stm32cube.ide.mcu.externaltools.gnu-tools-for-stm32.10.3-2021.10.win32_1.0.0.202111181127/tools/bin/../lib/gcc/arm-none-eabi/10.3.1/thumb/v7e-m+fp/hard\libgcc.a
LOAD c:/st/stm32cubeide_1.4.0/stm32cubeide/plugins/com.st.stm32cube.ide.mcu.externaltools.gnu-tools-for-stm32.10.3-2021.10.win32_1.0.0.202111181127/tools/bin/../lib/gcc/arm-none-eabi/10.3.1/../../../../arm-none-eabi/lib/thumb/v7e-m+fp/hard\libc_nano.a
LOAD c:/st/stm32cubeide_1.4.0/stm32cubeide/plugins/com.st.stm32cube.ide.mcu.externaltools.gnu-tools-for-stm32.10.3-2021.10.win32_1.0.0.202111181127/tools/bin/../lib/gcc/arm-none-eabi/10.3.1/../../../../arm-none-eabi/lib/thumb/v7e-m+fp/hard\libnosys.a
END GROUP
LOAD c:/st/stm32cubeide_1.4.0/stm32cubeide/plugins/com.st.stm32cube.ide.mcu.externaltools.gnu-tools-for-stm32.10.3-2021.10.win32_1.0.0.202111181127/tools/bin/../lib/gcc/arm-none-eabi/10.3.1/thumb/v7e-m+fp/hard/crtend.o
LOAD c:/st/stm32cubeide_1.4.0/stm32cubeide/plugins/com.st.stm32cube.ide.mcu.externaltools.gnu-tools-for-stm32.10.3-2021.10.win32_1.0.0.202111181127/tools/bin/../lib/gcc/arm-none-eabi/10.3.1/thumb/v7e-m+fp/hard/crtn.o
                0x0000000020020000                _estack = (ORIGIN (RAM) + LENGTH (RAM))
                0x0000000000000800                _Min_Heap_Size = 0x800
                0x0000000000002000                _Min_Stack_Size = 0x2000

.isr_vector     0x0000000008000000      0x198
                0x0000000008000000                . = ALIGN (0x4)
 *(.isr_vector)
 .isr_vector    0x0000000008000000      0x198 ./Core/Startup/startup_stm32f411retx.o
                0x0000000008000000                g_pfnVectors
                0x0000000008000198                . = ALIGN (0x4)

.text           0x00000000080001a0    0x12f7c
                0x00000000080001a0                . = ALIGN (0x4)
 *(.text)
 .text          0x00000000080001a0       0x40 c:/st/stm32cubeide_1.4.0/stm32cubeide/plugins/com.st.stm32cube.ide.mcu.externaltools.gnu-tools-for-stm32.10.3-2021.10.win32_1.0.0.202111181127/tools/bin/../lib/gcc/arm-none-eabi/10.3.1/thumb/v7e-m+fp/hard/crtbegin.o
 .text          0x00000000080001e0       0x14 c:/st/stm32cubeide_1.4.0/stm32cubeide/plugins/com.st.stm32cube.ide.mcu.externaltools.gnu-tools-for-stm32.10.3-2021.10.win32_1.0.0.202111181127/tools/bin/../lib/gcc/arm-none-eabi/10.3.1/../../../../arm-none-eabi/lib/thumb/v7e-m+fp/hard\libc_nano.a(lib_a-strcmp.o)
                0x00000000080001e0                strcmp
 .text          0x00000000080001f4       0x10 c:/st/stm32cubeide_1.4.0/stm32cubeide/plugins/com.st.stm32cube.ide.mcu.externaltools.gnu-tools-for-stm32.10.3-2021.10.win32_1.0.0.202111181127/tools/bin/../lib/gcc/arm-none-eabi/10.3.1/../../../../arm-none-eabi/lib/thumb/v7e-m+fp/hard\libc_nano.a(lib_a-strlen.o)
                0x00000000080001f4                strlen
 *fill*         0x0000000008000204        0xc 
 .text          0x0000000008000210       0xa0 c:/st/stm32cubeide_1.4.0/stm32cubeide/plugins/com.st.stm32cube.ide.mcu.externaltools.gnu-tools-for-stm32.10.3-2021.10.win32_1.0.0.202111181127/tools/bin/../lib/gcc/arm-none-eabi/10.3.1/../../../../arm-none-eabi/lib/thumb/v7e-m+fp/hard\libc_nano.a(lib_a-memchr.o)
                0x0000000008000210                memchr
 .text          0x00000000080002b0      0x378 c:/st/stm32cubeide_1.4.0/stm32cubeide/plugins/com.st.stm32cube.ide.mcu.externaltools.gnu-tools-for-stm32.10.3-2021.10.win32_1.0.0.202111181127/tools/bin/../lib/gcc/arm-none-eabi/10.3.1/thumb/v7e-m+fp/hard\libgcc.a(_arm_addsubdf3.o)
                0x00000000080002b0                __aeabi_drsub
                0x00000000080002b8                __aeabi_dsub
                0x00000000080002b8                __subdf3
                0x00000000080002bc                __aeabi_dadd
                0x00000000080002bc                __adddf3
                0x0000000008000534                __floatunsidf
                0x0000000008000534                __aeabi_ui2d
                0x0000000008000554                __floatsidf
                0x0000000008000554                __aeabi_i2d
                0x0000000008000578                __aeabi_f2d
                0x0000000008000578                __extendsfdf2
                0x00000000080005bc                __floatundidf
                0x00000000080005bc                __aeabi_ul2d
                0x00000000080005cc                __floatdidf
                0x00000000080005cc                __aeabi_l2d
 .text          0x0000000008000628      0x424 c:/st/stm32cubeide_1.4.0/stm32cubeide/plugins/com.st.stm32cube.ide.mcu.externaltools.gnu-tools-for-stm32.10.3-2021.10.win32_1.0.0.202111181127/tools/bin/../lib/gcc/arm-none-eabi/10.3.1/thumb/v7e-m+fp/hard\libgcc.a(_arm_muldivdf3.o)
                0x0000000008000628                __aeabi_dmul
                0x0000000008000628                __muldf3
                0x000000000800087c                __divdf3
                0x000000000800087c                __aeabi_ddiv
 .text          0x0000000008000a4c      0x110 c:/st/stm32cubeide_1.4.0/stm32cubeide/plugins/com.st.stm32cube.ide.mcu.externaltools.gnu-tools-for-stm32.10.3-2021.10.win32_1.0.0.202111181127/tools/bin/../lib/gcc/arm-none-eabi/10.3.1/thumb/v7e-m+fp/hard\libgcc.a(_arm_cmpdf2.o)
                0x0000000008000a4c                __gtdf2
                0x0000000008000a4c                __gedf2
                0x0000000008000a54                __ltdf2
                0x0000000008000a54                __ledf2
                0x0000000008000a5c                __nedf2
                0x0000000008000a5c                __eqdf2
                0x0000000008000a5c                __cmpdf2
                0x0000000008000ad8                __aeabi_cdrcmple
                0x0000000008000ae8                __aeabi_cdcmpeq
                0x0000000008000ae8                __aeabi_cdcmple
                0x0000000008000af8                __aeabi_dcmpeq
                0x0000000008000b0c                __aeabi_dcmplt
                0x0000000008000b20                __aeabi_dcmple
                0x0000000008000b34                __aeabi_dcmpge
                0x0000000008000b48                __aeabi_dcmpgt
 .text          0x0000000008000b5c       0x2c c:/st/stm32cubeide_1.4.0/stm32cubeide/plugins/com.st.stm32cube.ide.mcu.externaltools.gnu-tools-for-stm32.10.3-2021.10.win32_1.0.0.202111181127/tools/bin/../lib/gcc/arm-none-eabi/10.3.1/thumb/v7e-m+fp/hard\libgcc.a(_arm_unorddf2.o)
                0x0000000008000b5c                __unorddf2
                0x0000000008000b5c                __aeabi_dcmpun
 .text          0x0000000008000b88       0x50 c:/st/stm32cubeide_1.4.0/stm32cubeide/plugins/com.st.stm32cube.ide.mcu.externaltools.gnu-tools-for-stm32.10.3-2021.10.win32_1.0.0.202111181127/tools/bin/../lib/gcc/arm-none-eabi/10.3.1/thumb/v7e-m+fp/hard\libgcc.a(_arm_fixdfsi.o)
                0x0000000008000b88                __aeabi_d2iz
                0x0000000008000b88                __fixdfsi
 .text          0x0000000008000bd8       0x40 c:/st/stm32cubeide_1.4.0/stm32cubeide/plugins/com.st.stm32cube.ide.mcu.externaltools.gnu-tools-for-stm32.10.3-2021.10.win32_1.0.0.202111181127/tools/bin/../lib/gcc/arm-none-eabi/10.3.1/thumb/v7e-m+fp/hard\libgcc.a(_arm_fixunsdfsi.o)
                0x0000000008000bd8                __aeabi_d2uiz
                0x0000000008000bd8                __fixunsdfsi
 .text          0x0000000008000c18       0xa0 c:/st/stm32cubeide_1.4.0/stm32cubeide/plugins/com.st.stm32cube.ide.mcu.externaltools.gnu-tools-for-stm32.10.3-2021.10.win32_1.0.0.202111181127/tools/bin/../lib/gcc/arm-none-eabi/10.3.1/thumb/v7e-m+fp/hard\libgcc.a(_arm_truncdfsf2.o)
                0x0000000008000c18                __truncdfsf2
                0x0000000008000c18                __aeabi_d2f
 .text          0x0000000008000cb8       0x30 c:/st/stm32cubeide_1.4.0/stm32cubeide/plugins/com.st.stm32cube.ide.mcu.externaltools.gnu-tools-for-stm32.10.3-2021.10.win32_1.0.0.202111181127/tools/bin/../lib/gcc/arm-none-eabi/10.3.1/thumb/v7e-m+fp/hard\libgcc.a(_aeabi_uldivmod.o)
                0x0000000008000cb8                __aeabi_uldivmod
 .text          0x0000000008000ce8       0x30 c:/st/stm32cubeide_1.4.0/stm32cubeide/plugins/com.st.stm32cube.ide.mcu.externaltools.gnu-tools-for-stm32.10.3-2021.10.win32_1.0.0.202111181127/tools/bin/../lib/gcc/arm-none-eabi/10.3.1/thumb/v7e-m+fp/hard\libgcc.a(_fixdfdi.o)
                0x0000000008000ce8                __fixdfdi
                0x0000000008000ce8                __aeabi_d2lz
 .text          0x0000000008000d18       0x3c c:/st/stm32cubeide_1.4.0/stm32cubeide/plugins/com.st.stm32cube.ide.mcu.externaltools.gnu-tools-for-stm32.10.3-2021.10.win32_1.0.0.202111181127/tools/bin/../lib/gcc/arm-none-eabi/10.3.1/thumb/v7e-m+fp/hard\libgcc.a(_fixunsdfdi.o)
                0x0000000008000d18                __fixunsdfdi
                0x0000000008000d18                __aeabi_d2ulz
 .text          0x0000000008000d54      0x2d0 c:/st/stm32cubeide_1.4.0/stm32cubeide/plugins/com.st.stm32cube.ide.mcu.externaltools.gnu-tools-for-stm32.10.3-2021.10.win32_1.0.0.202111181127/tools/bin/../lib/gcc/arm-none-eabi/10.3.1/thumb/v7e-m+fp/hard\libgcc.a(_udivmoddi4.o)
                0x0000000008000d54                __udivmoddi4
 .text          0x0000000008001024        0x4 c:/st/stm32cubeide_1.4.0/stm32cubeide/plugins/com.st.stm32cube.ide.mcu.externaltools.gnu-tools-for-stm32.10.3-2021.10.win32_1.0.0.202111181127/tools/bin/../lib/gcc/arm-none-eabi/10.3.1/thumb/v7e-m+fp/hard\libgcc.a(_dvmd_tls.o)
                0x0000000008001024                __aeabi_idiv0
                0x0000000008001024                __aeabi_ldiv0
 *(.text*)
 .text.DRV8834_setRobotState
                0x0000000008001028       0x24 ./Core/Src/DRV8834.o
                0x0000000008001028                DRV8834_setRobotState
 .text.DRV8834_setMaxSpeed
                0x000000000800104c       0x20 ./Core/Src/DRV8834.o
                0x000000000800104c                DRV8834_setMaxSpeed
 .text.DRV8834_setMaxFreq
                0x000000000800106c       0x20 ./Core/Src/DRV8834.o
                0x000000000800106c                DRV8834_setMaxFreq
 .text.DRV8834_getRobotState
                0x000000000800108c       0x18 ./Core/Src/DRV8834.o
                0x000000000800108c                DRV8834_getRobotState
 .text.DRV8834_getMaxSpeed
                0x00000000080010a4       0x18 ./Core/Src/DRV8834.o
                0x00000000080010a4                DRV8834_getMaxSpeed
 .text.DRV8834_getMaxFreq
                0x00000000080010bc       0x18 ./Core/Src/DRV8834.o
                0x00000000080010bc                DRV8834_getMaxFreq
 .text.DRV8834_Init
                0x00000000080010d4       0x30 ./Core/Src/DRV8834.o
                0x00000000080010d4                DRV8834_Init
 .text.DRV8834_InitPins
                0x0000000008001104       0x44 ./Core/Src/DRV8834.o
                0x0000000008001104                DRV8834_InitPins
 .text.DeinitializePin
                0x0000000008001148       0x6a ./Core/Src/DRV8834.o
                0x0000000008001148                DeinitializePin
 *fill*         0x00000000080011b2        0x2 
 .text.DRV8834_SetMicrostep
                0x00000000080011b4      0x140 ./Core/Src/DRV8834.o
                0x00000000080011b4                DRV8834_SetMicrostep
 .text.DRV8834_StopMotor
                0x00000000080012f4       0x2c ./Core/Src/DRV8834.o
                0x00000000080012f4                DRV8834_StopMotor
 .text.DRV8834_SetDirection
                0x0000000008001320       0x36 ./Core/Src/DRV8834.o
 *fill*         0x0000000008001356        0x2 
 .text.DRV8834_SetSpeed
                0x0000000008001358      0x1a4 ./Core/Src/DRV8834.o
                0x0000000008001358                DRV8834_SetSpeed
 .text.DRV8834_StartMotor
                0x00000000080014fc       0x34 ./Core/Src/DRV8834.o
                0x00000000080014fc                DRV8834_StartMotor
 .text.LSM6_InitEx
                0x0000000008001530       0xd4 ./Core/Src/LSM6.o
                0x0000000008001530                LSM6_InitEx
 .text.testReg  0x0000000008001604       0x4a ./Core/Src/LSM6.o
                0x0000000008001604                testReg
 .text.timeoutOccurred
                0x000000000800164e       0x22 ./Core/Src/LSM6.o
                0x000000000800164e                timeoutOccurred
 .text.errorOccured
                0x0000000008001670       0x22 ./Core/Src/LSM6.o
                0x0000000008001670                errorOccured
 .text.enableDefault
                0x0000000008001692       0x54 ./Core/Src/LSM6.o
                0x0000000008001692                enableDefault
 .text.writeReg
                0x00000000080016e6       0x5a ./Core/Src/LSM6.o
                0x00000000080016e6                writeReg
 .text.readReg  0x0000000008001740       0x62 ./Core/Src/LSM6.o
                0x0000000008001740                readReg
 .text.readAcc  0x00000000080017a2       0xd4 ./Core/Src/LSM6.o
                0x00000000080017a2                readAcc
 .text.readGyro
                0x0000000008001876       0xd4 ./Core/Src/LSM6.o
                0x0000000008001876                readGyro
 .text.LSM6_Read
                0x000000000800194a       0x3a ./Core/Src/LSM6.o
                0x000000000800194a                LSM6_Read
 .text.PID_Init
                0x0000000008001984       0x74 ./Core/Src/PID.o
                0x0000000008001984                PID_Init
 .text.PID_SetTunings
                0x00000000080019f8      0x10c ./Core/Src/PID.o
                0x00000000080019f8                PID_SetTunings
 .text.PID_SetSampleTime
                0x0000000008001b04       0x68 ./Core/Src/PID.o
                0x0000000008001b04                PID_SetSampleTime
 .text.PID_SetOutputLimits
                0x0000000008001b6c       0xca ./Core/Src/PID.o
                0x0000000008001b6c                PID_SetOutputLimits
 .text.PID_SetMode
                0x0000000008001c36       0x8e ./Core/Src/PID.o
                0x0000000008001c36                PID_SetMode
 .text.PID_SetControllerDirection
                0x0000000008001cc4       0x74 ./Core/Src/PID.o
                0x0000000008001cc4                PID_SetControllerDirection
 .text.PID_Compute
                0x0000000008001d38      0x162 ./Core/Src/PID.o
                0x0000000008001d38                PID_Compute
 *fill*         0x0000000008001e9a        0x2 
 .text.MX_ADC1_Init
                0x0000000008001e9c       0xa4 ./Core/Src/adc.o
                0x0000000008001e9c                MX_ADC1_Init
 .text.HAL_ADC_MspInit
                0x0000000008001f40       0xf0 ./Core/Src/adc.o
                0x0000000008001f40                HAL_ADC_MspInit
 .text.MX_DMA_Init
                0x0000000008002030       0x50 ./Core/Src/dma.o
                0x0000000008002030                MX_DMA_Init
 .text.MX_FREERTOS_Init
                0x0000000008002080      0x254 ./Core/Src/freertos.o
                0x0000000008002080                MX_FREERTOS_Init
 .text.StartUARTReadTask
                0x00000000080022d4      0x118 ./Core/Src/freertos.o
                0x00000000080022d4                StartUARTReadTask
 *fill*         0x00000000080023ec        0x4 
 .text.StartIMU_Task
                0x00000000080023f0      0x520 ./Core/Src/freertos.o
                0x00000000080023f0                StartIMU_Task
 .text.StartPIDTask
                0x0000000008002910      0x4e0 ./Core/Src/freertos.o
                0x0000000008002910                StartPIDTask
 .text.StartStepperMotorsTask
                0x0000000008002df0      0x520 ./Core/Src/freertos.o
                0x0000000008002df0                StartStepperMotorsTask
 .text.StartOtherTask
                0x0000000008003310      0x274 ./Core/Src/freertos.o
                0x0000000008003310                StartOtherTask
 .text.HAL_GPIO_EXTI_Callback
                0x0000000008003584       0x28 ./Core/Src/freertos.o
                0x0000000008003584                HAL_GPIO_EXTI_Callback
 .text.HAL_ADC_ConvCpltCallback
                0x00000000080035ac       0x2c ./Core/Src/freertos.o
                0x00000000080035ac                HAL_ADC_ConvCpltCallback
 .text.HAL_UARTEx_RxEventCallback
                0x00000000080035d8       0xa0 ./Core/Src/freertos.o
                0x00000000080035d8                HAL_UARTEx_RxEventCallback
 .text.HAL_UART_TxCpltCallback
                0x0000000008003678       0x2c ./Core/Src/freertos.o
                0x0000000008003678                HAL_UART_TxCpltCallback
 .text.Parser_ReceiveLineCallback
                0x00000000080036a4       0x64 ./Core/Src/freertos.o
                0x00000000080036a4                Parser_ReceiveLineCallback
 .text.Parser_PID_PrintCallback
                0x0000000008003708       0x58 ./Core/Src/freertos.o
                0x0000000008003708                Parser_PID_PrintCallback
 .text.Parser_IMU_PrintCallback
                0x0000000008003760       0x58 ./Core/Src/freertos.o
                0x0000000008003760                Parser_IMU_PrintCallback
 .text.Parser_MOT_PrintCallback
                0x00000000080037b8       0x5c ./Core/Src/freertos.o
                0x00000000080037b8                Parser_MOT_PrintCallback
 .text.Parser_OTH_PrintCallback
                0x0000000008003814       0x58 ./Core/Src/freertos.o
                0x0000000008003814                Parser_OTH_PrintCallback
 .text.map      0x000000000800386c       0x5c ./Core/Src/freertos.o
                0x000000000800386c                map
 .text.complementaryFilter
                0x00000000080038c8       0xe4 ./Core/Src/freertos.o
                0x00000000080038c8                complementaryFilter
 *fill*         0x00000000080039ac        0x4 
 .text.calculateAccAngle
                0x00000000080039b0       0xec ./Core/Src/freertos.o
                0x00000000080039b0                calculateAccAngle
 .text.sendMessageToUART
                0x0000000008003a9c       0x60 ./Core/Src/freertos.o
                0x0000000008003a9c                sendMessageToUART
 .text.MX_GPIO_Init
                0x0000000008003afc      0x140 ./Core/Src/gpio.o
                0x0000000008003afc                MX_GPIO_Init
 .text.MX_I2C1_Init
                0x0000000008003c3c       0x5c ./Core/Src/i2c.o
                0x0000000008003c3c                MX_I2C1_Init
 .text.HAL_I2C_MspInit
                0x0000000008003c98       0x90 ./Core/Src/i2c.o
                0x0000000008003c98                HAL_I2C_MspInit
 .text.main     0x0000000008003d28       0x3e ./Core/Src/main.o
                0x0000000008003d28                main
 *fill*         0x0000000008003d66        0x2 
 .text.SystemClock_Config
                0x0000000008003d68       0xd0 ./Core/Src/main.o
                0x0000000008003d68                SystemClock_Config
 .text.MX_NVIC_Init
                0x0000000008003e38       0x68 ./Core/Src/main.o
 .text.HAL_TIM_PeriodElapsedCallback
                0x0000000008003ea0       0x24 ./Core/Src/main.o
                0x0000000008003ea0                HAL_TIM_PeriodElapsedCallback
 .text.Error_Handler
                0x0000000008003ec4        0xa ./Core/Src/main.o
                0x0000000008003ec4                Error_Handler
 *fill*         0x0000000008003ece        0x2 
 .text.Parser_Register_PIDPrintCallback
                0x0000000008003ed0       0x20 ./Core/Src/parser.o
                0x0000000008003ed0                Parser_Register_PIDPrintCallback
 .text.Parser_Register_IMUPrintCallback
                0x0000000008003ef0       0x20 ./Core/Src/parser.o
                0x0000000008003ef0                Parser_Register_IMUPrintCallback
 .text.Parser_Register_MotorsPrintCallback
                0x0000000008003f10       0x20 ./Core/Src/parser.o
                0x0000000008003f10                Parser_Register_MotorsPrintCallback
 .text.Parser_Register_OtherPrintCallback
                0x0000000008003f30       0x20 ./Core/Src/parser.o
                0x0000000008003f30                Parser_Register_OtherPrintCallback
 .text.Parser_Register_ReceiveLineCallback
                0x0000000008003f50       0x20 ./Core/Src/parser.o
                0x0000000008003f50                Parser_Register_ReceiveLineCallback
 .text.Parser_GetFloatValue
                0x0000000008003f70       0x94 ./Core/Src/parser.o
 .text.Parser_GetIntValue
                0x0000000008004004       0x70 ./Core/Src/parser.o
 .text.Parser_ParseOther
                0x0000000008004074       0xb8 ./Core/Src/parser.o
 .text.Parser_ParseMotors
                0x000000000800412c      0x15c ./Core/Src/parser.o
 .text.Parser_ParseIMU
                0x0000000008004288       0xe8 ./Core/Src/parser.o
 .text.Parser_ParsePID
                0x0000000008004370       0xc0 ./Core/Src/parser.o
 .text.Parser_ParseLine
                0x0000000008004430       0xac ./Core/Src/parser.o
                0x0000000008004430                Parser_ParseLine
 .text.isReadable
                0x00000000080044dc       0x26 ./Core/Src/ring_buffer.o
                0x00000000080044dc                isReadable
 *fill*         0x0000000008004502        0x2 
 .text.RB_Read  0x0000000008004504       0x5c ./Core/Src/ring_buffer.o
                0x0000000008004504                RB_Read
 .text.RB_Write
                0x0000000008004560       0x60 ./Core/Src/ring_buffer.o
                0x0000000008004560                RB_Write
 .text.HAL_MspInit
                0x00000000080045c0       0x58 ./Core/Src/stm32f4xx_hal_msp.o
                0x00000000080045c0                HAL_MspInit
 .text.HAL_InitTick
                0x0000000008004618       0xb0 ./Core/Src/stm32f4xx_hal_timebase_tim.o
                0x0000000008004618                HAL_InitTick
 .text.NMI_Handler
                0x00000000080046c8        0x6 ./Core/Src/stm32f4xx_it.o
                0x00000000080046c8                NMI_Handler
 .text.HardFault_Handler
                0x00000000080046ce        0x6 ./Core/Src/stm32f4xx_it.o
                0x00000000080046ce                HardFault_Handler
 .text.MemManage_Handler
                0x00000000080046d4        0x6 ./Core/Src/stm32f4xx_it.o
                0x00000000080046d4                MemManage_Handler
 .text.BusFault_Handler
                0x00000000080046da        0x6 ./Core/Src/stm32f4xx_it.o
                0x00000000080046da                BusFault_Handler
 .text.UsageFault_Handler
                0x00000000080046e0        0x6 ./Core/Src/stm32f4xx_it.o
                0x00000000080046e0                UsageFault_Handler
 .text.DebugMon_Handler
                0x00000000080046e6        0xe ./Core/Src/stm32f4xx_it.o
                0x00000000080046e6                DebugMon_Handler
 .text.EXTI3_IRQHandler
                0x00000000080046f4        0xe ./Core/Src/stm32f4xx_it.o
                0x00000000080046f4                EXTI3_IRQHandler
 *fill*         0x0000000008004702        0x2 
 .text.DMA1_Stream5_IRQHandler
                0x0000000008004704       0x14 ./Core/Src/stm32f4xx_it.o
                0x0000000008004704                DMA1_Stream5_IRQHandler
 .text.DMA1_Stream6_IRQHandler
                0x0000000008004718       0x14 ./Core/Src/stm32f4xx_it.o
                0x0000000008004718                DMA1_Stream6_IRQHandler
 .text.TIM1_UP_TIM10_IRQHandler
                0x000000000800472c       0x14 ./Core/Src/stm32f4xx_it.o
                0x000000000800472c                TIM1_UP_TIM10_IRQHandler
 .text.USART2_IRQHandler
                0x0000000008004740       0x14 ./Core/Src/stm32f4xx_it.o
                0x0000000008004740                USART2_IRQHandler
 .text.EXTI15_10_IRQHandler
                0x0000000008004754       0x18 ./Core/Src/stm32f4xx_it.o
                0x0000000008004754                EXTI15_10_IRQHandler
 .text.DMA2_Stream0_IRQHandler
                0x000000000800476c       0x14 ./Core/Src/stm32f4xx_it.o
                0x000000000800476c                DMA2_Stream0_IRQHandler
 .text._getpid  0x0000000008004780       0x10 ./Core/Src/syscalls.o
                0x0000000008004780                _getpid
 .text._kill    0x0000000008004790       0x20 ./Core/Src/syscalls.o
                0x0000000008004790                _kill
 .text._exit    0x00000000080047b0       0x14 ./Core/Src/syscalls.o
                0x00000000080047b0                _exit
 .text._read    0x00000000080047c4       0x3a ./Core/Src/syscalls.o
                0x00000000080047c4                _read
 .text._write   0x00000000080047fe       0x38 ./Core/Src/syscalls.o
                0x00000000080047fe                _write
 .text._close   0x0000000008004836       0x18 ./Core/Src/syscalls.o
                0x0000000008004836                _close
 .text._fstat   0x000000000800484e       0x20 ./Core/Src/syscalls.o
                0x000000000800484e                _fstat
 .text._isatty  0x000000000800486e       0x16 ./Core/Src/syscalls.o
                0x000000000800486e                _isatty
 .text._lseek   0x0000000008004884       0x1a ./Core/Src/syscalls.o
                0x0000000008004884                _lseek
 *fill*         0x000000000800489e        0x2 
 .text._sbrk    0x00000000080048a0       0x6c ./Core/Src/sysmem.o
                0x00000000080048a0                _sbrk
 .text.SystemInit
                0x000000000800490c       0x24 ./Core/Src/system_stm32f4xx.o
                0x000000000800490c                SystemInit
 .text.MX_TIM2_Init
                0x0000000008004930       0xec ./Core/Src/tim.o
                0x0000000008004930                MX_TIM2_Init
 .text.MX_TIM3_Init
                0x0000000008004a1c       0x9c ./Core/Src/tim.o
                0x0000000008004a1c                MX_TIM3_Init
 .text.MX_TIM4_Init
                0x0000000008004ab8       0xf0 ./Core/Src/tim.o
                0x0000000008004ab8                MX_TIM4_Init
 .text.HAL_TIM_Base_MspInit
                0x0000000008004ba8       0x98 ./Core/Src/tim.o
                0x0000000008004ba8                HAL_TIM_Base_MspInit
 .text.HAL_TIM_MspPostInit
                0x0000000008004c40       0xbc ./Core/Src/tim.o
                0x0000000008004c40                HAL_TIM_MspPostInit
 .text.MX_USART2_UART_Init
                0x0000000008004cfc       0x54 ./Core/Src/usart.o
                0x0000000008004cfc                MX_USART2_UART_Init
 .text.HAL_UART_MspInit
                0x0000000008004d50      0x158 ./Core/Src/usart.o
                0x0000000008004d50                HAL_UART_MspInit
 .text.Reset_Handler
                0x0000000008004ea8       0x50 ./Core/Startup/startup_stm32f411retx.o
                0x0000000008004ea8                Reset_Handler
 .text.Default_Handler
                0x0000000008004ef8        0x2 ./Core/Startup/startup_stm32f411retx.o
                0x0000000008004ef8                RTC_Alarm_IRQHandler
                0x0000000008004ef8                EXTI2_IRQHandler
                0x0000000008004ef8                SPI4_IRQHandler
                0x0000000008004ef8                TIM1_CC_IRQHandler
                0x0000000008004ef8                DMA2_Stream5_IRQHandler
                0x0000000008004ef8                PVD_IRQHandler
                0x0000000008004ef8                SDIO_IRQHandler
                0x0000000008004ef8                TAMP_STAMP_IRQHandler
                0x0000000008004ef8                I2C3_ER_IRQHandler
                0x0000000008004ef8                EXTI0_IRQHandler
                0x0000000008004ef8                I2C2_EV_IRQHandler
                0x0000000008004ef8                DMA1_Stream2_IRQHandler
                0x0000000008004ef8                FPU_IRQHandler
                0x0000000008004ef8                DMA2_Stream2_IRQHandler
                0x0000000008004ef8                SPI1_IRQHandler
                0x0000000008004ef8                TIM1_BRK_TIM9_IRQHandler
                0x0000000008004ef8                DMA2_Stream3_IRQHandler
                0x0000000008004ef8                USART6_IRQHandler
                0x0000000008004ef8                TIM4_IRQHandler
                0x0000000008004ef8                I2C1_EV_IRQHandler
                0x0000000008004ef8                DMA1_Stream1_IRQHandler
                0x0000000008004ef8                TIM3_IRQHandler
                0x0000000008004ef8                RCC_IRQHandler
                0x0000000008004ef8                Default_Handler
                0x0000000008004ef8                ADC_IRQHandler
                0x0000000008004ef8                DMA1_Stream7_IRQHandler
                0x0000000008004ef8                SPI5_IRQHandler
                0x0000000008004ef8                TIM5_IRQHandler
                0x0000000008004ef8                DMA2_Stream7_IRQHandler
                0x0000000008004ef8                I2C3_EV_IRQHandler
                0x0000000008004ef8                EXTI9_5_IRQHandler
                0x0000000008004ef8                RTC_WKUP_IRQHandler
                0x0000000008004ef8                SPI2_IRQHandler
                0x0000000008004ef8                DMA1_Stream0_IRQHandler
                0x0000000008004ef8                EXTI4_IRQHandler
                0x0000000008004ef8                WWDG_IRQHandler
                0x0000000008004ef8                TIM2_IRQHandler
                0x0000000008004ef8                OTG_FS_WKUP_IRQHandler
                0x0000000008004ef8                TIM1_TRG_COM_TIM11_IRQHandler
                0x0000000008004ef8                EXTI1_IRQHandler
                0x0000000008004ef8                I2C2_ER_IRQHandler
                0x0000000008004ef8                DMA2_Stream1_IRQHandler
                0x0000000008004ef8                FLASH_IRQHandler
                0x0000000008004ef8                DMA2_Stream4_IRQHandler
                0x0000000008004ef8                USART1_IRQHandler
                0x0000000008004ef8                OTG_FS_IRQHandler
                0x0000000008004ef8                SPI3_IRQHandler
                0x0000000008004ef8                DMA1_Stream4_IRQHandler
                0x0000000008004ef8                I2C1_ER_IRQHandler
                0x0000000008004ef8                DMA2_Stream6_IRQHandler
                0x0000000008004ef8                DMA1_Stream3_IRQHandler
 *fill*         0x0000000008004efa        0x2 
 .text.HAL_Init
                0x0000000008004efc       0x44 ./Drivers/STM32F4xx_HAL_Driver/Src/stm32f4xx_hal.o
                0x0000000008004efc                HAL_Init
 .text.HAL_IncTick
                0x0000000008004f40       0x28 ./Drivers/STM32F4xx_HAL_Driver/Src/stm32f4xx_hal.o
                0x0000000008004f40                HAL_IncTick
 .text.HAL_GetTick
                0x0000000008004f68       0x18 ./Drivers/STM32F4xx_HAL_Driver/Src/stm32f4xx_hal.o
                0x0000000008004f68                HAL_GetTick
 .text.HAL_ADC_Init
                0x0000000008004f80       0x86 ./Drivers/STM32F4xx_HAL_Driver/Src/stm32f4xx_hal_adc.o
                0x0000000008004f80                HAL_ADC_Init
 *fill*         0x0000000008005006        0x2 
 .text.HAL_ADC_Start_DMA
                0x0000000008005008      0x1e0 ./Drivers/STM32F4xx_HAL_Driver/Src/stm32f4xx_hal_adc.o
                0x0000000008005008                HAL_ADC_Start_DMA
 .text.HAL_ADC_ConvHalfCpltCallback
                0x00000000080051e8       0x14 ./Drivers/STM32F4xx_HAL_Driver/Src/stm32f4xx_hal_adc.o
                0x00000000080051e8                HAL_ADC_ConvHalfCpltCallback
 .text.HAL_ADC_ErrorCallback
                0x00000000080051fc       0x14 ./Drivers/STM32F4xx_HAL_Driver/Src/stm32f4xx_hal_adc.o
                0x00000000080051fc                HAL_ADC_ErrorCallback
 .text.HAL_ADC_ConfigChannel
                0x0000000008005210      0x264 ./Drivers/STM32F4xx_HAL_Driver/Src/stm32f4xx_hal_adc.o
                0x0000000008005210                HAL_ADC_ConfigChannel
 .text.ADC_Init
                0x0000000008005474      0x1f8 ./Drivers/STM32F4xx_HAL_Driver/Src/stm32f4xx_hal_adc.o
 .text.ADC_DMAConvCplt
                0x000000000800566c       0xba ./Drivers/STM32F4xx_HAL_Driver/Src/stm32f4xx_hal_adc.o
 .text.ADC_DMAHalfConvCplt
                0x0000000008005726       0x1c ./Drivers/STM32F4xx_HAL_Driver/Src/stm32f4xx_hal_adc.o
 .text.ADC_DMAError
                0x0000000008005742       0x2e ./Drivers/STM32F4xx_HAL_Driver/Src/stm32f4xx_hal_adc.o
 .text.__NVIC_SetPriorityGrouping
                0x0000000008005770       0x48 ./Drivers/STM32F4xx_HAL_Driver/Src/stm32f4xx_hal_cortex.o
 .text.__NVIC_GetPriorityGrouping
                0x00000000080057b8       0x1c ./Drivers/STM32F4xx_HAL_Driver/Src/stm32f4xx_hal_cortex.o
 .text.__NVIC_EnableIRQ
                0x00000000080057d4       0x3c ./Drivers/STM32F4xx_HAL_Driver/Src/stm32f4xx_hal_cortex.o
 .text.__NVIC_SetPriority
                0x0000000008005810       0x54 ./Drivers/STM32F4xx_HAL_Driver/Src/stm32f4xx_hal_cortex.o
 .text.NVIC_EncodePriority
                0x0000000008005864       0x66 ./Drivers/STM32F4xx_HAL_Driver/Src/stm32f4xx_hal_cortex.o
 .text.HAL_NVIC_SetPriorityGrouping
                0x00000000080058ca       0x16 ./Drivers/STM32F4xx_HAL_Driver/Src/stm32f4xx_hal_cortex.o
                0x00000000080058ca                HAL_NVIC_SetPriorityGrouping
 .text.HAL_NVIC_SetPriority
                0x00000000080058e0       0x38 ./Drivers/STM32F4xx_HAL_Driver/Src/stm32f4xx_hal_cortex.o
                0x00000000080058e0                HAL_NVIC_SetPriority
 .text.HAL_NVIC_EnableIRQ
                0x0000000008005918       0x1c ./Drivers/STM32F4xx_HAL_Driver/Src/stm32f4xx_hal_cortex.o
                0x0000000008005918                HAL_NVIC_EnableIRQ
 .text.HAL_DMA_Init
                0x0000000008005934      0x15c ./Drivers/STM32F4xx_HAL_Driver/Src/stm32f4xx_hal_dma.o
                0x0000000008005934                HAL_DMA_Init
 .text.HAL_DMA_Start_IT
                0x0000000008005a90       0xb0 ./Drivers/STM32F4xx_HAL_Driver/Src/stm32f4xx_hal_dma.o
                0x0000000008005a90                HAL_DMA_Start_IT
 .text.HAL_DMA_Abort
                0x0000000008005b40       0xe0 ./Drivers/STM32F4xx_HAL_Driver/Src/stm32f4xx_hal_dma.o
                0x0000000008005b40                HAL_DMA_Abort
 .text.HAL_DMA_Abort_IT
                0x0000000008005c20       0x44 ./Drivers/STM32F4xx_HAL_Driver/Src/stm32f4xx_hal_dma.o
                0x0000000008005c20                HAL_DMA_Abort_IT
 .text.HAL_DMA_IRQHandler
                0x0000000008005c64      0x314 ./Drivers/STM32F4xx_HAL_Driver/Src/stm32f4xx_hal_dma.o
                0x0000000008005c64                HAL_DMA_IRQHandler
 .text.DMA_SetConfig
                0x0000000008005f78       0x5c ./Drivers/STM32F4xx_HAL_Driver/Src/stm32f4xx_hal_dma.o
 .text.DMA_CalcBaseAndBitshift
                0x0000000008005fd4       0x6c ./Drivers/STM32F4xx_HAL_Driver/Src/stm32f4xx_hal_dma.o
 .text.DMA_CheckFifoParam
                0x0000000008006040       0xf8 ./Drivers/STM32F4xx_HAL_Driver/Src/stm32f4xx_hal_dma.o
 .text.HAL_GPIO_Init
                0x0000000008006138      0x308 ./Drivers/STM32F4xx_HAL_Driver/Src/stm32f4xx_hal_gpio.o
                0x0000000008006138                HAL_GPIO_Init
 .text.HAL_GPIO_WritePin
                0x0000000008006440       0x32 ./Drivers/STM32F4xx_HAL_Driver/Src/stm32f4xx_hal_gpio.o
                0x0000000008006440                HAL_GPIO_WritePin
 *fill*         0x0000000008006472        0x2 
 .text.HAL_GPIO_EXTI_IRQHandler
                0x0000000008006474       0x30 ./Drivers/STM32F4xx_HAL_Driver/Src/stm32f4xx_hal_gpio.o
                0x0000000008006474                HAL_GPIO_EXTI_IRQHandler
 .text.HAL_I2C_Init
                0x00000000080064a4      0x288 ./Drivers/STM32F4xx_HAL_Driver/Src/stm32f4xx_hal_i2c.o
                0x00000000080064a4                HAL_I2C_Init
 .text.HAL_I2C_Mem_Write
                0x000000000800672c      0x1f4 ./Drivers/STM32F4xx_HAL_Driver/Src/stm32f4xx_hal_i2c.o
                0x000000000800672c                HAL_I2C_Mem_Write
 .text.HAL_I2C_Mem_Read
                0x0000000008006920      0x44c ./Drivers/STM32F4xx_HAL_Driver/Src/stm32f4xx_hal_i2c.o
                0x0000000008006920                HAL_I2C_Mem_Read
 .text.I2C_RequestMemoryWrite
                0x0000000008006d6c      0x12c ./Drivers/STM32F4xx_HAL_Driver/Src/stm32f4xx_hal_i2c.o
 .text.I2C_RequestMemoryRead
                0x0000000008006e98      0x1d0 ./Drivers/STM32F4xx_HAL_Driver/Src/stm32f4xx_hal_i2c.o
 .text.I2C_WaitOnFlagUntilTimeout
                0x0000000008007068       0xae ./Drivers/STM32F4xx_HAL_Driver/Src/stm32f4xx_hal_i2c.o
 .text.I2C_WaitOnMasterAddressFlagUntilTimeout
                0x0000000008007116       0xfe ./Drivers/STM32F4xx_HAL_Driver/Src/stm32f4xx_hal_i2c.o
 .text.I2C_WaitOnTXEFlagUntilTimeout
                0x0000000008007214       0x82 ./Drivers/STM32F4xx_HAL_Driver/Src/stm32f4xx_hal_i2c.o
 .text.I2C_WaitOnBTFFlagUntilTimeout
                0x0000000008007296       0x82 ./Drivers/STM32F4xx_HAL_Driver/Src/stm32f4xx_hal_i2c.o
 .text.I2C_WaitOnRXNEFlagUntilTimeout
                0x0000000008007318       0xac ./Drivers/STM32F4xx_HAL_Driver/Src/stm32f4xx_hal_i2c.o
 .text.I2C_IsAcknowledgeFailed
                0x00000000080073c4       0x5e ./Drivers/STM32F4xx_HAL_Driver/Src/stm32f4xx_hal_i2c.o
 *fill*         0x0000000008007422        0x2 
 .text.HAL_RCC_OscConfig
                0x0000000008007424      0x4f0 ./Drivers/STM32F4xx_HAL_Driver/Src/stm32f4xx_hal_rcc.o
                0x0000000008007424                HAL_RCC_OscConfig
 .text.HAL_RCC_ClockConfig
                0x0000000008007914      0x1cc ./Drivers/STM32F4xx_HAL_Driver/Src/stm32f4xx_hal_rcc.o
                0x0000000008007914                HAL_RCC_ClockConfig
 .text.HAL_RCC_GetSysClockFreq
                0x0000000008007ae0      0x20c ./Drivers/STM32F4xx_HAL_Driver/Src/stm32f4xx_hal_rcc.o
                0x0000000008007ae0                HAL_RCC_GetSysClockFreq
 .text.HAL_RCC_GetHCLKFreq
                0x0000000008007cec       0x18 ./Drivers/STM32F4xx_HAL_Driver/Src/stm32f4xx_hal_rcc.o
                0x0000000008007cec                HAL_RCC_GetHCLKFreq
 .text.HAL_RCC_GetPCLK1Freq
                0x0000000008007d04       0x28 ./Drivers/STM32F4xx_HAL_Driver/Src/stm32f4xx_hal_rcc.o
                0x0000000008007d04                HAL_RCC_GetPCLK1Freq
 .text.HAL_RCC_GetPCLK2Freq
                0x0000000008007d2c       0x28 ./Drivers/STM32F4xx_HAL_Driver/Src/stm32f4xx_hal_rcc.o
                0x0000000008007d2c                HAL_RCC_GetPCLK2Freq
 .text.HAL_RCC_GetClockConfig
                0x0000000008007d54       0x64 ./Drivers/STM32F4xx_HAL_Driver/Src/stm32f4xx_hal_rcc.o
                0x0000000008007d54                HAL_RCC_GetClockConfig
 .text.HAL_TIM_Base_Init
                0x0000000008007db8       0x9e ./Drivers/STM32F4xx_HAL_Driver/Src/stm32f4xx_hal_tim.o
                0x0000000008007db8                HAL_TIM_Base_Init
 *fill*         0x0000000008007e56        0x2 
 .text.HAL_TIM_Base_Start
                0x0000000008007e58       0xb4 ./Drivers/STM32F4xx_HAL_Driver/Src/stm32f4xx_hal_tim.o
                0x0000000008007e58                HAL_TIM_Base_Start
 .text.HAL_TIM_Base_Start_IT
                0x0000000008007f0c       0xc4 ./Drivers/STM32F4xx_HAL_Driver/Src/stm32f4xx_hal_tim.o
                0x0000000008007f0c                HAL_TIM_Base_Start_IT
 .text.HAL_TIM_PWM_Init
                0x0000000008007fd0       0x9e ./Drivers/STM32F4xx_HAL_Driver/Src/stm32f4xx_hal_tim.o
                0x0000000008007fd0                HAL_TIM_PWM_Init
 .text.HAL_TIM_PWM_MspInit
                0x000000000800806e       0x14 ./Drivers/STM32F4xx_HAL_Driver/Src/stm32f4xx_hal_tim.o
                0x000000000800806e                HAL_TIM_PWM_MspInit
 *fill*         0x0000000008008082        0x2 
 .text.HAL_TIM_PWM_Start
                0x0000000008008084      0x160 ./Drivers/STM32F4xx_HAL_Driver/Src/stm32f4xx_hal_tim.o
                0x0000000008008084                HAL_TIM_PWM_Start
 .text.HAL_TIM_PWM_Stop
                0x00000000080081e4       0xc8 ./Drivers/STM32F4xx_HAL_Driver/Src/stm32f4xx_hal_tim.o
                0x00000000080081e4                HAL_TIM_PWM_Stop
 .text.HAL_TIM_IRQHandler
                0x00000000080082ac      0x210 ./Drivers/STM32F4xx_HAL_Driver/Src/stm32f4xx_hal_tim.o
                0x00000000080082ac                HAL_TIM_IRQHandler
 .text.HAL_TIM_PWM_ConfigChannel
                0x00000000080084bc      0x184 ./Drivers/STM32F4xx_HAL_Driver/Src/stm32f4xx_hal_tim.o
                0x00000000080084bc                HAL_TIM_PWM_ConfigChannel
 .text.HAL_TIM_ConfigClockSource
                0x0000000008008640      0x18e ./Drivers/STM32F4xx_HAL_Driver/Src/stm32f4xx_hal_tim.o
                0x0000000008008640                HAL_TIM_ConfigClockSource
 .text.HAL_TIM_OC_DelayElapsedCallback
                0x00000000080087ce       0x14 ./Drivers/STM32F4xx_HAL_Driver/Src/stm32f4xx_hal_tim.o
                0x00000000080087ce                HAL_TIM_OC_DelayElapsedCallback
 .text.HAL_TIM_IC_CaptureCallback
                0x00000000080087e2       0x14 ./Drivers/STM32F4xx_HAL_Driver/Src/stm32f4xx_hal_tim.o
                0x00000000080087e2                HAL_TIM_IC_CaptureCallback
 .text.HAL_TIM_PWM_PulseFinishedCallback
                0x00000000080087f6       0x14 ./Drivers/STM32F4xx_HAL_Driver/Src/stm32f4xx_hal_tim.o
                0x00000000080087f6                HAL_TIM_PWM_PulseFinishedCallback
 .text.HAL_TIM_TriggerCallback
                0x000000000800880a       0x14 ./Drivers/STM32F4xx_HAL_Driver/Src/stm32f4xx_hal_tim.o
                0x000000000800880a                HAL_TIM_TriggerCallback
 *fill*         0x000000000800881e        0x2 
 .text.TIM_Base_SetConfig
                0x0000000008008820      0x100 ./Drivers/STM32F4xx_HAL_Driver/Src/stm32f4xx_hal_tim.o
                0x0000000008008820                TIM_Base_SetConfig
 .text.TIM_OC1_SetConfig
                0x0000000008008920       0xcc ./Drivers/STM32F4xx_HAL_Driver/Src/stm32f4xx_hal_tim.o
 .text.TIM_OC2_SetConfig
                0x00000000080089ec       0xd8 ./Drivers/STM32F4xx_HAL_Driver/Src/stm32f4xx_hal_tim.o
                0x00000000080089ec                TIM_OC2_SetConfig
 .text.TIM_OC3_SetConfig
                0x0000000008008ac4       0xd4 ./Drivers/STM32F4xx_HAL_Driver/Src/stm32f4xx_hal_tim.o
 .text.TIM_OC4_SetConfig
                0x0000000008008b98       0xa0 ./Drivers/STM32F4xx_HAL_Driver/Src/stm32f4xx_hal_tim.o
 .text.TIM_TI1_ConfigInputStage
                0x0000000008008c38       0x5e ./Drivers/STM32F4xx_HAL_Driver/Src/stm32f4xx_hal_tim.o
 .text.TIM_TI2_ConfigInputStage
                0x0000000008008c96       0x60 ./Drivers/STM32F4xx_HAL_Driver/Src/stm32f4xx_hal_tim.o
 .text.TIM_ITRx_SetConfig
                0x0000000008008cf6       0x36 ./Drivers/STM32F4xx_HAL_Driver/Src/stm32f4xx_hal_tim.o
 .text.TIM_ETR_SetConfig
                0x0000000008008d2c       0x40 ./Drivers/STM32F4xx_HAL_Driver/Src/stm32f4xx_hal_tim.o
                0x0000000008008d2c                TIM_ETR_SetConfig
 .text.TIM_CCxChannelCmd
                0x0000000008008d6c       0x4a ./Drivers/STM32F4xx_HAL_Driver/Src/stm32f4xx_hal_tim.o
                0x0000000008008d6c                TIM_CCxChannelCmd
 *fill*         0x0000000008008db6        0x2 
 .text.HAL_TIMEx_MasterConfigSynchronization
                0x0000000008008db8       0xdc ./Drivers/STM32F4xx_HAL_Driver/Src/stm32f4xx_hal_tim_ex.o
                0x0000000008008db8                HAL_TIMEx_MasterConfigSynchronization
 .text.HAL_TIMEx_CommutCallback
                0x0000000008008e94       0x14 ./Drivers/STM32F4xx_HAL_Driver/Src/stm32f4xx_hal_tim_ex.o
                0x0000000008008e94                HAL_TIMEx_CommutCallback
 .text.HAL_TIMEx_BreakCallback
                0x0000000008008ea8       0x14 ./Drivers/STM32F4xx_HAL_Driver/Src/stm32f4xx_hal_tim_ex.o
                0x0000000008008ea8                HAL_TIMEx_BreakCallback
 .text.HAL_UART_Init
                0x0000000008008ebc       0x9a ./Drivers/STM32F4xx_HAL_Driver/Src/stm32f4xx_hal_uart.o
                0x0000000008008ebc                HAL_UART_Init
 *fill*         0x0000000008008f56        0x2 
 .text.HAL_UART_Transmit_DMA
                0x0000000008008f58       0xfc ./Drivers/STM32F4xx_HAL_Driver/Src/stm32f4xx_hal_uart.o
                0x0000000008008f58                HAL_UART_Transmit_DMA
 .text.HAL_UARTEx_ReceiveToIdle_DMA
                0x0000000008009054       0xca ./Drivers/STM32F4xx_HAL_Driver/Src/stm32f4xx_hal_uart.o
                0x0000000008009054                HAL_UARTEx_ReceiveToIdle_DMA
 *fill*         0x000000000800911e        0x2 
 .text.HAL_UART_IRQHandler
                0x0000000008009120      0x51c ./Drivers/STM32F4xx_HAL_Driver/Src/stm32f4xx_hal_uart.o
                0x0000000008009120                HAL_UART_IRQHandler
 .text.HAL_UART_TxHalfCpltCallback
                0x000000000800963c       0x14 ./Drivers/STM32F4xx_HAL_Driver/Src/stm32f4xx_hal_uart.o
                0x000000000800963c                HAL_UART_TxHalfCpltCallback
 .text.HAL_UART_RxCpltCallback
                0x0000000008009650       0x14 ./Drivers/STM32F4xx_HAL_Driver/Src/stm32f4xx_hal_uart.o
                0x0000000008009650                HAL_UART_RxCpltCallback
 .text.HAL_UART_RxHalfCpltCallback
                0x0000000008009664       0x14 ./Drivers/STM32F4xx_HAL_Driver/Src/stm32f4xx_hal_uart.o
                0x0000000008009664                HAL_UART_RxHalfCpltCallback
 .text.HAL_UART_ErrorCallback
                0x0000000008009678       0x14 ./Drivers/STM32F4xx_HAL_Driver/Src/stm32f4xx_hal_uart.o
                0x0000000008009678                HAL_UART_ErrorCallback
 .text.UART_DMATransmitCplt
                0x000000000800968c       0x9a ./Drivers/STM32F4xx_HAL_Driver/Src/stm32f4xx_hal_uart.o
 .text.UART_DMATxHalfCplt
                0x0000000008009726       0x1c ./Drivers/STM32F4xx_HAL_Driver/Src/stm32f4xx_hal_uart.o
 .text.UART_DMAReceiveCplt
                0x0000000008009742      0x126 ./Drivers/STM32F4xx_HAL_Driver/Src/stm32f4xx_hal_uart.o
 .text.UART_DMARxHalfCplt
                0x0000000008009868       0x36 ./Drivers/STM32F4xx_HAL_Driver/Src/stm32f4xx_hal_uart.o
 .text.UART_DMAError
                0x000000000800989e       0x94 ./Drivers/STM32F4xx_HAL_Driver/Src/stm32f4xx_hal_uart.o
 *fill*         0x0000000008009932        0x2 
 .text.UART_Start_Receive_DMA
                0x0000000008009934      0x13c ./Drivers/STM32F4xx_HAL_Driver/Src/stm32f4xx_hal_uart.o
                0x0000000008009934                UART_Start_Receive_DMA
 .text.UART_EndTxTransfer
                0x0000000008009a70       0x50 ./Drivers/STM32F4xx_HAL_Driver/Src/stm32f4xx_hal_uart.o
 .text.UART_EndRxTransfer
                0x0000000008009ac0       0xc6 ./Drivers/STM32F4xx_HAL_Driver/Src/stm32f4xx_hal_uart.o
 .text.UART_DMAAbortOnError
                0x0000000008009b86       0x28 ./Drivers/STM32F4xx_HAL_Driver/Src/stm32f4xx_hal_uart.o
 .text.UART_Transmit_IT
                0x0000000008009bae       0xa0 ./Drivers/STM32F4xx_HAL_Driver/Src/stm32f4xx_hal_uart.o
 .text.UART_EndTransmit_IT
                0x0000000008009c4e       0x30 ./Drivers/STM32F4xx_HAL_Driver/Src/stm32f4xx_hal_uart.o
 .text.UART_Receive_IT
                0x0000000008009c7e      0x176 ./Drivers/STM32F4xx_HAL_Driver/Src/stm32f4xx_hal_uart.o
 .text.UART_SetConfig
                0x0000000008009df4      0x4e8 ./Drivers/STM32F4xx_HAL_Driver/Src/stm32f4xx_hal_uart.o
 .text.__NVIC_SetPriority
                0x000000000800a2dc       0x54 ./Middlewares/Third_Party/FreeRTOS/Source/CMSIS_RTOS_V2/cmsis_os2.o
 .text.SysTick_Handler
                0x000000000800a330       0x20 ./Middlewares/Third_Party/FreeRTOS/Source/CMSIS_RTOS_V2/cmsis_os2.o
                0x000000000800a330                SysTick_Handler
 .text.SVC_Setup
                0x000000000800a350       0x12 ./Middlewares/Third_Party/FreeRTOS/Source/CMSIS_RTOS_V2/cmsis_os2.o
 *fill*         0x000000000800a362        0x2 
 .text.osKernelInitialize
                0x000000000800a364       0x48 ./Middlewares/Third_Party/FreeRTOS/Source/CMSIS_RTOS_V2/cmsis_os2.o
                0x000000000800a364                osKernelInitialize
 .text.osKernelStart
                0x000000000800a3ac       0x4c ./Middlewares/Third_Party/FreeRTOS/Source/CMSIS_RTOS_V2/cmsis_os2.o
                0x000000000800a3ac                osKernelStart
 .text.osThreadNew
                0x000000000800a3f8      0x124 ./Middlewares/Third_Party/FreeRTOS/Source/CMSIS_RTOS_V2/cmsis_os2.o
                0x000000000800a3f8                osThreadNew
 .text.osThreadFlagsSet
                0x000000000800a51c       0x9c ./Middlewares/Third_Party/FreeRTOS/Source/CMSIS_RTOS_V2/cmsis_os2.o
                0x000000000800a51c                osThreadFlagsSet
 .text.osThreadFlagsClear
                0x000000000800a5b8       0x7c ./Middlewares/Third_Party/FreeRTOS/Source/CMSIS_RTOS_V2/cmsis_os2.o
                0x000000000800a5b8                osThreadFlagsClear
 .text.osThreadFlagsGet
                0x000000000800a634       0x42 ./Middlewares/Third_Party/FreeRTOS/Source/CMSIS_RTOS_V2/cmsis_os2.o
                0x000000000800a634                osThreadFlagsGet
 .text.osThreadFlagsWait
                0x000000000800a676      0x102 ./Middlewares/Third_Party/FreeRTOS/Source/CMSIS_RTOS_V2/cmsis_os2.o
                0x000000000800a676                osThreadFlagsWait
 .text.osDelay  0x000000000800a778       0x36 ./Middlewares/Third_Party/FreeRTOS/Source/CMSIS_RTOS_V2/cmsis_os2.o
                0x000000000800a778                osDelay
 .text.osMutexNew
                0x000000000800a7ae      0x10c ./Middlewares/Third_Party/FreeRTOS/Source/CMSIS_RTOS_V2/cmsis_os2.o
                0x000000000800a7ae                osMutexNew
 .text.osMutexAcquire
                0x000000000800a8ba       0x96 ./Middlewares/Third_Party/FreeRTOS/Source/CMSIS_RTOS_V2/cmsis_os2.o
                0x000000000800a8ba                osMutexAcquire
 .text.osMutexRelease
                0x000000000800a950       0x7a ./Middlewares/Third_Party/FreeRTOS/Source/CMSIS_RTOS_V2/cmsis_os2.o
                0x000000000800a950                osMutexRelease
 .text.osSemaphoreNew
                0x000000000800a9ca      0x112 ./Middlewares/Third_Party/FreeRTOS/Source/CMSIS_RTOS_V2/cmsis_os2.o
                0x000000000800a9ca                osSemaphoreNew
 .text.osSemaphoreAcquire
                0x000000000800aadc       0xa4 ./Middlewares/Third_Party/FreeRTOS/Source/CMSIS_RTOS_V2/cmsis_os2.o
                0x000000000800aadc                osSemaphoreAcquire
 .text.osSemaphoreRelease
                0x000000000800ab80       0x88 ./Middlewares/Third_Party/FreeRTOS/Source/CMSIS_RTOS_V2/cmsis_os2.o
                0x000000000800ab80                osSemaphoreRelease
 .text.osMessageQueueNew
                0x000000000800ac08       0xe6 ./Middlewares/Third_Party/FreeRTOS/Source/CMSIS_RTOS_V2/cmsis_os2.o
                0x000000000800ac08                osMessageQueueNew
 *fill*         0x000000000800acee        0x2 
 .text.osMessageQueuePut
                0x000000000800acf0       0xc0 ./Middlewares/Third_Party/FreeRTOS/Source/CMSIS_RTOS_V2/cmsis_os2.o
                0x000000000800acf0                osMessageQueuePut
 .text.osMessageQueueGet
                0x000000000800adb0       0xbc ./Middlewares/Third_Party/FreeRTOS/Source/CMSIS_RTOS_V2/cmsis_os2.o
                0x000000000800adb0                osMessageQueueGet
 .text.vApplicationGetIdleTaskMemory
                0x000000000800ae6c       0x34 ./Middlewares/Third_Party/FreeRTOS/Source/CMSIS_RTOS_V2/cmsis_os2.o
                0x000000000800ae6c                vApplicationGetIdleTaskMemory
 .text.vApplicationGetTimerTaskMemory
                0x000000000800aea0       0x34 ./Middlewares/Third_Party/FreeRTOS/Source/CMSIS_RTOS_V2/cmsis_os2.o
                0x000000000800aea0                vApplicationGetTimerTaskMemory
 .text.vListInitialise
                0x000000000800aed4       0x40 ./Middlewares/Third_Party/FreeRTOS/Source/list.o
                0x000000000800aed4                vListInitialise
 .text.vListInitialiseItem
                0x000000000800af14       0x1a ./Middlewares/Third_Party/FreeRTOS/Source/list.o
                0x000000000800af14                vListInitialiseItem
 .text.vListInsertEnd
                0x000000000800af2e       0x48 ./Middlewares/Third_Party/FreeRTOS/Source/list.o
                0x000000000800af2e                vListInsertEnd
 .text.vListInsert
                0x000000000800af76       0x72 ./Middlewares/Third_Party/FreeRTOS/Source/list.o
                0x000000000800af76                vListInsert
 .text.uxListRemove
                0x000000000800afe8       0x54 ./Middlewares/Third_Party/FreeRTOS/Source/list.o
                0x000000000800afe8                uxListRemove
 .text.xQueueGenericReset
                0x000000000800b03c       0xd0 ./Middlewares/Third_Party/FreeRTOS/Source/queue.o
                0x000000000800b03c                xQueueGenericReset
 .text.xQueueGenericCreateStatic
                0x000000000800b10c       0xf0 ./Middlewares/Third_Party/FreeRTOS/Source/queue.o
                0x000000000800b10c                xQueueGenericCreateStatic
 .text.xQueueGenericCreate
                0x000000000800b1fc       0x74 ./Middlewares/Third_Party/FreeRTOS/Source/queue.o
                0x000000000800b1fc                xQueueGenericCreate
 .text.prvInitialiseNewQueue
                0x000000000800b270       0x46 ./Middlewares/Third_Party/FreeRTOS/Source/queue.o
 .text.prvInitialiseMutex
                0x000000000800b2b6       0x34 ./Middlewares/Third_Party/FreeRTOS/Source/queue.o
 .text.xQueueCreateMutex
                0x000000000800b2ea       0x30 ./Middlewares/Third_Party/FreeRTOS/Source/queue.o
                0x000000000800b2ea                xQueueCreateMutex
 .text.xQueueCreateMutexStatic
                0x000000000800b31a       0x36 ./Middlewares/Third_Party/FreeRTOS/Source/queue.o
                0x000000000800b31a                xQueueCreateMutexStatic
 .text.xQueueGiveMutexRecursive
                0x000000000800b350       0x68 ./Middlewares/Third_Party/FreeRTOS/Source/queue.o
                0x000000000800b350                xQueueGiveMutexRecursive
 .text.xQueueTakeMutexRecursive
                0x000000000800b3b8       0x6c ./Middlewares/Third_Party/FreeRTOS/Source/queue.o
                0x000000000800b3b8                xQueueTakeMutexRecursive
 .text.xQueueCreateCountingSemaphoreStatic
                0x000000000800b424       0x6e ./Middlewares/Third_Party/FreeRTOS/Source/queue.o
                0x000000000800b424                xQueueCreateCountingSemaphoreStatic
 .text.xQueueCreateCountingSemaphore
                0x000000000800b492       0x66 ./Middlewares/Third_Party/FreeRTOS/Source/queue.o
                0x000000000800b492                xQueueCreateCountingSemaphore
 .text.xQueueGenericSend
                0x000000000800b4f8      0x1fc ./Middlewares/Third_Party/FreeRTOS/Source/queue.o
                0x000000000800b4f8                xQueueGenericSend
 .text.xQueueGenericSendFromISR
                0x000000000800b6f4      0x136 ./Middlewares/Third_Party/FreeRTOS/Source/queue.o
                0x000000000800b6f4                xQueueGenericSendFromISR
 .text.xQueueGiveFromISR
                0x000000000800b82a      0x11a ./Middlewares/Third_Party/FreeRTOS/Source/queue.o
                0x000000000800b82a                xQueueGiveFromISR
 .text.xQueueReceive
                0x000000000800b944      0x1c0 ./Middlewares/Third_Party/FreeRTOS/Source/queue.o
                0x000000000800b944                xQueueReceive
 .text.xQueueSemaphoreTake
                0x000000000800bb04      0x218 ./Middlewares/Third_Party/FreeRTOS/Source/queue.o
                0x000000000800bb04                xQueueSemaphoreTake
 .text.xQueueReceiveFromISR
                0x000000000800bd1c      0x100 ./Middlewares/Third_Party/FreeRTOS/Source/queue.o
                0x000000000800bd1c                xQueueReceiveFromISR
 .text.vQueueDelete
                0x000000000800be1c       0x46 ./Middlewares/Third_Party/FreeRTOS/Source/queue.o
                0x000000000800be1c                vQueueDelete
 .text.prvGetDisinheritPriorityAfterTimeout
                0x000000000800be62       0x30 ./Middlewares/Third_Party/FreeRTOS/Source/queue.o
 .text.prvCopyDataToQueue
                0x000000000800be92       0xd4 ./Middlewares/Third_Party/FreeRTOS/Source/queue.o
 .text.prvCopyDataFromQueue
                0x000000000800bf66       0x4c ./Middlewares/Third_Party/FreeRTOS/Source/queue.o
 .text.prvUnlockQueue
                0x000000000800bfb2       0xa4 ./Middlewares/Third_Party/FreeRTOS/Source/queue.o
 .text.prvIsQueueEmpty
                0x000000000800c056       0x2c ./Middlewares/Third_Party/FreeRTOS/Source/queue.o
 .text.prvIsQueueFull
                0x000000000800c082       0x30 ./Middlewares/Third_Party/FreeRTOS/Source/queue.o
 *fill*         0x000000000800c0b2        0x2 
 .text.vQueueAddToRegistry
                0x000000000800c0b4       0x54 ./Middlewares/Third_Party/FreeRTOS/Source/queue.o
                0x000000000800c0b4                vQueueAddToRegistry
 .text.vQueueUnregisterQueue
                0x000000000800c108       0x54 ./Middlewares/Third_Party/FreeRTOS/Source/queue.o
                0x000000000800c108                vQueueUnregisterQueue
 .text.vQueueWaitForMessageRestricted
                0x000000000800c15c       0x68 ./Middlewares/Third_Party/FreeRTOS/Source/queue.o
                0x000000000800c15c                vQueueWaitForMessageRestricted
 .text.xTaskCreateStatic
                0x000000000800c1c4       0xba ./Middlewares/Third_Party/FreeRTOS/Source/tasks.o
                0x000000000800c1c4                xTaskCreateStatic
 .text.xTaskCreate
                0x000000000800c27e       0x8a ./Middlewares/Third_Party/FreeRTOS/Source/tasks.o
                0x000000000800c27e                xTaskCreate
 .text.prvInitialiseNewTask
                0x000000000800c308      0x14c ./Middlewares/Third_Party/FreeRTOS/Source/tasks.o
 .text.prvAddNewTaskToReadyList
                0x000000000800c454       0xe0 ./Middlewares/Third_Party/FreeRTOS/Source/tasks.o
 .text.vTaskDelay
                0x000000000800c534       0x68 ./Middlewares/Third_Party/FreeRTOS/Source/tasks.o
                0x000000000800c534                vTaskDelay
 .text.vTaskStartScheduler
                0x000000000800c59c       0xe0 ./Middlewares/Third_Party/FreeRTOS/Source/tasks.o
                0x000000000800c59c                vTaskStartScheduler
 .text.vTaskSuspendAll
                0x000000000800c67c       0x1c ./Middlewares/Third_Party/FreeRTOS/Source/tasks.o
                0x000000000800c67c                vTaskSuspendAll
 .text.xTaskResumeAll
                0x000000000800c698      0x13c ./Middlewares/Third_Party/FreeRTOS/Source/tasks.o
                0x000000000800c698                xTaskResumeAll
 .text.xTaskGetTickCount
                0x000000000800c7d4       0x20 ./Middlewares/Third_Party/FreeRTOS/Source/tasks.o
                0x000000000800c7d4                xTaskGetTickCount
 .text.xTaskIncrementTick
                0x000000000800c7f4      0x174 ./Middlewares/Third_Party/FreeRTOS/Source/tasks.o
                0x000000000800c7f4                xTaskIncrementTick
 .text.vTaskSwitchContext
                0x000000000800c968       0xc8 ./Middlewares/Third_Party/FreeRTOS/Source/tasks.o
                0x000000000800c968                vTaskSwitchContext
 .text.vTaskPlaceOnEventList
                0x000000000800ca30       0x48 ./Middlewares/Third_Party/FreeRTOS/Source/tasks.o
                0x000000000800ca30                vTaskPlaceOnEventList
 .text.vTaskPlaceOnEventListRestricted
                0x000000000800ca78       0x58 ./Middlewares/Third_Party/FreeRTOS/Source/tasks.o
                0x000000000800ca78                vTaskPlaceOnEventListRestricted
 .text.xTaskRemoveFromEventList
                0x000000000800cad0       0xc8 ./Middlewares/Third_Party/FreeRTOS/Source/tasks.o
                0x000000000800cad0                xTaskRemoveFromEventList
 .text.vTaskInternalSetTimeOutState
                0x000000000800cb98       0x2c ./Middlewares/Third_Party/FreeRTOS/Source/tasks.o
                0x000000000800cb98                vTaskInternalSetTimeOutState
 .text.xTaskCheckForTimeOut
                0x000000000800cbc4       0xc4 ./Middlewares/Third_Party/FreeRTOS/Source/tasks.o
                0x000000000800cbc4                xTaskCheckForTimeOut
 .text.vTaskMissedYield
                0x000000000800cc88       0x18 ./Middlewares/Third_Party/FreeRTOS/Source/tasks.o
                0x000000000800cc88                vTaskMissedYield
 .text.prvIdleTask
                0x000000000800cca0       0x30 ./Middlewares/Third_Party/FreeRTOS/Source/tasks.o
 .text.prvInitialiseTaskLists
                0x000000000800ccd0       0x80 ./Middlewares/Third_Party/FreeRTOS/Source/tasks.o
 .text.prvCheckTasksWaitingTermination
                0x000000000800cd50       0x5c ./Middlewares/Third_Party/FreeRTOS/Source/tasks.o
 .text.prvDeleteTCB
                0x000000000800cdac       0x68 ./Middlewares/Third_Party/FreeRTOS/Source/tasks.o
 .text.prvResetNextTaskUnblockTime
                0x000000000800ce14       0x40 ./Middlewares/Third_Party/FreeRTOS/Source/tasks.o
 .text.xTaskGetCurrentTaskHandle
                0x000000000800ce54       0x20 ./Middlewares/Third_Party/FreeRTOS/Source/tasks.o
                0x000000000800ce54                xTaskGetCurrentTaskHandle
 .text.xTaskGetSchedulerState
                0x000000000800ce74       0x3c ./Middlewares/Third_Party/FreeRTOS/Source/tasks.o
                0x000000000800ce74                xTaskGetSchedulerState
 .text.xTaskPriorityInherit
                0x000000000800ceb0       0xd0 ./Middlewares/Third_Party/FreeRTOS/Source/tasks.o
                0x000000000800ceb0                xTaskPriorityInherit
 .text.xTaskPriorityDisinherit
                0x000000000800cf80       0xdc ./Middlewares/Third_Party/FreeRTOS/Source/tasks.o
                0x000000000800cf80                xTaskPriorityDisinherit
 .text.vTaskPriorityDisinheritAfterTimeout
                0x000000000800d05c      0x104 ./Middlewares/Third_Party/FreeRTOS/Source/tasks.o
                0x000000000800d05c                vTaskPriorityDisinheritAfterTimeout
 .text.pvTaskIncrementMutexHeldCount
                0x000000000800d160       0x28 ./Middlewares/Third_Party/FreeRTOS/Source/tasks.o
                0x000000000800d160                pvTaskIncrementMutexHeldCount
 .text.xTaskNotifyWait
                0x000000000800d188       0xc0 ./Middlewares/Third_Party/FreeRTOS/Source/tasks.o
                0x000000000800d188                xTaskNotifyWait
 .text.xTaskGenericNotify
                0x000000000800d248      0x17c ./Middlewares/Third_Party/FreeRTOS/Source/tasks.o
                0x000000000800d248                xTaskGenericNotify
 .text.xTaskGenericNotifyFromISR
                0x000000000800d3c4      0x1c8 ./Middlewares/Third_Party/FreeRTOS/Source/tasks.o
                0x000000000800d3c4                xTaskGenericNotifyFromISR
 .text.prvAddCurrentTaskToDelayedList
                0x000000000800d58c       0xa8 ./Middlewares/Third_Party/FreeRTOS/Source/tasks.o
 .text.xTimerCreateTimerTask
                0x000000000800d634       0x90 ./Middlewares/Third_Party/FreeRTOS/Source/timers.o
                0x000000000800d634                xTimerCreateTimerTask
 .text.xTimerGenericCommand
                0x000000000800d6c4       0x9c ./Middlewares/Third_Party/FreeRTOS/Source/timers.o
                0x000000000800d6c4                xTimerGenericCommand
 .text.prvProcessExpiredTimer
                0x000000000800d760       0x98 ./Middlewares/Third_Party/FreeRTOS/Source/timers.o
 .text.prvTimerTask
                0x000000000800d7f8       0x24 ./Middlewares/Third_Party/FreeRTOS/Source/timers.o
 .text.prvProcessTimerOrBlockTask
                0x000000000800d81c       0x9c ./Middlewares/Third_Party/FreeRTOS/Source/timers.o
 .text.prvGetNextExpireTime
                0x000000000800d8b8       0x48 ./Middlewares/Third_Party/FreeRTOS/Source/timers.o
 .text.prvSampleTimeNow
                0x000000000800d900       0x40 ./Middlewares/Third_Party/FreeRTOS/Source/timers.o
 .text.prvInsertTimerInActiveList
                0x000000000800d940       0x84 ./Middlewares/Third_Party/FreeRTOS/Source/timers.o
 .text.prvProcessReceivedCommands
                0x000000000800d9c4      0x1c4 ./Middlewares/Third_Party/FreeRTOS/Source/timers.o
 .text.prvSwitchTimerLists
                0x000000000800db88       0xc8 ./Middlewares/Third_Party/FreeRTOS/Source/timers.o
 .text.prvCheckForValidListAndQueue
                0x000000000800dc50       0x80 ./Middlewares/Third_Party/FreeRTOS/Source/timers.o
 .text.pxPortInitialiseStack
                0x000000000800dcd0       0x68 ./Middlewares/Third_Party/FreeRTOS/Source/portable/GCC/ARM_CM4F/port.o
                0x000000000800dcd0                pxPortInitialiseStack
 .text.prvTaskExitError
                0x000000000800dd38       0x58 ./Middlewares/Third_Party/FreeRTOS/Source/portable/GCC/ARM_CM4F/port.o
 .text.SVC_Handler
                0x000000000800dd90       0x28 ./Middlewares/Third_Party/FreeRTOS/Source/portable/GCC/ARM_CM4F/port.o
                0x000000000800dd90                SVC_Handler
 .text.prvPortStartFirstTask
                0x000000000800ddb8       0x28 ./Middlewares/Third_Party/FreeRTOS/Source/portable/GCC/ARM_CM4F/port.o
 .text.xPortStartScheduler
                0x000000000800dde0      0x144 ./Middlewares/Third_Party/FreeRTOS/Source/portable/GCC/ARM_CM4F/port.o
                0x000000000800dde0                xPortStartScheduler
 .text.vPortEnterCritical
                0x000000000800df24       0x60 ./Middlewares/Third_Party/FreeRTOS/Source/portable/GCC/ARM_CM4F/port.o
                0x000000000800df24                vPortEnterCritical
 .text.vPortExitCritical
                0x000000000800df84       0x54 ./Middlewares/Third_Party/FreeRTOS/Source/portable/GCC/ARM_CM4F/port.o
                0x000000000800df84                vPortExitCritical
 *fill*         0x000000000800dfd8        0x8 
 .text.PendSV_Handler
                0x000000000800dfe0       0x68 ./Middlewares/Third_Party/FreeRTOS/Source/portable/GCC/ARM_CM4F/port.o
                0x000000000800dfe0                PendSV_Handler
 .text.xPortSysTickHandler
                0x000000000800e048       0x44 ./Middlewares/Third_Party/FreeRTOS/Source/portable/GCC/ARM_CM4F/port.o
                0x000000000800e048                xPortSysTickHandler
 .text.vPortSetupTimerInterrupt
                0x000000000800e08c       0x48 ./Middlewares/Third_Party/FreeRTOS/Source/portable/GCC/ARM_CM4F/port.o
                0x000000000800e08c                vPortSetupTimerInterrupt
 .text.vPortEnableVFP
                0x000000000800e0d4       0x14 ./Middlewares/Third_Party/FreeRTOS/Source/portable/GCC/ARM_CM4F/port.o
 .text.vPortValidateInterruptPriority
                0x000000000800e0e8       0x80 ./Middlewares/Third_Party/FreeRTOS/Source/portable/GCC/ARM_CM4F/port.o
                0x000000000800e0e8                vPortValidateInterruptPriority
 .text.pvPortMalloc
                0x000000000800e168      0x198 ./Middlewares/Third_Party/FreeRTOS/Source/portable/MemMang/heap_4.o
                0x000000000800e168                pvPortMalloc
 .text.vPortFree
                0x000000000800e300       0xc4 ./Middlewares/Third_Party/FreeRTOS/Source/portable/MemMang/heap_4.o
                0x000000000800e300                vPortFree
 .text.prvHeapInit
                0x000000000800e3c4       0xc4 ./Middlewares/Third_Party/FreeRTOS/Source/portable/MemMang/heap_4.o
 .text.prvInsertBlockIntoFreeList
                0x000000000800e488       0xb4 ./Middlewares/Third_Party/FreeRTOS/Source/portable/MemMang/heap_4.o
 .text.atof     0x000000000800e53c        0x6 c:/st/stm32cubeide_1.4.0/stm32cubeide/plugins/com.st.stm32cube.ide.mcu.externaltools.gnu-tools-for-stm32.10.3-2021.10.win32_1.0.0.202111181127/tools/bin/../lib/gcc/arm-none-eabi/10.3.1/../../../../arm-none-eabi/lib/thumb/v7e-m+fp/hard\libc_nano.a(lib_a-atof.o)
                0x000000000800e53c                atof
 .text.atoi     0x000000000800e542        0x8 c:/st/stm32cubeide_1.4.0/stm32cubeide/plugins/com.st.stm32cube.ide.mcu.externaltools.gnu-tools-for-stm32.10.3-2021.10.win32_1.0.0.202111181127/tools/bin/../lib/gcc/arm-none-eabi/10.3.1/../../../../arm-none-eabi/lib/thumb/v7e-m+fp/hard\libc_nano.a(lib_a-atoi.o)
                0x000000000800e542                atoi
 *fill*         0x000000000800e54a        0x2 
 .text.__errno  0x000000000800e54c        0xc c:/st/stm32cubeide_1.4.0/stm32cubeide/plugins/com.st.stm32cube.ide.mcu.externaltools.gnu-tools-for-stm32.10.3-2021.10.win32_1.0.0.202111181127/tools/bin/../lib/gcc/arm-none-eabi/10.3.1/../../../../arm-none-eabi/lib/thumb/v7e-m+fp/hard\libc_nano.a(lib_a-errno.o)
                0x000000000800e54c                __errno
 .text.std      0x000000000800e558       0x48 c:/st/stm32cubeide_1.4.0/stm32cubeide/plugins/com.st.stm32cube.ide.mcu.externaltools.gnu-tools-for-stm32.10.3-2021.10.win32_1.0.0.202111181127/tools/bin/../lib/gcc/arm-none-eabi/10.3.1/../../../../arm-none-eabi/lib/thumb/v7e-m+fp/hard\libc_nano.a(lib_a-findfp.o)
 .text._cleanup_r
                0x000000000800e5a0        0xc c:/st/stm32cubeide_1.4.0/stm32cubeide/plugins/com.st.stm32cube.ide.mcu.externaltools.gnu-tools-for-stm32.10.3-2021.10.win32_1.0.0.202111181127/tools/bin/../lib/gcc/arm-none-eabi/10.3.1/../../../../arm-none-eabi/lib/thumb/v7e-m+fp/hard\libc_nano.a(lib_a-findfp.o)
                0x000000000800e5a0                _cleanup_r
 .text.__sfmoreglue
                0x000000000800e5ac       0x2c c:/st/stm32cubeide_1.4.0/stm32cubeide/plugins/com.st.stm32cube.ide.mcu.externaltools.gnu-tools-for-stm32.10.3-2021.10.win32_1.0.0.202111181127/tools/bin/../lib/gcc/arm-none-eabi/10.3.1/../../../../arm-none-eabi/lib/thumb/v7e-m+fp/hard\libc_nano.a(lib_a-findfp.o)
                0x000000000800e5ac                __sfmoreglue
 .text.__sfp_lock_acquire
                0x000000000800e5d8        0xc c:/st/stm32cubeide_1.4.0/stm32cubeide/plugins/com.st.stm32cube.ide.mcu.externaltools.gnu-tools-for-stm32.10.3-2021.10.win32_1.0.0.202111181127/tools/bin/../lib/gcc/arm-none-eabi/10.3.1/../../../../arm-none-eabi/lib/thumb/v7e-m+fp/hard\libc_nano.a(lib_a-findfp.o)
                0x000000000800e5d8                __sfp_lock_acquire
 .text.__sfp_lock_release
                0x000000000800e5e4        0xc c:/st/stm32cubeide_1.4.0/stm32cubeide/plugins/com.st.stm32cube.ide.mcu.externaltools.gnu-tools-for-stm32.10.3-2021.10.win32_1.0.0.202111181127/tools/bin/../lib/gcc/arm-none-eabi/10.3.1/../../../../arm-none-eabi/lib/thumb/v7e-m+fp/hard\libc_nano.a(lib_a-findfp.o)
                0x000000000800e5e4                __sfp_lock_release
 .text.__sinit_lock_acquire
                0x000000000800e5f0        0xc c:/st/stm32cubeide_1.4.0/stm32cubeide/plugins/com.st.stm32cube.ide.mcu.externaltools.gnu-tools-for-stm32.10.3-2021.10.win32_1.0.0.202111181127/tools/bin/../lib/gcc/arm-none-eabi/10.3.1/../../../../arm-none-eabi/lib/thumb/v7e-m+fp/hard\libc_nano.a(lib_a-findfp.o)
                0x000000000800e5f0                __sinit_lock_acquire
 .text.__sinit_lock_release
                0x000000000800e5fc        0xc c:/st/stm32cubeide_1.4.0/stm32cubeide/plugins/com.st.stm32cube.ide.mcu.externaltools.gnu-tools-for-stm32.10.3-2021.10.win32_1.0.0.202111181127/tools/bin/../lib/gcc/arm-none-eabi/10.3.1/../../../../arm-none-eabi/lib/thumb/v7e-m+fp/hard\libc_nano.a(lib_a-findfp.o)
                0x000000000800e5fc                __sinit_lock_release
 .text.__sinit  0x000000000800e608       0x70 c:/st/stm32cubeide_1.4.0/stm32cubeide/plugins/com.st.stm32cube.ide.mcu.externaltools.gnu-tools-for-stm32.10.3-2021.10.win32_1.0.0.202111181127/tools/bin/../lib/gcc/arm-none-eabi/10.3.1/../../../../arm-none-eabi/lib/thumb/v7e-m+fp/hard\libc_nano.a(lib_a-findfp.o)
                0x000000000800e608                __sinit
 .text.__sfp    0x000000000800e678       0x8c c:/st/stm32cubeide_1.4.0/stm32cubeide/plugins/com.st.stm32cube.ide.mcu.externaltools.gnu-tools-for-stm32.10.3-2021.10.win32_1.0.0.202111181127/tools/bin/../lib/gcc/arm-none-eabi/10.3.1/../../../../arm-none-eabi/lib/thumb/v7e-m+fp/hard\libc_nano.a(lib_a-findfp.o)
                0x000000000800e678                __sfp
 .text._fwalk_reent
                0x000000000800e704       0x3e c:/st/stm32cubeide_1.4.0/stm32cubeide/plugins/com.st.stm32cube.ide.mcu.externaltools.gnu-tools-for-stm32.10.3-2021.10.win32_1.0.0.202111181127/tools/bin/../lib/gcc/arm-none-eabi/10.3.1/../../../../arm-none-eabi/lib/thumb/v7e-m+fp/hard\libc_nano.a(lib_a-fwalk.o)
                0x000000000800e704                _fwalk_reent
 *fill*         0x000000000800e742        0x2 
 .text.__libc_init_array
                0x000000000800e744       0x48 c:/st/stm32cubeide_1.4.0/stm32cubeide/plugins/com.st.stm32cube.ide.mcu.externaltools.gnu-tools-for-stm32.10.3-2021.10.win32_1.0.0.202111181127/tools/bin/../lib/gcc/arm-none-eabi/10.3.1/../../../../arm-none-eabi/lib/thumb/v7e-m+fp/hard\libc_nano.a(lib_a-init.o)
                0x000000000800e744                __libc_init_array
 .text.__retarget_lock_init_recursive
                0x000000000800e78c        0x2 c:/st/stm32cubeide_1.4.0/stm32cubeide/plugins/com.st.stm32cube.ide.mcu.externaltools.gnu-tools-for-stm32.10.3-2021.10.win32_1.0.0.202111181127/tools/bin/../lib/gcc/arm-none-eabi/10.3.1/../../../../arm-none-eabi/lib/thumb/v7e-m+fp/hard\libc_nano.a(lib_a-lock.o)
                0x000000000800e78c                __retarget_lock_init_recursive
 .text.__retarget_lock_acquire_recursive
                0x000000000800e78e        0x2 c:/st/stm32cubeide_1.4.0/stm32cubeide/plugins/com.st.stm32cube.ide.mcu.externaltools.gnu-tools-for-stm32.10.3-2021.10.win32_1.0.0.202111181127/tools/bin/../lib/gcc/arm-none-eabi/10.3.1/../../../../arm-none-eabi/lib/thumb/v7e-m+fp/hard\libc_nano.a(lib_a-lock.o)
                0x000000000800e78e                __retarget_lock_acquire_recursive
 .text.__retarget_lock_release_recursive
                0x000000000800e790        0x2 c:/st/stm32cubeide_1.4.0/stm32cubeide/plugins/com.st.stm32cube.ide.mcu.externaltools.gnu-tools-for-stm32.10.3-2021.10.win32_1.0.0.202111181127/tools/bin/../lib/gcc/arm-none-eabi/10.3.1/../../../../arm-none-eabi/lib/thumb/v7e-m+fp/hard\libc_nano.a(lib_a-lock.o)
                0x000000000800e790                __retarget_lock_release_recursive
 .text.memcpy   0x000000000800e792       0x1c c:/st/stm32cubeide_1.4.0/stm32cubeide/plugins/com.st.stm32cube.ide.mcu.externaltools.gnu-tools-for-stm32.10.3-2021.10.win32_1.0.0.202111181127/tools/bin/../lib/gcc/arm-none-eabi/10.3.1/../../../../arm-none-eabi/lib/thumb/v7e-m+fp/hard\libc_nano.a(lib_a-memcpy-stub.o)
                0x000000000800e792                memcpy
 .text.memset   0x000000000800e7ae       0x10 c:/st/stm32cubeide_1.4.0/stm32cubeide/plugins/com.st.stm32cube.ide.mcu.externaltools.gnu-tools-for-stm32.10.3-2021.10.win32_1.0.0.202111181127/tools/bin/../lib/gcc/arm-none-eabi/10.3.1/../../../../arm-none-eabi/lib/thumb/v7e-m+fp/hard\libc_nano.a(lib_a-memset.o)
                0x000000000800e7ae                memset
 *fill*         0x000000000800e7be        0x2 
 .text.sbrk_aligned
                0x000000000800e7c0       0x40 c:/st/stm32cubeide_1.4.0/stm32cubeide/plugins/com.st.stm32cube.ide.mcu.externaltools.gnu-tools-for-stm32.10.3-2021.10.win32_1.0.0.202111181127/tools/bin/../lib/gcc/arm-none-eabi/10.3.1/../../../../arm-none-eabi/lib/thumb/v7e-m+fp/hard\libc_nano.a(lib_a-nano-mallocr.o)
 .text._malloc_r
                0x000000000800e800       0xe8 c:/st/stm32cubeide_1.4.0/stm32cubeide/plugins/com.st.stm32cube.ide.mcu.externaltools.gnu-tools-for-stm32.10.3-2021.10.win32_1.0.0.202111181127/tools/bin/../lib/gcc/arm-none-eabi/10.3.1/../../../../arm-none-eabi/lib/thumb/v7e-m+fp/hard\libc_nano.a(lib_a-nano-mallocr.o)
                0x000000000800e800                _malloc_r
 .text.__cvt    0x000000000800e8e8       0xc4 c:/st/stm32cubeide_1.4.0/stm32cubeide/plugins/com.st.stm32cube.ide.mcu.externaltools.gnu-tools-for-stm32.10.3-2021.10.win32_1.0.0.202111181127/tools/bin/../lib/gcc/arm-none-eabi/10.3.1/../../../../arm-none-eabi/lib/thumb/v7e-m+fp/hard\libc_nano.a(lib_a-nano-vfprintf_float.o)
                0x000000000800e8e8                __cvt
 .text.__exponent
                0x000000000800e9ac       0x7c c:/st/stm32cubeide_1.4.0/stm32cubeide/plugins/com.st.stm32cube.ide.mcu.externaltools.gnu-tools-for-stm32.10.3-2021.10.win32_1.0.0.202111181127/tools/bin/../lib/gcc/arm-none-eabi/10.3.1/../../../../arm-none-eabi/lib/thumb/v7e-m+fp/hard\libc_nano.a(lib_a-nano-vfprintf_float.o)
                0x000000000800e9ac                __exponent
 .text._printf_float
                0x000000000800ea28      0x46c c:/st/stm32cubeide_1.4.0/stm32cubeide/plugins/com.st.stm32cube.ide.mcu.externaltools.gnu-tools-for-stm32.10.3-2021.10.win32_1.0.0.202111181127/tools/bin/../lib/gcc/arm-none-eabi/10.3.1/../../../../arm-none-eabi/lib/thumb/v7e-m+fp/hard\libc_nano.a(lib_a-nano-vfprintf_float.o)
                0x000000000800ea28                _printf_float
 .text._printf_common
                0x000000000800ee94       0xda c:/st/stm32cubeide_1.4.0/stm32cubeide/plugins/com.st.stm32cube.ide.mcu.externaltools.gnu-tools-for-stm32.10.3-2021.10.win32_1.0.0.202111181127/tools/bin/../lib/gcc/arm-none-eabi/10.3.1/../../../../arm-none-eabi/lib/thumb/v7e-m+fp/hard\libc_nano.a(lib_a-nano-vfprintf_i.o)
                0x000000000800ee94                _printf_common
 *fill*         0x000000000800ef6e        0x2 
 .text._printf_i
                0x000000000800ef70      0x24c c:/st/stm32cubeide_1.4.0/stm32cubeide/plugins/com.st.stm32cube.ide.mcu.externaltools.gnu-tools-for-stm32.10.3-2021.10.win32_1.0.0.202111181127/tools/bin/../lib/gcc/arm-none-eabi/10.3.1/../../../../arm-none-eabi/lib/thumb/v7e-m+fp/hard\libc_nano.a(lib_a-nano-vfprintf_i.o)
                0x000000000800ef70                _printf_i
 .text.cleanup_glue
                0x000000000800f1bc       0x1a c:/st/stm32cubeide_1.4.0/stm32cubeide/plugins/com.st.stm32cube.ide.mcu.externaltools.gnu-tools-for-stm32.10.3-2021.10.win32_1.0.0.202111181127/tools/bin/../lib/gcc/arm-none-eabi/10.3.1/../../../../arm-none-eabi/lib/thumb/v7e-m+fp/hard\libc_nano.a(lib_a-reent.o)
                0x000000000800f1bc                cleanup_glue
 *fill*         0x000000000800f1d6        0x2 
 .text._reclaim_reent
                0x000000000800f1d8       0xb8 c:/st/stm32cubeide_1.4.0/stm32cubeide/plugins/com.st.stm32cube.ide.mcu.externaltools.gnu-tools-for-stm32.10.3-2021.10.win32_1.0.0.202111181127/tools/bin/../lib/gcc/arm-none-eabi/10.3.1/../../../../arm-none-eabi/lib/thumb/v7e-m+fp/hard\libc_nano.a(lib_a-reent.o)
                0x000000000800f1d8                _reclaim_reent
 .text._sbrk_r  0x000000000800f290       0x20 c:/st/stm32cubeide_1.4.0/stm32cubeide/plugins/com.st.stm32cube.ide.mcu.externaltools.gnu-tools-for-stm32.10.3-2021.10.win32_1.0.0.202111181127/tools/bin/../lib/gcc/arm-none-eabi/10.3.1/../../../../arm-none-eabi/lib/thumb/v7e-m+fp/hard\libc_nano.a(lib_a-sbrkr.o)
                0x000000000800f290                _sbrk_r
 .text.sprintf  0x000000000800f2b0       0x40 c:/st/stm32cubeide_1.4.0/stm32cubeide/plugins/com.st.stm32cube.ide.mcu.externaltools.gnu-tools-for-stm32.10.3-2021.10.win32_1.0.0.202111181127/tools/bin/../lib/gcc/arm-none-eabi/10.3.1/../../../../arm-none-eabi/lib/thumb/v7e-m+fp/hard\libc_nano.a(lib_a-sprintf.o)
                0x000000000800f2b0                siprintf
                0x000000000800f2b0                sprintf
 .text.__sread  0x000000000800f2f0       0x22 c:/st/stm32cubeide_1.4.0/stm32cubeide/plugins/com.st.stm32cube.ide.mcu.externaltools.gnu-tools-for-stm32.10.3-2021.10.win32_1.0.0.202111181127/tools/bin/../lib/gcc/arm-none-eabi/10.3.1/../../../../arm-none-eabi/lib/thumb/v7e-m+fp/hard\libc_nano.a(lib_a-stdio.o)
                0x000000000800f2f0                __sread
 .text.__swrite
                0x000000000800f312       0x38 c:/st/stm32cubeide_1.4.0/stm32cubeide/plugins/com.st.stm32cube.ide.mcu.externaltools.gnu-tools-for-stm32.10.3-2021.10.win32_1.0.0.202111181127/tools/bin/../lib/gcc/arm-none-eabi/10.3.1/../../../../arm-none-eabi/lib/thumb/v7e-m+fp/hard\libc_nano.a(lib_a-stdio.o)
                0x000000000800f312                __swrite
 .text.__sseek  0x000000000800f34a       0x24 c:/st/stm32cubeide_1.4.0/stm32cubeide/plugins/com.st.stm32cube.ide.mcu.externaltools.gnu-tools-for-stm32.10.3-2021.10.win32_1.0.0.202111181127/tools/bin/../lib/gcc/arm-none-eabi/10.3.1/../../../../arm-none-eabi/lib/thumb/v7e-m+fp/hard\libc_nano.a(lib_a-stdio.o)
                0x000000000800f34a                __sseek
 .text.__sclose
                0x000000000800f36e        0x8 c:/st/stm32cubeide_1.4.0/stm32cubeide/plugins/com.st.stm32cube.ide.mcu.externaltools.gnu-tools-for-stm32.10.3-2021.10.win32_1.0.0.202111181127/tools/bin/../lib/gcc/arm-none-eabi/10.3.1/../../../../arm-none-eabi/lib/thumb/v7e-m+fp/hard\libc_nano.a(lib_a-stdio.o)
                0x000000000800f36e                __sclose
 .text.sulp     0x000000000800f376       0x38 c:/st/stm32cubeide_1.4.0/stm32cubeide/plugins/com.st.stm32cube.ide.mcu.externaltools.gnu-tools-for-stm32.10.3-2021.10.win32_1.0.0.202111181127/tools/bin/../lib/gcc/arm-none-eabi/10.3.1/../../../../arm-none-eabi/lib/thumb/v7e-m+fp/hard\libc_nano.a(lib_a-strtod.o)
 *fill*         0x000000000800f3ae        0x2 
 .text._strtod_l
                0x000000000800f3b0      0xc0c c:/st/stm32cubeide_1.4.0/stm32cubeide/plugins/com.st.stm32cube.ide.mcu.externaltools.gnu-tools-for-stm32.10.3-2021.10.win32_1.0.0.202111181127/tools/bin/../lib/gcc/arm-none-eabi/10.3.1/../../../../arm-none-eabi/lib/thumb/v7e-m+fp/hard\libc_nano.a(lib_a-strtod.o)
                0x000000000800f3b0                _strtod_l
 .text.strtod   0x000000000800ffbc       0x18 c:/st/stm32cubeide_1.4.0/stm32cubeide/plugins/com.st.stm32cube.ide.mcu.externaltools.gnu-tools-for-stm32.10.3-2021.10.win32_1.0.0.202111181127/tools/bin/../lib/gcc/arm-none-eabi/10.3.1/../../../../arm-none-eabi/lib/thumb/v7e-m+fp/hard\libc_nano.a(lib_a-strtod.o)
                0x000000000800ffbc                strtod
 .text.strtok   0x000000000800ffd4       0x68 c:/st/stm32cubeide_1.4.0/stm32cubeide/plugins/com.st.stm32cube.ide.mcu.externaltools.gnu-tools-for-stm32.10.3-2021.10.win32_1.0.0.202111181127/tools/bin/../lib/gcc/arm-none-eabi/10.3.1/../../../../arm-none-eabi/lib/thumb/v7e-m+fp/hard\libc_nano.a(lib_a-strtok.o)
                0x000000000800ffd4                strtok
 .text.__strtok_r
                0x000000000801003c       0x50 c:/st/stm32cubeide_1.4.0/stm32cubeide/plugins/com.st.stm32cube.ide.mcu.externaltools.gnu-tools-for-stm32.10.3-2021.10.win32_1.0.0.202111181127/tools/bin/../lib/gcc/arm-none-eabi/10.3.1/../../../../arm-none-eabi/lib/thumb/v7e-m+fp/hard\libc_nano.a(lib_a-strtok_r.o)
                0x000000000801003c                __strtok_r
 .text._strtol_l.constprop.0
                0x000000000801008c      0x104 c:/st/stm32cubeide_1.4.0/stm32cubeide/plugins/com.st.stm32cube.ide.mcu.externaltools.gnu-tools-for-stm32.10.3-2021.10.win32_1.0.0.202111181127/tools/bin/../lib/gcc/arm-none-eabi/10.3.1/../../../../arm-none-eabi/lib/thumb/v7e-m+fp/hard\libc_nano.a(lib_a-strtol.o)
 .text.strtol   0x0000000008010190       0x14 c:/st/stm32cubeide_1.4.0/stm32cubeide/plugins/com.st.stm32cube.ide.mcu.externaltools.gnu-tools-for-stm32.10.3-2021.10.win32_1.0.0.202111181127/tools/bin/../lib/gcc/arm-none-eabi/10.3.1/../../../../arm-none-eabi/lib/thumb/v7e-m+fp/hard\libc_nano.a(lib_a-strtol.o)
                0x0000000008010190                strtol
 .text._write_r
                0x00000000080101a4       0x24 c:/st/stm32cubeide_1.4.0/stm32cubeide/plugins/com.st.stm32cube.ide.mcu.externaltools.gnu-tools-for-stm32.10.3-2021.10.win32_1.0.0.202111181127/tools/bin/../lib/gcc/arm-none-eabi/10.3.1/../../../../arm-none-eabi/lib/thumb/v7e-m+fp/hard\libc_nano.a(lib_a-writer.o)
                0x00000000080101a4                _write_r
 .text.__assert_func
                0x00000000080101c8       0x3c c:/st/stm32cubeide_1.4.0/stm32cubeide/plugins/com.st.stm32cube.ide.mcu.externaltools.gnu-tools-for-stm32.10.3-2021.10.win32_1.0.0.202111181127/tools/bin/../lib/gcc/arm-none-eabi/10.3.1/../../../../arm-none-eabi/lib/thumb/v7e-m+fp/hard\libc_nano.a(lib_a-assert.o)
                0x00000000080101c8                __assert_func
 .text._close_r
                0x0000000008010204       0x20 c:/st/stm32cubeide_1.4.0/stm32cubeide/plugins/com.st.stm32cube.ide.mcu.externaltools.gnu-tools-for-stm32.10.3-2021.10.win32_1.0.0.202111181127/tools/bin/../lib/gcc/arm-none-eabi/10.3.1/../../../../arm-none-eabi/lib/thumb/v7e-m+fp/hard\libc_nano.a(lib_a-closer.o)
                0x0000000008010204                _close_r
 .text.quorem   0x0000000008010224      0x116 c:/st/stm32cubeide_1.4.0/stm32cubeide/plugins/com.st.stm32cube.ide.mcu.externaltools.gnu-tools-for-stm32.10.3-2021.10.win32_1.0.0.202111181127/tools/bin/../lib/gcc/arm-none-eabi/10.3.1/../../../../arm-none-eabi/lib/thumb/v7e-m+fp/hard\libc_nano.a(lib_a-dtoa.o)
 *fill*         0x000000000801033a        0x6 
 .text._dtoa_r  0x0000000008010340      0xbdc c:/st/stm32cubeide_1.4.0/stm32cubeide/plugins/com.st.stm32cube.ide.mcu.externaltools.gnu-tools-for-stm32.10.3-2021.10.win32_1.0.0.202111181127/tools/bin/../lib/gcc/arm-none-eabi/10.3.1/../../../../arm-none-eabi/lib/thumb/v7e-m+fp/hard\libc_nano.a(lib_a-dtoa.o)
                0x0000000008010340                _dtoa_r
 .text.__sflush_r
                0x0000000008010f1c      0x10c c:/st/stm32cubeide_1.4.0/stm32cubeide/plugins/com.st.stm32cube.ide.mcu.externaltools.gnu-tools-for-stm32.10.3-2021.10.win32_1.0.0.202111181127/tools/bin/../lib/gcc/arm-none-eabi/10.3.1/../../../../arm-none-eabi/lib/thumb/v7e-m+fp/hard\libc_nano.a(lib_a-fflush.o)
                0x0000000008010f1c                __sflush_r
 .text._fflush_r
                0x0000000008011028       0x78 c:/st/stm32cubeide_1.4.0/stm32cubeide/plugins/com.st.stm32cube.ide.mcu.externaltools.gnu-tools-for-stm32.10.3-2021.10.win32_1.0.0.202111181127/tools/bin/../lib/gcc/arm-none-eabi/10.3.1/../../../../arm-none-eabi/lib/thumb/v7e-m+fp/hard\libc_nano.a(lib_a-fflush.o)
                0x0000000008011028                _fflush_r
 .text.fprintf  0x00000000080110a0       0x24 c:/st/stm32cubeide_1.4.0/stm32cubeide/plugins/com.st.stm32cube.ide.mcu.externaltools.gnu-tools-for-stm32.10.3-2021.10.win32_1.0.0.202111181127/tools/bin/../lib/gcc/arm-none-eabi/10.3.1/../../../../arm-none-eabi/lib/thumb/v7e-m+fp/hard\libc_nano.a(lib_a-fprintf.o)
                0x00000000080110a0                fiprintf
                0x00000000080110a0                fprintf
 .text.rshift   0x00000000080110c4       0xa4 c:/st/stm32cubeide_1.4.0/stm32cubeide/plugins/com.st.stm32cube.ide.mcu.externaltools.gnu-tools-for-stm32.10.3-2021.10.win32_1.0.0.202111181127/tools/bin/../lib/gcc/arm-none-eabi/10.3.1/../../../../arm-none-eabi/lib/thumb/v7e-m+fp/hard\libc_nano.a(lib_a-gdtoa-gethex.o)
 .text.__hexdig_fun
                0x0000000008011168       0x2a c:/st/stm32cubeide_1.4.0/stm32cubeide/plugins/com.st.stm32cube.ide.mcu.externaltools.gnu-tools-for-stm32.10.3-2021.10.win32_1.0.0.202111181127/tools/bin/../lib/gcc/arm-none-eabi/10.3.1/../../../../arm-none-eabi/lib/thumb/v7e-m+fp/hard\libc_nano.a(lib_a-gdtoa-gethex.o)
                0x0000000008011168                __hexdig_fun
 *fill*         0x0000000008011192        0x2 
 .text.__gethex
                0x0000000008011194      0x48c c:/st/stm32cubeide_1.4.0/stm32cubeide/plugins/com.st.stm32cube.ide.mcu.externaltools.gnu-tools-for-stm32.10.3-2021.10.win32_1.0.0.202111181127/tools/bin/../lib/gcc/arm-none-eabi/10.3.1/../../../../arm-none-eabi/lib/thumb/v7e-m+fp/hard\libc_nano.a(lib_a-gdtoa-gethex.o)
                0x0000000008011194                __gethex
 .text.L_shift  0x0000000008011620       0x24 c:/st/stm32cubeide_1.4.0/stm32cubeide/plugins/com.st.stm32cube.ide.mcu.externaltools.gnu-tools-for-stm32.10.3-2021.10.win32_1.0.0.202111181127/tools/bin/../lib/gcc/arm-none-eabi/10.3.1/../../../../arm-none-eabi/lib/thumb/v7e-m+fp/hard\libc_nano.a(lib_a-gdtoa-hexnan.o)
 .text.__match  0x0000000008011644       0x28 c:/st/stm32cubeide_1.4.0/stm32cubeide/plugins/com.st.stm32cube.ide.mcu.externaltools.gnu-tools-for-stm32.10.3-2021.10.win32_1.0.0.202111181127/tools/bin/../lib/gcc/arm-none-eabi/10.3.1/../../../../arm-none-eabi/lib/thumb/v7e-m+fp/hard\libc_nano.a(lib_a-gdtoa-hexnan.o)
                0x0000000008011644                __match
 .text.__hexnan
                0x000000000801166c      0x138 c:/st/stm32cubeide_1.4.0/stm32cubeide/plugins/com.st.stm32cube.ide.mcu.externaltools.gnu-tools-for-stm32.10.3-2021.10.win32_1.0.0.202111181127/tools/bin/../lib/gcc/arm-none-eabi/10.3.1/../../../../arm-none-eabi/lib/thumb/v7e-m+fp/hard\libc_nano.a(lib_a-gdtoa-hexnan.o)
                0x000000000801166c                __hexnan
 .text._localeconv_r
                0x00000000080117a4        0x8 c:/st/stm32cubeide_1.4.0/stm32cubeide/plugins/com.st.stm32cube.ide.mcu.externaltools.gnu-tools-for-stm32.10.3-2021.10.win32_1.0.0.202111181127/tools/bin/../lib/gcc/arm-none-eabi/10.3.1/../../../../arm-none-eabi/lib/thumb/v7e-m+fp/hard\libc_nano.a(lib_a-localeconv.o)