Archive member included to satisfy reference by file (symbol)

c:/st/stm32cubeide_1.4.0/stm32cubeide/plugins/com.st.stm32cube.ide.mcu.externaltools.gnu-tools-for-stm32.7-2018-q2-update.win32_1.5.0.202011040924/tools/bin/../lib/gcc/arm-none-eabi/7.3.1/../../../../arm-none-eabi/lib/thumb/v7e-m/fpv4-sp/hard\libc_nano.a(lib_a-errno.o)
                              Core/Src/syscalls.o (__errno)
c:/st/stm32cubeide_1.4.0/stm32cubeide/plugins/com.st.stm32cube.ide.mcu.externaltools.gnu-tools-for-stm32.7-2018-q2-update.win32_1.5.0.202011040924/tools/bin/../lib/gcc/arm-none-eabi/7.3.1/../../../../arm-none-eabi/lib/thumb/v7e-m/fpv4-sp/hard\libc_nano.a(lib_a-exit.o)
                              c:/st/stm32cubeide_1.4.0/stm32cubeide/plugins/com.st.stm32cube.ide.mcu.externaltools.gnu-tools-for-stm32.7-2018-q2-update.win32_1.5.0.202011040924/tools/bin/../lib/gcc/arm-none-eabi/7.3.1/../../../../arm-none-eabi/lib/thumb/v7e-m/fpv4-sp/hard/crt0.o (exit)
c:/st/stm32cubeide_1.4.0/stm32cubeide/plugins/com.st.stm32cube.ide.mcu.externaltools.gnu-tools-for-stm32.7-2018-q2-update.win32_1.5.0.202011040924/tools/bin/../lib/gcc/arm-none-eabi/7.3.1/../../../../arm-none-eabi/lib/thumb/v7e-m/fpv4-sp/hard\libc_nano.a(lib_a-impure.o)
                              c:/st/stm32cubeide_1.4.0/stm32cubeide/plugins/com.st.stm32cube.ide.mcu.externaltools.gnu-tools-for-stm32.7-2018-q2-update.win32_1.5.0.202011040924/tools/bin/../lib/gcc/arm-none-eabi/7.3.1/../../../../arm-none-eabi/lib/thumb/v7e-m/fpv4-sp/hard\libc_nano.a(lib_a-exit.o) (_global_impure_ptr)
c:/st/stm32cubeide_1.4.0/stm32cubeide/plugins/com.st.stm32cube.ide.mcu.externaltools.gnu-tools-for-stm32.7-2018-q2-update.win32_1.5.0.202011040924/tools/bin/../lib/gcc/arm-none-eabi/7.3.1/../../../../arm-none-eabi/lib/thumb/v7e-m/fpv4-sp/hard\libc_nano.a(lib_a-init.o)
                              c:/st/stm32cubeide_1.4.0/stm32cubeide/plugins/com.st.stm32cube.ide.mcu.externaltools.gnu-tools-for-stm32.7-2018-q2-update.win32_1.5.0.202011040924/tools/bin/../lib/gcc/arm-none-eabi/7.3.1/../../../../arm-none-eabi/lib/thumb/v7e-m/fpv4-sp/hard/crt0.o (__libc_init_array)
c:/st/stm32cubeide_1.4.0/stm32cubeide/plugins/com.st.stm32cube.ide.mcu.externaltools.gnu-tools-for-stm32.7-2018-q2-update.win32_1.5.0.202011040924/tools/bin/../lib/gcc/arm-none-eabi/7.3.1/../../../../arm-none-eabi/lib/thumb/v7e-m/fpv4-sp/hard\libc_nano.a(lib_a-memcpy-stub.o)
                              Middlewares/Third_Party/FreeRTOS/Source/CMSIS_RTOS_V2/cmsis_os2.o (memcpy)
c:/st/stm32cubeide_1.4.0/stm32cubeide/plugins/com.st.stm32cube.ide.mcu.externaltools.gnu-tools-for-stm32.7-2018-q2-update.win32_1.5.0.202011040924/tools/bin/../lib/gcc/arm-none-eabi/7.3.1/../../../../arm-none-eabi/lib/thumb/v7e-m/fpv4-sp/hard\libc_nano.a(lib_a-memset.o)
                              c:/st/stm32cubeide_1.4.0/stm32cubeide/plugins/com.st.stm32cube.ide.mcu.externaltools.gnu-tools-for-stm32.7-2018-q2-update.win32_1.5.0.202011040924/tools/bin/../lib/gcc/arm-none-eabi/7.3.1/../../../../arm-none-eabi/lib/thumb/v7e-m/fpv4-sp/hard/crt0.o (memset)
c:/st/stm32cubeide_1.4.0/stm32cubeide/plugins/com.st.stm32cube.ide.mcu.externaltools.gnu-tools-for-stm32.7-2018-q2-update.win32_1.5.0.202011040924/tools/bin/../lib/gcc/arm-none-eabi/7.3.1/../../../../arm-none-eabi/lib/thumb/v7e-m/fpv4-sp/hard\libc_nano.a(lib_a-nano-vfprintf_float.o)
                              (_printf_float)
c:/st/stm32cubeide_1.4.0/stm32cubeide/plugins/com.st.stm32cube.ide.mcu.externaltools.gnu-tools-for-stm32.7-2018-q2-update.win32_1.5.0.202011040924/tools/bin/../lib/gcc/arm-none-eabi/7.3.1/../../../../arm-none-eabi/lib/thumb/v7e-m/fpv4-sp/hard\libc_nano.a(lib_a-nano-vfprintf_i.o)
                              c:/st/stm32cubeide_1.4.0/stm32cubeide/plugins/com.st.stm32cube.ide.mcu.externaltools.gnu-tools-for-stm32.7-2018-q2-update.win32_1.5.0.202011040924/tools/bin/../lib/gcc/arm-none-eabi/7.3.1/../../../../arm-none-eabi/lib/thumb/v7e-m/fpv4-sp/hard\libc_nano.a(lib_a-nano-vfprintf_float.o) (_printf_common)
c:/st/stm32cubeide_1.4.0/stm32cubeide/plugins/com.st.stm32cube.ide.mcu.externaltools.gnu-tools-for-stm32.7-2018-q2-update.win32_1.5.0.202011040924/tools/bin/../lib/gcc/arm-none-eabi/7.3.1/../../../../arm-none-eabi/lib/thumb/v7e-m/fpv4-sp/hard\libc_nano.a(lib_a-strlen.o)
                              c:/st/stm32cubeide_1.4.0/stm32cubeide/plugins/com.st.stm32cube.ide.mcu.externaltools.gnu-tools-for-stm32.7-2018-q2-update.win32_1.5.0.202011040924/tools/bin/../lib/gcc/arm-none-eabi/7.3.1/../../../../arm-none-eabi/lib/thumb/v7e-m/fpv4-sp/hard\libc_nano.a(lib_a-nano-vfprintf_float.o) (strlen)
c:/st/stm32cubeide_1.4.0/stm32cubeide/plugins/com.st.stm32cube.ide.mcu.externaltools.gnu-tools-for-stm32.7-2018-q2-update.win32_1.5.0.202011040924/tools/bin/../lib/gcc/arm-none-eabi/7.3.1/../../../../arm-none-eabi/lib/thumb/v7e-m/fpv4-sp/hard\libc_nano.a(lib_a-dtoa.o)
[...]
Memory Configuration

Name             Origin             Length             Attributes
RAM              0x0000000020000000 0x0000000000020000 xrw
FLASH            0x0000000008000000 0x0000000000080000 xr
*default*        0x0000000000000000 0xffffffffffffffff

Linker script and memory map

LOAD c:/st/stm32cubeide_1.4.0/stm32cubeide/plugins/com.st.stm32cube.ide.mcu.externaltools.gnu-tools-for-stm32.7-2018-q2-update.win32_1.5.0.202011040924/tools/bin/../lib/gcc/arm-none-eabi/7.3.1/thumb/v7e-m/fpv4-sp/hard/crti.o
LOAD c:/st/stm32cubeide_1.4.0/stm32cubeide/plugins/com.st.stm32cube.ide.mcu.externaltools.gnu-tools-for-stm32.7-2018-q2-update.win32_1.5.0.202011040924/tools/bin/../lib/gcc/arm-none-eabi/7.3.1/thumb/v7e-m/fpv4-sp/hard/crtbegin.o
LOAD c:/st/stm32cubeide_1.4.0/stm32cubeide/plugins/com.st.stm32cube.ide.mcu.externaltools.gnu-tools-for-stm32.7-2018-q2-update.win32_1.5.0.202011040924/tools/bin/../lib/gcc/arm-none-eabi/7.3.1/../../../../arm-none-eabi/lib/thumb/v7e-m/fpv4-sp/hard/crt0.o
LOAD Core/Src/DRV8834.o
LOAD Core/Src/LSM6.o
LOAD Core/Src/PID.o
LOAD Core/Src/freertos.o
LOAD Core/Src/gpio.o
LOAD Core/Src/i2c.o
LOAD Core/Src/main.o
LOAD Core/Src/printf.o
LOAD Core/Src/stm32f4xx_hal_msp.o
LOAD Core/Src/stm32f4xx_hal_timebase_tim.o
LOAD Core/Src/stm32f4xx_it.o
LOAD Core/Src/syscalls.o
LOAD Core/Src/sysmem.o
LOAD Core/Src/system_stm32f4xx.o
LOAD Core/Src/tim.o
LOAD Core/Src/usart.o
LOAD Core/Startup/startup_stm32f411retx.o
LOAD Drivers/STM32F4xx_HAL_Driver/Src/stm32f4xx_hal.o
LOAD Drivers/STM32F4xx_HAL_Driver/Src/stm32f4xx_hal_cortex.o
LOAD Drivers/STM32F4xx_HAL_Driver/Src/stm32f4xx_hal_dma.o
LOAD Drivers/STM32F4xx_HAL_Driver/Src/stm32f4xx_hal_dma_ex.o
LOAD Drivers/STM32F4xx_HAL_Driver/Src/stm32f4xx_hal_exti.o
LOAD Drivers/STM32F4xx_HAL_Driver/Src/stm32f4xx_hal_flash.o
LOAD Drivers/STM32F4xx_HAL_Driver/Src/stm32f4xx_hal_flash_ex.o
LOAD Drivers/STM32F4xx_HAL_Driver/Src/stm32f4xx_hal_flash_ramfunc.o
LOAD Drivers/STM32F4xx_HAL_Driver/Src/stm32f4xx_hal_gpio.o
LOAD Drivers/STM32F4xx_HAL_Driver/Src/stm32f4xx_hal_i2c.o
LOAD Drivers/STM32F4xx_HAL_Driver/Src/stm32f4xx_hal_i2c_ex.o
LOAD Drivers/STM32F4xx_HAL_Driver/Src/stm32f4xx_hal_pwr.o
LOAD Drivers/STM32F4xx_HAL_Driver/Src/stm32f4xx_hal_pwr_ex.o
LOAD Drivers/STM32F4xx_HAL_Driver/Src/stm32f4xx_hal_rcc.o
LOAD Drivers/STM32F4xx_HAL_Driver/Src/stm32f4xx_hal_rcc_ex.o
LOAD Drivers/STM32F4xx_HAL_Driver/Src/stm32f4xx_hal_tim.o
LOAD Drivers/STM32F4xx_HAL_Driver/Src/stm32f4xx_hal_tim_ex.o
LOAD Drivers/STM32F4xx_HAL_Driver/Src/stm32f4xx_hal_uart.o
LOAD Middlewares/Third_Party/FreeRTOS/Source/CMSIS_RTOS_V2/cmsis_os2.o
LOAD Middlewares/Third_Party/FreeRTOS/Source/croutine.o
LOAD Middlewares/Third_Party/FreeRTOS/Source/event_groups.o
LOAD Middlewares/Third_Party/FreeRTOS/Source/list.o
LOAD Middlewares/Third_Party/FreeRTOS/Source/queue.o
LOAD Middlewares/Third_Party/FreeRTOS/Source/stream_buffer.o
LOAD Middlewares/Third_Party/FreeRTOS/Source/tasks.o
LOAD Middlewares/Third_Party/FreeRTOS/Source/timers.o
LOAD Middlewares/Third_Party/FreeRTOS/Source/portable/GCC/ARM_CM4F/port.o
LOAD Middlewares/Third_Party/FreeRTOS/Source/portable/MemMang/heap_4.o
START GROUP
LOAD c:/st/stm32cubeide_1.4.0/stm32cubeide/plugins/com.st.stm32cube.ide.mcu.externaltools.gnu-tools-for-stm32.7-2018-q2-update.win32_1.5.0.202011040924/tools/bin/../lib/gcc/arm-none-eabi/7.3.1/../../../../arm-none-eabi/lib/thumb/v7e-m/fpv4-sp/hard\libc_nano.a
LOAD c:/st/stm32cubeide_1.4.0/stm32cubeide/plugins/com.st.stm32cube.ide.mcu.externaltools.gnu-tools-for-stm32.7-2018-q2-update.win32_1.5.0.202011040924/tools/bin/../lib/gcc/arm-none-eabi/7.3.1/../../../../arm-none-eabi/lib/thumb/v7e-m/fpv4-sp/hard\libm.a
END GROUP
START GROUP
LOAD c:/st/stm32cubeide_1.4.0/stm32cubeide/plugins/com.st.stm32cube.ide.mcu.externaltools.gnu-tools-for-stm32.7-2018-q2-update.win32_1.5.0.202011040924/tools/bin/../lib/gcc/arm-none-eabi/7.3.1/thumb/v7e-m/fpv4-sp/hard\libgcc.a
LOAD c:/st/stm32cubeide_1.4.0/stm32cubeide/plugins/com.st.stm32cube.ide.mcu.externaltools.gnu-tools-for-stm32.7-2018-q2-update.win32_1.5.0.202011040924/tools/bin/../lib/gcc/arm-none-eabi/7.3.1/../../../../arm-none-eabi/lib/thumb/v7e-m/fpv4-sp/hard\libc_nano.a
END GROUP
START GROUP
LOAD c:/st/stm32cubeide_1.4.0/stm32cubeide/plugins/com.st.stm32cube.ide.mcu.externaltools.gnu-tools-for-stm32.7-2018-q2-update.win32_1.5.0.202011040924/tools/bin/../lib/gcc/arm-none-eabi/7.3.1/thumb/v7e-m/fpv4-sp/hard\libgcc.a
LOAD c:/st/stm32cubeide_1.4.0/stm32cubeide/plugins/com.st.stm32cube.ide.mcu.externaltools.gnu-tools-for-stm32.7-2018-q2-update.win32_1.5.0.202011040924/tools/bin/../lib/gcc/arm-none-eabi/7.3.1/../../../../arm-none-eabi/lib/thumb/v7e-m/fpv4-sp/hard\libc_nano.a
LOAD c:/st/stm32cubeide_1.4.0/stm32cubeide/plugins/com.st.stm32cube.ide.mcu.externaltools.gnu-tools-for-stm32.7-2018-q2-update.win32_1.5.0.202011040924/tools/bin/../lib/gcc/arm-none-eabi/7.3.1/../../../../arm-none-eabi/lib/thumb/v7e-m/fpv4-sp/hard\libnosys.a
END GROUP
START GROUP
LOAD c:/st/stm32cubeide_1.4.0/stm32cubeide/plugins/com.st.stm32cube.ide.mcu.externaltools.gnu-tools-for-stm32.7-2018-q2-update.win32_1.5.0.202011040924/tools/bin/../lib/gcc/arm-none-eabi/7.3.1/thumb/v7e-m/fpv4-sp/hard\libgcc.a
LOAD c:/st/stm32cubeide_1.4.0/stm32cubeide/plugins/com.st.stm32cube.ide.mcu.externaltools.gnu-tools-for-stm32.7-2018-q2-update.win32_1.5.0.202011040924/tools/bin/../lib/gcc/arm-none-eabi/7.3.1/../../../../arm-none-eabi/lib/thumb/v7e-m/fpv4-sp/hard\libc_nano.a
LOAD c:/st/stm32cubeide_1.4.0/stm32cubeide/plugins/com.st.stm32cube.ide.mcu.externaltools.gnu-tools-for-stm32.7-2018-q2-update.win32_1.5.0.202011040924/tools/bin/../lib/gcc/arm-none-eabi/7.3.1/../../../../arm-none-eabi/lib/thumb/v7e-m/fpv4-sp/hard\libnosys.a
END GROUP
LOAD c:/st/stm32cubeide_1.4.0/stm32cubeide/plugins/com.st.stm32cube.ide.mcu.externaltools.gnu-tools-for-stm32.7-2018-q2-update.win32_1.5.0.202011040924/tools/bin/../lib/gcc/arm-none-eabi/7.3.1/thumb/v7e-m/fpv4-sp/hard/crtend.o
LOAD c:/st/stm32cubeide_1.4.0/stm32cubeide/plugins/com.st.stm32cube.ide.mcu.externaltools.gnu-tools-for-stm32.7-2018-q2-update.win32_1.5.0.202011040924/tools/bin/../lib/gcc/arm-none-eabi/7.3.1/thumb/v7e-m/fpv4-sp/hard/crtn.o
                0x0000000020020000                _estack = (ORIGIN (RAM) + LENGTH (RAM))
                0x0000000000000200                _Min_Heap_Size = 0x200
                0x0000000000000400                _Min_Stack_Size = 0x400

.isr_vector     0x0000000008000000      0x198
                0x0000000008000000                . = ALIGN (0x4)
 *(.isr_vector)
 .isr_vector    0x0000000008000000      0x198 Core/Startup/startup_stm32f411retx.o
                0x0000000008000000                g_pfnVectors
                0x0000000008000198                . = ALIGN (0x4)

.text           0x00000000080001a0     0xd934
                0x00000000080001a0                . = ALIGN (0x4)
 *(.text)
 .text          0x00000000080001a0       0x40 c:/st/stm32cubeide_1.4.0/stm32cubeide/plugins/com.st.stm32cube.ide.mcu.externaltools.gnu-tools-for-stm32.7-2018-q2-update.win32_1.5.0.202011040924/tools/bin/../lib/gcc/arm-none-eabi/7.3.1/thumb/v7e-m/fpv4-sp/hard/crtbegin.o
 .text          0x00000000080001e0       0x10 c:/st/stm32cubeide_1.4.0/stm32cubeide/plugins/com.st.stm32cube.ide.mcu.externaltools.gnu-tools-for-stm32.7-2018-q2-update.win32_1.5.0.202011040924/tools/bin/../lib/gcc/arm-none-eabi/7.3.1/../../../../arm-none-eabi/lib/thumb/v7e-m/fpv4-sp/hard\libc_nano.a(lib_a-strlen.o)
                0x00000000080001e0                strlen
 .text          0x00000000080001f0      0x378 c:/st/stm32cubeide_1.4.0/stm32cubeide/plugins/com.st.stm32cube.ide.mcu.externaltools.gnu-tools-for-stm32.7-2018-q2-update.win32_1.5.0.202011040924/tools/bin/../lib/gcc/arm-none-eabi/7.3.1/thumb/v7e-m/fpv4-sp/hard\libgcc.a(_arm_addsubdf3.o)
                0x00000000080001f0                __aeabi_drsub
                0x00000000080001f8                __aeabi_dsub
                0x00000000080001f8                __subdf3
                0x00000000080001fc                __aeabi_dadd
                0x00000000080001fc                __adddf3
                0x0000000008000474                __floatunsidf
                0x0000000008000474                __aeabi_ui2d
                0x0000000008000494                __floatsidf
                0x0000000008000494                __aeabi_i2d
                0x00000000080004b8                __aeabi_f2d
                0x00000000080004b8                __extendsfdf2
                0x00000000080004fc                __floatundidf
                0x00000000080004fc                __aeabi_ul2d
                0x000000000800050c                __floatdidf
                0x000000000800050c                __aeabi_l2d
 .text          0x0000000008000568      0x424 c:/st/stm32cubeide_1.4.0/stm32cubeide/plugins/com.st.stm32cube.ide.mcu.externaltools.gnu-tools-for-stm32.7-2018-q2-update.win32_1.5.0.202011040924/tools/bin/../lib/gcc/arm-none-eabi/7.3.1/thumb/v7e-m/fpv4-sp/hard\libgcc.a(_arm_muldivdf3.o)
                0x0000000008000568                __aeabi_dmul
                0x0000000008000568                __muldf3
                0x00000000080007bc                __divdf3
                0x00000000080007bc                __aeabi_ddiv
 .text          0x000000000800098c      0x110 c:/st/stm32cubeide_1.4.0/stm32cubeide/plugins/com.st.stm32cube.ide.mcu.externaltools.gnu-tools-for-stm32.7-2018-q2-update.win32_1.5.0.202011040924/tools/bin/../lib/gcc/arm-none-eabi/7.3.1/thumb/v7e-m/fpv4-sp/hard\libgcc.a(_arm_cmpdf2.o)
                0x000000000800098c                __gtdf2
                0x000000000800098c                __gedf2
                0x0000000008000994                __ltdf2
                0x0000000008000994                __ledf2
                0x000000000800099c                __nedf2
                0x000000000800099c                __eqdf2
                0x000000000800099c                __cmpdf2
                0x0000000008000a18                __aeabi_cdrcmple
                0x0000000008000a28                __aeabi_cdcmpeq
                0x0000000008000a28                __aeabi_cdcmple
                0x0000000008000a38                __aeabi_dcmpeq
                0x0000000008000a4c                __aeabi_dcmplt
                0x0000000008000a60                __aeabi_dcmple
                0x0000000008000a74                __aeabi_dcmpge
                0x0000000008000a88                __aeabi_dcmpgt
 .text          0x0000000008000a9c       0x2c c:/st/stm32cubeide_1.4.0/stm32cubeide/plugins/com.st.stm32cube.ide.mcu.externaltools.gnu-tools-for-stm32.7-2018-q2-update.win32_1.5.0.202011040924/tools/bin/../lib/gcc/arm-none-eabi/7.3.1/thumb/v7e-m/fpv4-sp/hard\libgcc.a(_arm_unorddf2.o)
                0x0000000008000a9c                __unorddf2
                0x0000000008000a9c                __aeabi_dcmpun
 .text          0x0000000008000ac8       0x50 c:/st/stm32cubeide_1.4.0/stm32cubeide/plugins/com.st.stm32cube.ide.mcu.externaltools.gnu-tools-for-stm32.7-2018-q2-update.win32_1.5.0.202011040924/tools/bin/../lib/gcc/arm-none-eabi/7.3.1/thumb/v7e-m/fpv4-sp/hard\libgcc.a(_arm_fixdfsi.o)
                0x0000000008000ac8                __aeabi_d2iz
                0x0000000008000ac8                __fixdfsi
 .text          0x0000000008000b18       0x40 c:/st/stm32cubeide_1.4.0/stm32cubeide/plugins/com.st.stm32cube.ide.mcu.externaltools.gnu-tools-for-stm32.7-2018-q2-update.win32_1.5.0.202011040924/tools/bin/../lib/gcc/arm-none-eabi/7.3.1/thumb/v7e-m/fpv4-sp/hard\libgcc.a(_arm_fixunsdfsi.o)
                0x0000000008000b18                __aeabi_d2uiz
                0x0000000008000b18                __fixunsdfsi
 .text          0x0000000008000b58       0x30 c:/st/stm32cubeide_1.4.0/stm32cubeide/plugins/com.st.stm32cube.ide.mcu.externaltools.gnu-tools-for-stm32.7-2018-q2-update.win32_1.5.0.202011040924/tools/bin/../lib/gcc/arm-none-eabi/7.3.1/thumb/v7e-m/fpv4-sp/hard\libgcc.a(_aeabi_uldivmod.o)
                0x0000000008000b58                __aeabi_uldivmod
 .text          0x0000000008000b88      0x2cc c:/st/stm32cubeide_1.4.0/stm32cubeide/plugins/com.st.stm32cube.ide.mcu.externaltools.gnu-tools-for-stm32.7-2018-q2-update.win32_1.5.0.202011040924/tools/bin/../lib/gcc/arm-none-eabi/7.3.1/thumb/v7e-m/fpv4-sp/hard\libgcc.a(_udivmoddi4.o)
                0x0000000008000b88                __udivmoddi4
 .text          0x0000000008000e54        0x4 c:/st/stm32cubeide_1.4.0/stm32cubeide/plugins/com.st.stm32cube.ide.mcu.externaltools.gnu-tools-for-stm32.7-2018-q2-update.win32_1.5.0.202011040924/tools/bin/../lib/gcc/arm-none-eabi/7.3.1/thumb/v7e-m/fpv4-sp/hard\libgcc.a(_dvmd_tls.o)
                0x0000000008000e54                __aeabi_idiv0
                0x0000000008000e54                __aeabi_ldiv0
 *(.text*)
 .text.DRV8834_Init
                0x0000000008000e58       0x36 Core/Src/DRV8834.o
                0x0000000008000e58                DRV8834_Init
 .text.DRV8834_InitPins
                0x0000000008000e8e       0x44 Core/Src/DRV8834.o
                0x0000000008000e8e                DRV8834_InitPins
 .text.DeinitializePin
                0x0000000008000ed2       0x74 Core/Src/DRV8834.o
                0x0000000008000ed2                DeinitializePin
 *fill*         0x0000000008000f46        0x2 
 .text.DRV8834_SetMicrostep
                0x0000000008000f48      0x13c Core/Src/DRV8834.o
                0x0000000008000f48                DRV8834_SetMicrostep
 .text.DRV8834_StopMotor
                0x0000000008001084       0x6c Core/Src/DRV8834.o
                0x0000000008001084                DRV8834_StopMotor
 .text.DRV8834_SetDirection
                0x00000000080010f0       0x36 Core/Src/DRV8834.o
                0x00000000080010f0                DRV8834_SetDirection
 *fill*         0x0000000008001126        0x2 
 .text.DRV8834_SetSpeed
                0x0000000008001128      0x13c Core/Src/DRV8834.o
                0x0000000008001128                DRV8834_SetSpeed
 .text.DRV8834_StartMotor
                0x0000000008001264       0x30 Core/Src/DRV8834.o
                0x0000000008001264                DRV8834_StartMotor
 .text.LSM6_InitEx
                0x0000000008001294       0xd4 Core/Src/LSM6.o
                0x0000000008001294                LSM6_InitEx
 .text.testReg  0x0000000008001368       0x4a Core/Src/LSM6.o
                0x0000000008001368                testReg
 .text.timeoutOccurred
                0x00000000080013b2       0x22 Core/Src/LSM6.o
                0x00000000080013b2                timeoutOccurred
 .text.errorOccured
                0x00000000080013d4       0x22 Core/Src/LSM6.o
                0x00000000080013d4                errorOccured
 .text.enableDefault
                0x00000000080013f6       0x54 Core/Src/LSM6.o
                0x00000000080013f6                enableDefault
 .text.writeReg
                0x000000000800144a       0x5a Core/Src/LSM6.o
                0x000000000800144a                writeReg
 .text.readReg  0x00000000080014a4       0x62 Core/Src/LSM6.o
                0x00000000080014a4                readReg
 .text.readAcc  0x0000000008001506       0xd4 Core/Src/LSM6.o
                0x0000000008001506                readAcc
 .text.readGyro
                0x00000000080015da       0xd4 Core/Src/LSM6.o
                0x00000000080015da                readGyro
 .text.LSM6_Read
                0x00000000080016ae       0x3a Core/Src/LSM6.o
                0x00000000080016ae                LSM6_Read
 .text.PID_Init
                0x00000000080016e8       0x80 Core/Src/PID.o
                0x00000000080016e8                PID_Init
 .text.PID_SetTunings
                0x0000000008001768      0x164 Core/Src/PID.o
                0x0000000008001768                PID_SetTunings
 .text.PID_SetSampleTime
                0x00000000080018cc       0x76 Core/Src/PID.o
                0x00000000080018cc                PID_SetSampleTime
 .text.PID_SetOutputLimits
                0x0000000008001942       0xee Core/Src/PID.o
                0x0000000008001942                PID_SetOutputLimits
 .text.PID_SetMode
                0x0000000008001a30       0xa2 Core/Src/PID.o
                0x0000000008001a30                PID_SetMode
 .text.PID_SetControllerDirection
                0x0000000008001ad2       0x94 Core/Src/PID.o
                0x0000000008001ad2                PID_SetControllerDirection
 .text.PID_Compute
                0x0000000008001b66      0x1d0 Core/Src/PID.o
                0x0000000008001b66                PID_Compute
 *fill*         0x0000000008001d36        0x2 
 .text.MX_FREERTOS_Init
                0x0000000008001d38       0xfc Core/Src/freertos.o
                0x0000000008001d38                MX_FREERTOS_Init
 .text.StartHeartbeatTask
                0x0000000008001e34       0x12 Core/Src/freertos.o
                0x0000000008001e34                StartHeartbeatTask
 *fill*         0x0000000008001e46        0x2 
 .text.StartIMU_Task
                0x0000000008001e48      0x1ac Core/Src/freertos.o
                0x0000000008001e48                StartIMU_Task
 *fill*         0x0000000008001ff4        0x4 
 .text.StartPIDTask
                0x0000000008001ff8      0x18c Core/Src/freertos.o
                0x0000000008001ff8                StartPIDTask
 .text.StartStepperMotorsTask
                0x0000000008002184      0x144 Core/Src/freertos.o
                0x0000000008002184                StartStepperMotorsTask
 .text._putchar
                0x00000000080022c8       0x40 Core/Src/freertos.o
                0x00000000080022c8                _putchar
 .text.HAL_GPIO_EXTI_Callback
                0x0000000008002308       0x28 Core/Src/freertos.o
                0x0000000008002308                HAL_GPIO_EXTI_Callback
 .text.complementaryFilter
                0x0000000008002330       0xd8 Core/Src/freertos.o
                0x0000000008002330                complementaryFilter
 .text.calculateAccAngle
                0x0000000008002408       0xd4 Core/Src/freertos.o
                0x0000000008002408                calculateAccAngle
 .text.MX_GPIO_Init
                0x00000000080024dc      0x144 Core/Src/gpio.o
                0x00000000080024dc                MX_GPIO_Init
 .text.MX_I2C1_Init
                0x0000000008002620       0x5c Core/Src/i2c.o
                0x0000000008002620                MX_I2C1_Init
 .text.HAL_I2C_MspInit
                0x000000000800267c       0x90 Core/Src/i2c.o
                0x000000000800267c                HAL_I2C_MspInit
 .text.main     0x000000000800270c       0x32 Core/Src/main.o
                0x000000000800270c                main
 *fill*         0x000000000800273e        0x2 
 .text.SystemClock_Config
                0x0000000008002740       0xd4 Core/Src/main.o
                0x0000000008002740                SystemClock_Config
 .text.MX_NVIC_Init
                0x0000000008002814       0x18 Core/Src/main.o
 .text.HAL_TIM_PeriodElapsedCallback
                0x000000000800282c       0x24 Core/Src/main.o
                0x000000000800282c                HAL_TIM_PeriodElapsedCallback
 .text.Error_Handler
                0x0000000008002850        0x8 Core/Src/main.o
                0x0000000008002850                Error_Handler
 .text._out_null
                0x0000000008002858       0x1c Core/Src/printf.o
 .text._out_char
                0x0000000008002874       0x26 Core/Src/printf.o
 .text._strnlen_s
                0x000000000800289a       0x3a Core/Src/printf.o
 .text._is_digit
                0x00000000080028d4       0x2e Core/Src/printf.o
 .text._atoi    0x0000000008002902       0x48 Core/Src/printf.o
 .text._out_rev
                0x000000000800294a       0xa0 Core/Src/printf.o
 .text._ntoa_format
                0x00000000080029ea      0x1b8 Core/Src/printf.o
 .text._ntoa_long
                0x0000000008002ba2       0xce Core/Src/printf.o
 .text._ntoa_long_long
                0x0000000008002c70       0xde Core/Src/printf.o
 *fill*         0x0000000008002d4e        0x2 
 .text._ftoa    0x0000000008002d50      0x4d4 Core/Src/printf.o
 *fill*         0x0000000008003224        0x4 
 .text._etoa    0x0000000008003228      0x530 Core/Src/printf.o
 .text._vsnprintf
                0x0000000008003758      0x96c Core/Src/printf.o
 .text.printf_  0x00000000080040c4       0x38 Core/Src/printf.o
                0x00000000080040c4                printf_
 .text.HAL_MspInit
                0x00000000080040fc       0x58 Core/Src/stm32f4xx_hal_msp.o
                0x00000000080040fc                HAL_MspInit
 .text.HAL_InitTick
                0x0000000008004154       0xb0 Core/Src/stm32f4xx_hal_timebase_tim.o
                0x0000000008004154                HAL_InitTick
 .text.NMI_Handler
                0x0000000008004204        0x6 Core/Src/stm32f4xx_it.o
                0x0000000008004204                NMI_Handler
 .text.HardFault_Handler
                0x000000000800420a        0x6 Core/Src/stm32f4xx_it.o
                0x000000000800420a                HardFault_Handler
 .text.MemManage_Handler
                0x0000000008004210        0x6 Core/Src/stm32f4xx_it.o
                0x0000000008004210                MemManage_Handler
 .text.BusFault_Handler
                0x0000000008004216        0x6 Core/Src/stm32f4xx_it.o
                0x0000000008004216                BusFault_Handler
 .text.UsageFault_Handler
                0x000000000800421c        0x6 Core/Src/stm32f4xx_it.o
                0x000000000800421c                UsageFault_Handler
 .text.DebugMon_Handler
                0x0000000008004222        0xe Core/Src/stm32f4xx_it.o
                0x0000000008004222                DebugMon_Handler
 .text.TIM1_UP_TIM10_IRQHandler
                0x0000000008004230       0x14 Core/Src/stm32f4xx_it.o
                0x0000000008004230                TIM1_UP_TIM10_IRQHandler
 .text.EXTI15_10_IRQHandler
                0x0000000008004244       0x18 Core/Src/stm32f4xx_it.o
                0x0000000008004244                EXTI15_10_IRQHandler
 .text._sbrk    0x000000000800425c       0x6c Core/Src/sysmem.o
                0x000000000800425c                _sbrk
 .text.SystemInit
                0x00000000080042c8       0x2c Core/Src/system_stm32f4xx.o
                0x00000000080042c8                SystemInit
 .text.MX_TIM2_Init
                0x00000000080042f4       0xec Core/Src/tim.o
                0x00000000080042f4                MX_TIM2_Init
 .text.MX_TIM4_Init
                0x00000000080043e0       0xf0 Core/Src/tim.o
                0x00000000080043e0                MX_TIM4_Init
 .text.HAL_TIM_Base_MspInit
                0x00000000080044d0       0x6c Core/Src/tim.o
                0x00000000080044d0                HAL_TIM_Base_MspInit
 .text.HAL_TIM_MspPostInit
                0x000000000800453c       0xbc Core/Src/tim.o
                0x000000000800453c                HAL_TIM_MspPostInit
 .text.MX_USART2_UART_Init
                0x00000000080045f8       0x54 Core/Src/usart.o
                0x00000000080045f8                MX_USART2_UART_Init
 .text.HAL_UART_MspInit
                0x000000000800464c       0x90 Core/Src/usart.o
                0x000000000800464c                HAL_UART_MspInit
 .text.Reset_Handler
                0x00000000080046dc       0x50 Core/Startup/startup_stm32f411retx.o
                0x00000000080046dc                Reset_Handler
 .text.Default_Handler
                0x000000000800472c        0x2 Core/Startup/startup_stm32f411retx.o
                0x000000000800472c                RTC_Alarm_IRQHandler
                0x000000000800472c                EXTI2_IRQHandler
                0x000000000800472c                SPI4_IRQHandler
                0x000000000800472c                TIM1_CC_IRQHandler
                0x000000000800472c                DMA2_Stream5_IRQHandler
                0x000000000800472c                DMA1_Stream5_IRQHandler
                0x000000000800472c                PVD_IRQHandler
                0x000000000800472c                SDIO_IRQHandler
                0x000000000800472c                TAMP_STAMP_IRQHandler
                0x000000000800472c                EXTI3_IRQHandler
                0x000000000800472c                I2C3_ER_IRQHandler
                0x000000000800472c                EXTI0_IRQHandler
                0x000000000800472c                I2C2_EV_IRQHandler
                0x000000000800472c                DMA1_Stream2_IRQHandler
                0x000000000800472c                FPU_IRQHandler
                0x000000000800472c                DMA2_Stream2_IRQHandler
                0x000000000800472c                SPI1_IRQHandler
                0x000000000800472c                TIM1_BRK_TIM9_IRQHandler
                0x000000000800472c                DMA2_Stream3_IRQHandler
                0x000000000800472c                USART6_IRQHandler
                0x000000000800472c                DMA2_Stream0_IRQHandler
                0x000000000800472c                TIM4_IRQHandler
                0x000000000800472c                I2C1_EV_IRQHandler
                0x000000000800472c                DMA1_Stream6_IRQHandler
                0x000000000800472c                DMA1_Stream1_IRQHandler
                0x000000000800472c                TIM3_IRQHandler
                0x000000000800472c                RCC_IRQHandler
                0x000000000800472c                Default_Handler
                0x000000000800472c                ADC_IRQHandler
                0x000000000800472c                DMA1_Stream7_IRQHandler
                0x000000000800472c                SPI5_IRQHandler
                0x000000000800472c                TIM5_IRQHandler
                0x000000000800472c                DMA2_Stream7_IRQHandler
                0x000000000800472c                I2C3_EV_IRQHandler
                0x000000000800472c                EXTI9_5_IRQHandler
                0x000000000800472c                RTC_WKUP_IRQHandler
                0x000000000800472c                SPI2_IRQHandler
                0x000000000800472c                DMA1_Stream0_IRQHandler
                0x000000000800472c                EXTI4_IRQHandler
                0x000000000800472c                WWDG_IRQHandler
                0x000000000800472c                TIM2_IRQHandler
                0x000000000800472c                OTG_FS_WKUP_IRQHandler
                0x000000000800472c                TIM1_TRG_COM_TIM11_IRQHandler
                0x000000000800472c                EXTI1_IRQHandler
                0x000000000800472c                USART2_IRQHandler
                0x000000000800472c                I2C2_ER_IRQHandler
                0x000000000800472c                DMA2_Stream1_IRQHandler
                0x000000000800472c                FLASH_IRQHandler
                0x000000000800472c                DMA2_Stream4_IRQHandler
                0x000000000800472c                USART1_IRQHandler
                0x000000000800472c                OTG_FS_IRQHandler
                0x000000000800472c                SPI3_IRQHandler
                0x000000000800472c                DMA1_Stream4_IRQHandler
                0x000000000800472c                I2C1_ER_IRQHandler
                0x000000000800472c                DMA2_Stream6_IRQHandler
                0x000000000800472c                DMA1_Stream3_IRQHandler
 *fill*         0x000000000800472e        0x2 
 .text.HAL_Init
                0x0000000008004730       0x44 Drivers/STM32F4xx_HAL_Driver/Src/stm32f4xx_hal.o
                0x0000000008004730                HAL_Init
 .text.HAL_IncTick
                0x0000000008004774       0x28 Drivers/STM32F4xx_HAL_Driver/Src/stm32f4xx_hal.o
                0x0000000008004774                HAL_IncTick
 .text.HAL_GetTick
                0x000000000800479c       0x18 Drivers/STM32F4xx_HAL_Driver/Src/stm32f4xx_hal.o
                0x000000000800479c                HAL_GetTick
 .text.__NVIC_SetPriorityGrouping
                0x00000000080047b4       0x48 Drivers/STM32F4xx_HAL_Driver/Src/stm32f4xx_hal_cortex.o
 .text.__NVIC_GetPriorityGrouping
                0x00000000080047fc       0x1c Drivers/STM32F4xx_HAL_Driver/Src/stm32f4xx_hal_cortex.o
 .text.__NVIC_EnableIRQ
                0x0000000008004818       0x3c Drivers/STM32F4xx_HAL_Driver/Src/stm32f4xx_hal_cortex.o
 .text.__NVIC_SetPriority
                0x0000000008004854       0x54 Drivers/STM32F4xx_HAL_Driver/Src/stm32f4xx_hal_cortex.o
 .text.NVIC_EncodePriority
                0x00000000080048a8       0x66 Drivers/STM32F4xx_HAL_Driver/Src/stm32f4xx_hal_cortex.o
 .text.HAL_NVIC_SetPriorityGrouping
                0x000000000800490e       0x16 Drivers/STM32F4xx_HAL_Driver/Src/stm32f4xx_hal_cortex.o
                0x000000000800490e                HAL_NVIC_SetPriorityGrouping
 .text.HAL_NVIC_SetPriority
                0x0000000008004924       0x38 Drivers/STM32F4xx_HAL_Driver/Src/stm32f4xx_hal_cortex.o
                0x0000000008004924                HAL_NVIC_SetPriority
 .text.HAL_NVIC_EnableIRQ
                0x000000000800495c       0x1c Drivers/STM32F4xx_HAL_Driver/Src/stm32f4xx_hal_cortex.o
                0x000000000800495c                HAL_NVIC_EnableIRQ
 .text.HAL_GPIO_Init
                0x0000000008004978      0x304 Drivers/STM32F4xx_HAL_Driver/Src/stm32f4xx_hal_gpio.o
                0x0000000008004978                HAL_GPIO_Init
 .text.HAL_GPIO_DeInit
                0x0000000008004c7c      0x1c4 Drivers/STM32F4xx_HAL_Driver/Src/stm32f4xx_hal_gpio.o
                0x0000000008004c7c                HAL_GPIO_DeInit
 .text.HAL_GPIO_WritePin
                0x0000000008004e40       0x32 Drivers/STM32F4xx_HAL_Driver/Src/stm32f4xx_hal_gpio.o
                0x0000000008004e40                HAL_GPIO_WritePin
 *fill*         0x0000000008004e72        0x2 
 .text.HAL_GPIO_EXTI_IRQHandler
                0x0000000008004e74       0x30 Drivers/STM32F4xx_HAL_Driver/Src/stm32f4xx_hal_gpio.o
                0x0000000008004e74                HAL_GPIO_EXTI_IRQHandler
 .text.HAL_I2C_Init
                0x0000000008004ea4      0x270 Drivers/STM32F4xx_HAL_Driver/Src/stm32f4xx_hal_i2c.o
                0x0000000008004ea4                HAL_I2C_Init
 .text.HAL_I2C_Mem_Write
                0x0000000008005114      0x1f4 Drivers/STM32F4xx_HAL_Driver/Src/stm32f4xx_hal_i2c.o
                0x0000000008005114                HAL_I2C_Mem_Write
 .text.HAL_I2C_Mem_Read
                0x0000000008005308      0x44c Drivers/STM32F4xx_HAL_Driver/Src/stm32f4xx_hal_i2c.o
                0x0000000008005308                HAL_I2C_Mem_Read
 .text.I2C_RequestMemoryWrite
                0x0000000008005754      0x12c Drivers/STM32F4xx_HAL_Driver/Src/stm32f4xx_hal_i2c.o
 .text.I2C_RequestMemoryRead
                0x0000000008005880      0x1d0 Drivers/STM32F4xx_HAL_Driver/Src/stm32f4xx_hal_i2c.o
 .text.I2C_WaitOnFlagUntilTimeout
                0x0000000008005a50       0xae Drivers/STM32F4xx_HAL_Driver/Src/stm32f4xx_hal_i2c.o
 .text.I2C_WaitOnMasterAddressFlagUntilTimeout
                0x0000000008005afe       0xfe Drivers/STM32F4xx_HAL_Driver/Src/stm32f4xx_hal_i2c.o
 .text.I2C_WaitOnTXEFlagUntilTimeout
                0x0000000008005bfc       0x82 Drivers/STM32F4xx_HAL_Driver/Src/stm32f4xx_hal_i2c.o
 .text.I2C_WaitOnBTFFlagUntilTimeout
                0x0000000008005c7e       0x82 Drivers/STM32F4xx_HAL_Driver/Src/stm32f4xx_hal_i2c.o
 .text.I2C_WaitOnRXNEFlagUntilTimeout
                0x0000000008005d00       0xac Drivers/STM32F4xx_HAL_Driver/Src/stm32f4xx_hal_i2c.o
 .text.I2C_IsAcknowledgeFailed
                0x0000000008005dac       0x5e Drivers/STM32F4xx_HAL_Driver/Src/stm32f4xx_hal_i2c.o
 *fill*         0x0000000008005e0a        0x2 
 .text.HAL_RCC_OscConfig
                0x0000000008005e0c      0x4e0 Drivers/STM32F4xx_HAL_Driver/Src/stm32f4xx_hal_rcc.o
                0x0000000008005e0c                HAL_RCC_OscConfig
 .text.HAL_RCC_ClockConfig
                0x00000000080062ec      0x1cc Drivers/STM32F4xx_HAL_Driver/Src/stm32f4xx_hal_rcc.o
                0x00000000080062ec                HAL_RCC_ClockConfig
 .text.HAL_RCC_GetSysClockFreq
                0x00000000080064b8      0x1b0 Drivers/STM32F4xx_HAL_Driver/Src/stm32f4xx_hal_rcc.o
                0x00000000080064b8                HAL_RCC_GetSysClockFreq
 .text.HAL_RCC_GetHCLKFreq
                0x0000000008006668       0x18 Drivers/STM32F4xx_HAL_Driver/Src/stm32f4xx_hal_rcc.o
                0x0000000008006668                HAL_RCC_GetHCLKFreq
 .text.HAL_RCC_GetPCLK1Freq
                0x0000000008006680       0x28 Drivers/STM32F4xx_HAL_Driver/Src/stm32f4xx_hal_rcc.o
                0x0000000008006680                HAL_RCC_GetPCLK1Freq
 .text.HAL_RCC_GetPCLK2Freq
                0x00000000080066a8       0x28 Drivers/STM32F4xx_HAL_Driver/Src/stm32f4xx_hal_rcc.o
                0x00000000080066a8                HAL_RCC_GetPCLK2Freq
 .text.HAL_RCC_GetClockConfig
                0x00000000080066d0       0x64 Drivers/STM32F4xx_HAL_Driver/Src/stm32f4xx_hal_rcc.o
                0x00000000080066d0                HAL_RCC_GetClockConfig
 .text.HAL_TIM_Base_Init
                0x0000000008006734       0x56 Drivers/STM32F4xx_HAL_Driver/Src/stm32f4xx_hal_tim.o
                0x0000000008006734                HAL_TIM_Base_Init
 .text.HAL_TIM_Base_Start_IT
                0x000000000800678a       0x48 Drivers/STM32F4xx_HAL_Driver/Src/stm32f4xx_hal_tim.o
                0x000000000800678a                HAL_TIM_Base_Start_IT
 .text.HAL_TIM_PWM_Init
                0x00000000080067d2       0x56 Drivers/STM32F4xx_HAL_Driver/Src/stm32f4xx_hal_tim.o
                0x00000000080067d2                HAL_TIM_PWM_Init
 .text.HAL_TIM_PWM_MspInit
                0x0000000008006828       0x14 Drivers/STM32F4xx_HAL_Driver/Src/stm32f4xx_hal_tim.o
                0x0000000008006828                HAL_TIM_PWM_MspInit
 .text.HAL_TIM_PWM_Start
                0x000000000800683c       0x64 Drivers/STM32F4xx_HAL_Driver/Src/stm32f4xx_hal_tim.o
                0x000000000800683c                HAL_TIM_PWM_Start
 .text.HAL_TIM_PWM_Stop
                0x00000000080068a0       0x98 Drivers/STM32F4xx_HAL_Driver/Src/stm32f4xx_hal_tim.o
                0x00000000080068a0                HAL_TIM_PWM_Stop
 .text.HAL_TIM_IRQHandler
                0x0000000008006938      0x210 Drivers/STM32F4xx_HAL_Driver/Src/stm32f4xx_hal_tim.o
                0x0000000008006938                HAL_TIM_IRQHandler
 .text.HAL_TIM_PWM_ConfigChannel
                0x0000000008006b48      0x18c Drivers/STM32F4xx_HAL_Driver/Src/stm32f4xx_hal_tim.o
                0x0000000008006b48                HAL_TIM_PWM_ConfigChannel
 .text.HAL_TIM_ConfigClockSource
                0x0000000008006cd4      0x16e Drivers/STM32F4xx_HAL_Driver/Src/stm32f4xx_hal_tim.o
                0x0000000008006cd4                HAL_TIM_ConfigClockSource
 .text.HAL_TIM_OC_DelayElapsedCallback
                0x0000000008006e42       0x14 Drivers/STM32F4xx_HAL_Driver/Src/stm32f4xx_hal_tim.o
                0x0000000008006e42                HAL_TIM_OC_DelayElapsedCallback
 .text.HAL_TIM_IC_CaptureCallback
                0x0000000008006e56       0x14 Drivers/STM32F4xx_HAL_Driver/Src/stm32f4xx_hal_tim.o
                0x0000000008006e56                HAL_TIM_IC_CaptureCallback
 .text.HAL_TIM_PWM_PulseFinishedCallback
                0x0000000008006e6a       0x14 Drivers/STM32F4xx_HAL_Driver/Src/stm32f4xx_hal_tim.o
                0x0000000008006e6a                HAL_TIM_PWM_PulseFinishedCallback
 .text.HAL_TIM_TriggerCallback
                0x0000000008006e7e       0x14 Drivers/STM32F4xx_HAL_Driver/Src/stm32f4xx_hal_tim.o
                0x0000000008006e7e                HAL_TIM_TriggerCallback
 *fill*         0x0000000008006e92        0x2 
 .text.TIM_Base_SetConfig
                0x0000000008006e94      0x100 Drivers/STM32F4xx_HAL_Driver/Src/stm32f4xx_hal_tim.o
                0x0000000008006e94                TIM_Base_SetConfig
 .text.TIM_OC1_SetConfig
                0x0000000008006f94       0xcc Drivers/STM32F4xx_HAL_Driver/Src/stm32f4xx_hal_tim.o
 .text.TIM_OC2_SetConfig
                0x0000000008007060       0xd8 Drivers/STM32F4xx_HAL_Driver/Src/stm32f4xx_hal_tim.o
                0x0000000008007060                TIM_OC2_SetConfig
 .text.TIM_OC3_SetConfig
                0x0000000008007138       0xd4 Drivers/STM32F4xx_HAL_Driver/Src/stm32f4xx_hal_tim.o
 .text.TIM_OC4_SetConfig
                0x000000000800720c       0xa0 Drivers/STM32F4xx_HAL_Driver/Src/stm32f4xx_hal_tim.o
 .text.TIM_TI1_ConfigInputStage
                0x00000000080072ac       0x5e Drivers/STM32F4xx_HAL_Driver/Src/stm32f4xx_hal_tim.o
 .text.TIM_TI2_ConfigInputStage
                0x000000000800730a       0x60 Drivers/STM32F4xx_HAL_Driver/Src/stm32f4xx_hal_tim.o
 .text.TIM_ITRx_SetConfig
                0x000000000800736a       0x36 Drivers/STM32F4xx_HAL_Driver/Src/stm32f4xx_hal_tim.o
 .text.TIM_ETR_SetConfig
                0x00000000080073a0       0x40 Drivers/STM32F4xx_HAL_Driver/Src/stm32f4xx_hal_tim.o
                0x00000000080073a0                TIM_ETR_SetConfig
 .text.TIM_CCxChannelCmd
                0x00000000080073e0       0x4a Drivers/STM32F4xx_HAL_Driver/Src/stm32f4xx_hal_tim.o
                0x00000000080073e0                TIM_CCxChannelCmd
 *fill*         0x000000000800742a        0x2 
 .text.HAL_TIMEx_MasterConfigSynchronization
                0x000000000800742c       0xdc Drivers/STM32F4xx_HAL_Driver/Src/stm32f4xx_hal_tim_ex.o
                0x000000000800742c                HAL_TIMEx_MasterConfigSynchronization
 .text.HAL_TIMEx_CommutCallback
                0x0000000008007508       0x14 Drivers/STM32F4xx_HAL_Driver/Src/stm32f4xx_hal_tim_ex.o
                0x0000000008007508                HAL_TIMEx_CommutCallback
 .text.HAL_TIMEx_BreakCallback
                0x000000000800751c       0x14 Drivers/STM32F4xx_HAL_Driver/Src/stm32f4xx_hal_tim_ex.o
                0x000000000800751c                HAL_TIMEx_BreakCallback
 .text.HAL_UART_Init
                0x0000000008007530       0x9a Drivers/STM32F4xx_HAL_Driver/Src/stm32f4xx_hal_uart.o
                0x0000000008007530                HAL_UART_Init
 .text.HAL_UART_Transmit
                0x00000000080075ca      0x132 Drivers/STM32F4xx_HAL_Driver/Src/stm32f4xx_hal_uart.o
                0x00000000080075ca                HAL_UART_Transmit
 .text.UART_WaitOnFlagUntilTimeout
                0x00000000080076fc       0x94 Drivers/STM32F4xx_HAL_Driver/Src/stm32f4xx_hal_uart.o
 .text.UART_SetConfig
                0x0000000008007790      0x6f8 Drivers/STM32F4xx_HAL_Driver/Src/stm32f4xx_hal_uart.o
 .text.SVC_Setup
                0x0000000008007e88        0xe Middlewares/Third_Party/FreeRTOS/Source/CMSIS_RTOS_V2/cmsis_os2.o
 *fill*         0x0000000008007e96        0x2 
 .text.osKernelInitialize
                0x0000000008007e98       0x68 Middlewares/Third_Party/FreeRTOS/Source/CMSIS_RTOS_V2/cmsis_os2.o
                0x0000000008007e98                osKernelInitialize
 .text.osKernelStart
                0x0000000008007f00       0x6c Middlewares/Third_Party/FreeRTOS/Source/CMSIS_RTOS_V2/cmsis_os2.o
                0x0000000008007f00                osKernelStart
 .text.osThreadNew
                0x0000000008007f6c      0x14c Middlewares/Third_Party/FreeRTOS/Source/CMSIS_RTOS_V2/cmsis_os2.o
                0x0000000008007f6c                osThreadNew
 .text.osDelay  0x00000000080080b8       0x5c Middlewares/Third_Party/FreeRTOS/Source/CMSIS_RTOS_V2/cmsis_os2.o
                0x00000000080080b8                osDelay
 .text.osMutexNew
                0x0000000008008114      0x134 Middlewares/Third_Party/FreeRTOS/Source/CMSIS_RTOS_V2/cmsis_os2.o
                0x0000000008008114                osMutexNew
 .text.osMutexAcquire
                0x0000000008008248       0xbc Middlewares/Third_Party/FreeRTOS/Source/CMSIS_RTOS_V2/cmsis_os2.o
                0x0000000008008248                osMutexAcquire
 .text.osMutexRelease
                0x0000000008008304       0xa0 Middlewares/Third_Party/FreeRTOS/Source/CMSIS_RTOS_V2/cmsis_os2.o
                0x0000000008008304                osMutexRelease
 .text.osSemaphoreNew
                0x00000000080083a4      0x13c Middlewares/Third_Party/FreeRTOS/Source/CMSIS_RTOS_V2/cmsis_os2.o
                0x00000000080083a4                osSemaphoreNew
 .text.osSemaphoreAcquire
                0x00000000080084e0       0xcc Middlewares/Third_Party/FreeRTOS/Source/CMSIS_RTOS_V2/cmsis_os2.o
                0x00000000080084e0                osSemaphoreAcquire
 .text.osSemaphoreRelease
                0x00000000080085ac       0xb0 Middlewares/Third_Party/FreeRTOS/Source/CMSIS_RTOS_V2/cmsis_os2.o
                0x00000000080085ac                osSemaphoreRelease
 .text.osMessageQueueNew
                0x000000000800865c      0x10c Middlewares/Third_Party/FreeRTOS/Source/CMSIS_RTOS_V2/cmsis_os2.o
                0x000000000800865c                osMessageQueueNew
 .text.osMessageQueuePut
                0x0000000008008768       0xe8 Middlewares/Third_Party/FreeRTOS/Source/CMSIS_RTOS_V2/cmsis_os2.o
                0x0000000008008768                osMessageQueuePut
 .text.osMessageQueueGet
                0x0000000008008850       0xe4 Middlewares/Third_Party/FreeRTOS/Source/CMSIS_RTOS_V2/cmsis_os2.o
                0x0000000008008850                osMessageQueueGet
 .text.vApplicationGetIdleTaskMemory
                0x0000000008008934       0x34 Middlewares/Third_Party/FreeRTOS/Source/CMSIS_RTOS_V2/cmsis_os2.o
                0x0000000008008934                vApplicationGetIdleTaskMemory
 .text.vApplicationGetTimerTaskMemory
                0x0000000008008968       0x34 Middlewares/Third_Party/FreeRTOS/Source/CMSIS_RTOS_V2/cmsis_os2.o
                0x0000000008008968                vApplicationGetTimerTaskMemory
 .text.vListInitialise
                0x000000000800899c       0x40 Middlewares/Third_Party/FreeRTOS/Source/list.o
                0x000000000800899c                vListInitialise
 .text.vListInitialiseItem
                0x00000000080089dc       0x1a Middlewares/Third_Party/FreeRTOS/Source/list.o
                0x00000000080089dc                vListInitialiseItem
 .text.vListInsertEnd
                0x00000000080089f6       0x48 Middlewares/Third_Party/FreeRTOS/Source/list.o
                0x00000000080089f6                vListInsertEnd
 .text.vListInsert
                0x0000000008008a3e       0x72 Middlewares/Third_Party/FreeRTOS/Source/list.o
                0x0000000008008a3e                vListInsert
 .text.uxListRemove
                0x0000000008008ab0       0x54 Middlewares/Third_Party/FreeRTOS/Source/list.o
                0x0000000008008ab0                uxListRemove
 .text.xQueueGenericReset
                0x0000000008008b04       0xd0 Middlewares/Third_Party/FreeRTOS/Source/queue.o
                0x0000000008008b04                xQueueGenericReset
 .text.xQueueGenericCreateStatic
                0x0000000008008bd4       0xe6 Middlewares/Third_Party/FreeRTOS/Source/queue.o
                0x0000000008008bd4                xQueueGenericCreateStatic
 .text.xQueueGenericCreate
                0x0000000008008cba       0x7e Middlewares/Third_Party/FreeRTOS/Source/queue.o
                0x0000000008008cba                xQueueGenericCreate
 .text.prvInitialiseNewQueue
                0x0000000008008d38       0x46 Middlewares/Third_Party/FreeRTOS/Source/queue.o
 .text.prvInitialiseMutex
                0x0000000008008d7e       0x34 Middlewares/Third_Party/FreeRTOS/Source/queue.o
 .text.xQueueCreateMutex
                0x0000000008008db2       0x30 Middlewares/Third_Party/FreeRTOS/Source/queue.o
                0x0000000008008db2                xQueueCreateMutex
 .text.xQueueCreateMutexStatic
                0x0000000008008de2       0x36 Middlewares/Third_Party/FreeRTOS/Source/queue.o
                0x0000000008008de2                xQueueCreateMutexStatic
 .text.xQueueGiveMutexRecursive
                0x0000000008008e18       0x66 Middlewares/Third_Party/FreeRTOS/Source/queue.o
                0x0000000008008e18                xQueueGiveMutexRecursive
 .text.xQueueTakeMutexRecursive
                0x0000000008008e7e       0x6a Middlewares/Third_Party/FreeRTOS/Source/queue.o
                0x0000000008008e7e                xQueueTakeMutexRecursive
 .text.xQueueCreateCountingSemaphoreStatic
                0x0000000008008ee8       0x6a Middlewares/Third_Party/FreeRTOS/Source/queue.o
                0x0000000008008ee8                xQueueCreateCountingSemaphoreStatic
 .text.xQueueCreateCountingSemaphore
                0x0000000008008f52       0x62 Middlewares/Third_Party/FreeRTOS/Source/queue.o
                0x0000000008008f52                xQueueCreateCountingSemaphore
 .text.xQueueGenericSend
                0x0000000008008fb4      0x1f4 Middlewares/Third_Party/FreeRTOS/Source/queue.o
                0x0000000008008fb4                xQueueGenericSend
 .text.xQueueGenericSendFromISR
                0x00000000080091a8      0x128 Middlewares/Third_Party/FreeRTOS/Source/queue.o
                0x00000000080091a8                xQueueGenericSendFromISR
 .text.xQueueGiveFromISR
                0x00000000080092d0      0x112 Middlewares/Third_Party/FreeRTOS/Source/queue.o
                0x00000000080092d0                xQueueGiveFromISR
 *fill*         0x00000000080093e2        0x2 
 .text.xQueueReceive
                0x00000000080093e4      0x1b8 Middlewares/Third_Party/FreeRTOS/Source/queue.o
                0x00000000080093e4                xQueueReceive
 .text.xQueueSemaphoreTake
                0x000000000800959c      0x210 Middlewares/Third_Party/FreeRTOS/Source/queue.o
                0x000000000800959c                xQueueSemaphoreTake
 .text.xQueueReceiveFromISR
                0x00000000080097ac       0xfa Middlewares/Third_Party/FreeRTOS/Source/queue.o
                0x00000000080097ac                xQueueReceiveFromISR
 .text.vQueueDelete
                0x00000000080098a6       0x44 Middlewares/Third_Party/FreeRTOS/Source/queue.o
                0x00000000080098a6                vQueueDelete
 .text.prvGetDisinheritPriorityAfterTimeout
                0x00000000080098ea       0x30 Middlewares/Third_Party/FreeRTOS/Source/queue.o
 .text.prvCopyDataToQueue
                0x000000000800991a       0xd4 Middlewares/Third_Party/FreeRTOS/Source/queue.o
 .text.prvCopyDataFromQueue
                0x00000000080099ee       0x4c Middlewares/Third_Party/FreeRTOS/Source/queue.o
 .text.prvUnlockQueue
                0x0000000008009a3a       0xa4 Middlewares/Third_Party/FreeRTOS/Source/queue.o
 .text.prvIsQueueEmpty
                0x0000000008009ade       0x2c Middlewares/Third_Party/FreeRTOS/Source/queue.o
 .text.prvIsQueueFull
                0x0000000008009b0a       0x30 Middlewares/Third_Party/FreeRTOS/Source/queue.o
 *fill*         0x0000000008009b3a        0x2 
 .text.vQueueAddToRegistry
                0x0000000008009b3c       0x50 Middlewares/Third_Party/FreeRTOS/Source/queue.o
                0x0000000008009b3c                vQueueAddToRegistry
 .text.vQueueUnregisterQueue
                0x0000000008009b8c       0x54 Middlewares/Third_Party/FreeRTOS/Source/queue.o
                0x0000000008009b8c                vQueueUnregisterQueue
 .text.vQueueWaitForMessageRestricted
                0x0000000008009be0       0x68 Middlewares/Third_Party/FreeRTOS/Source/queue.o
                0x0000000008009be0                vQueueWaitForMessageRestricted
 .text.xTaskCreateStatic
                0x0000000008009c48       0xb4 Middlewares/Third_Party/FreeRTOS/Source/tasks.o
                0x0000000008009c48                xTaskCreateStatic
 .text.xTaskCreate
                0x0000000008009cfc       0x8a Middlewares/Third_Party/FreeRTOS/Source/tasks.o
                0x0000000008009cfc                xTaskCreate
 .text.prvInitialiseNewTask
                0x0000000008009d86      0x11c Middlewares/Third_Party/FreeRTOS/Source/tasks.o
 *fill*         0x0000000008009ea2        0x2 
 .text.prvAddNewTaskToReadyList
                0x0000000008009ea4       0xe0 Middlewares/Third_Party/FreeRTOS/Source/tasks.o
 .text.vTaskDelay
                0x0000000008009f84       0x68 Middlewares/Third_Party/FreeRTOS/Source/tasks.o
                0x0000000008009f84                vTaskDelay
 .text.vTaskStartScheduler
                0x0000000008009fec       0xc8 Middlewares/Third_Party/FreeRTOS/Source/tasks.o
                0x0000000008009fec                vTaskStartScheduler
 .text.vTaskSuspendAll
                0x000000000800a0b4       0x1c Middlewares/Third_Party/FreeRTOS/Source/tasks.o
                0x000000000800a0b4                vTaskSuspendAll
 .text.xTaskResumeAll
                0x000000000800a0d0      0x138 Middlewares/Third_Party/FreeRTOS/Source/tasks.o
                0x000000000800a0d0                xTaskResumeAll
 .text.xTaskGetTickCount
                0x000000000800a208       0x20 Middlewares/Third_Party/FreeRTOS/Source/tasks.o
                0x000000000800a208                xTaskGetTickCount
 .text.xTaskIncrementTick
                0x000000000800a228      0x170 Middlewares/Third_Party/FreeRTOS/Source/tasks.o
                0x000000000800a228                xTaskIncrementTick
 .text.vTaskSwitchContext
                0x000000000800a398       0xb8 Middlewares/Third_Party/FreeRTOS/Source/tasks.o
                0x000000000800a398                vTaskSwitchContext
 .text.vTaskPlaceOnEventList
                0x000000000800a450       0x48 Middlewares/Third_Party/FreeRTOS/Source/tasks.o
                0x000000000800a450                vTaskPlaceOnEventList
 .text.vTaskPlaceOnEventListRestricted
                0x000000000800a498       0x54 Middlewares/Third_Party/FreeRTOS/Source/tasks.o
                0x000000000800a498                vTaskPlaceOnEventListRestricted
 .text.xTaskRemoveFromEventList
                0x000000000800a4ec       0xc4 Middlewares/Third_Party/FreeRTOS/Source/tasks.o
                0x000000000800a4ec                xTaskRemoveFromEventList
 .text.vTaskInternalSetTimeOutState
                0x000000000800a5b0       0x2c Middlewares/Third_Party/FreeRTOS/Source/tasks.o
                0x000000000800a5b0                vTaskInternalSetTimeOutState
 .text.xTaskCheckForTimeOut
                0x000000000800a5dc       0xc0 Middlewares/Third_Party/FreeRTOS/Source/tasks.o
                0x000000000800a5dc                xTaskCheckForTimeOut
 .text.vTaskMissedYield
                0x000000000800a69c       0x18 Middlewares/Third_Party/FreeRTOS/Source/tasks.o
                0x000000000800a69c                vTaskMissedYield
 .text.prvIdleTask
                0x000000000800a6b4       0x30 Middlewares/Third_Party/FreeRTOS/Source/tasks.o
 .text.prvInitialiseTaskLists
                0x000000000800a6e4       0x80 Middlewares/Third_Party/FreeRTOS/Source/tasks.o
 .text.prvCheckTasksWaitingTermination
                0x000000000800a764       0x58 Middlewares/Third_Party/FreeRTOS/Source/tasks.o
 .text.prvDeleteTCB
                0x000000000800a7bc       0x5c Middlewares/Third_Party/FreeRTOS/Source/tasks.o
 .text.prvResetNextTaskUnblockTime
                0x000000000800a818       0x40 Middlewares/Third_Party/FreeRTOS/Source/tasks.o
 .text.xTaskGetCurrentTaskHandle
                0x000000000800a858       0x20 Middlewares/Third_Party/FreeRTOS/Source/tasks.o
                0x000000000800a858                xTaskGetCurrentTaskHandle
 .text.xTaskGetSchedulerState
                0x000000000800a878       0x3c Middlewares/Third_Party/FreeRTOS/Source/tasks.o
                0x000000000800a878                xTaskGetSchedulerState
 .text.xTaskPriorityInherit
                0x000000000800a8b4       0xd0 Middlewares/Third_Party/FreeRTOS/Source/tasks.o
                0x000000000800a8b4                xTaskPriorityInherit
 .text.xTaskPriorityDisinherit
                0x000000000800a984       0xd8 Middlewares/Third_Party/FreeRTOS/Source/tasks.o
                0x000000000800a984                xTaskPriorityDisinherit
 .text.vTaskPriorityDisinheritAfterTimeout
                0x000000000800aa5c      0x100 Middlewares/Third_Party/FreeRTOS/Source/tasks.o
                0x000000000800aa5c                vTaskPriorityDisinheritAfterTimeout
 .text.pvTaskIncrementMutexHeldCount
                0x000000000800ab5c       0x28 Middlewares/Third_Party/FreeRTOS/Source/tasks.o
                0x000000000800ab5c                pvTaskIncrementMutexHeldCount
 .text.prvAddCurrentTaskToDelayedList
                0x000000000800ab84       0xa8 Middlewares/Third_Party/FreeRTOS/Source/tasks.o
 .text.xTimerCreateTimerTask
                0x000000000800ac2c       0x90 Middlewares/Third_Party/FreeRTOS/Source/timers.o
                0x000000000800ac2c                xTimerCreateTimerTask
 .text.xTimerGenericCommand
                0x000000000800acbc       0x98 Middlewares/Third_Party/FreeRTOS/Source/timers.o
                0x000000000800acbc                xTimerGenericCommand
 .text.prvProcessExpiredTimer
                0x000000000800ad54       0x98 Middlewares/Third_Party/FreeRTOS/Source/timers.o
 .text.prvTimerTask
                0x000000000800adec       0x24 Middlewares/Third_Party/FreeRTOS/Source/timers.o
 .text.prvProcessTimerOrBlockTask
                0x000000000800ae10       0x9c Middlewares/Third_Party/FreeRTOS/Source/timers.o
 .text.prvGetNextExpireTime
                0x000000000800aeac       0x48 Middlewares/Third_Party/FreeRTOS/Source/timers.o
 .text.prvSampleTimeNow
                0x000000000800aef4       0x40 Middlewares/Third_Party/FreeRTOS/Source/timers.o
 .text.prvInsertTimerInActiveList
                0x000000000800af34       0x84 Middlewares/Third_Party/FreeRTOS/Source/timers.o
 .text.prvProcessReceivedCommands
                0x000000000800afb8      0x1b8 Middlewares/Third_Party/FreeRTOS/Source/timers.o
 .text.prvSwitchTimerLists
                0x000000000800b170       0xc8 Middlewares/Third_Party/FreeRTOS/Source/timers.o
 .text.prvCheckForValidListAndQueue
                0x000000000800b238       0x80 Middlewares/Third_Party/FreeRTOS/Source/timers.o
 .text.pxPortInitialiseStack
                0x000000000800b2b8       0x68 Middlewares/Third_Party/FreeRTOS/Source/portable/GCC/ARM_CM4F/port.o
                0x000000000800b2b8                pxPortInitialiseStack
 .text.prvTaskExitError
                0x000000000800b320       0x54 Middlewares/Third_Party/FreeRTOS/Source/portable/GCC/ARM_CM4F/port.o
 *fill*         0x000000000800b374        0xc 
 .text.SVC_Handler
                0x000000000800b380       0x28 Middlewares/Third_Party/FreeRTOS/Source/portable/GCC/ARM_CM4F/port.o
                0x000000000800b380                SVC_Handler
 .text.prvPortStartFirstTask
                0x000000000800b3a8       0x28 Middlewares/Third_Party/FreeRTOS/Source/portable/GCC/ARM_CM4F/port.o
 .text.xPortStartScheduler
                0x000000000800b3d0      0x13c Middlewares/Third_Party/FreeRTOS/Source/portable/GCC/ARM_CM4F/port.o
                0x000000000800b3d0                xPortStartScheduler
 .text.vPortEnterCritical
                0x000000000800b50c       0x5c Middlewares/Third_Party/FreeRTOS/Source/portable/GCC/ARM_CM4F/port.o
                0x000000000800b50c                vPortEnterCritical
 .text.vPortExitCritical
                0x000000000800b568       0x50 Middlewares/Third_Party/FreeRTOS/Source/portable/GCC/ARM_CM4F/port.o
                0x000000000800b568                vPortExitCritical
 *fill*         0x000000000800b5b8        0x8 
 .text.PendSV_Handler
                0x000000000800b5c0       0x68 Middlewares/Third_Party/FreeRTOS/Source/portable/GCC/ARM_CM4F/port.o
                0x000000000800b5c0                PendSV_Handler
 .text.SysTick_Handler
                0x000000000800b628       0x40 Middlewares/Third_Party/FreeRTOS/Source/portable/GCC/ARM_CM4F/port.o
                0x000000000800b628                SysTick_Handler
 .text.vPortSetupTimerInterrupt
                0x000000000800b668       0x48 Middlewares/Third_Party/FreeRTOS/Source/portable/GCC/ARM_CM4F/port.o
                0x000000000800b668                vPortSetupTimerInterrupt
 .text.vPortEnableVFP
                0x000000000800b6b0       0x14 Middlewares/Third_Party/FreeRTOS/Source/portable/GCC/ARM_CM4F/port.o
 .text.vPortValidateInterruptPriority
                0x000000000800b6c4       0x7c Middlewares/Third_Party/FreeRTOS/Source/portable/GCC/ARM_CM4F/port.o
                0x000000000800b6c4                vPortValidateInterruptPriority
 .text.pvPortMalloc
                0x000000000800b740      0x184 Middlewares/Third_Party/FreeRTOS/Source/portable/MemMang/heap_4.o
                0x000000000800b740                pvPortMalloc
 .text.vPortFree
                0x000000000800b8c4       0xb0 Middlewares/Third_Party/FreeRTOS/Source/portable/MemMang/heap_4.o
                0x000000000800b8c4                vPortFree
 .text.prvHeapInit
                0x000000000800b974       0xc4 Middlewares/Third_Party/FreeRTOS/Source/portable/MemMang/heap_4.o
 .text.prvInsertBlockIntoFreeList
                0x000000000800ba38       0xb4 Middlewares/Third_Party/FreeRTOS/Source/portable/MemMang/heap_4.o
 .text.__errno  0x000000000800baec        0xc c:/st/stm32cubeide_1.4.0/stm32cubeide/plugins/com.st.stm32cube.ide.mcu.externaltools.gnu-tools-for-stm32.7-2018-q2-update.win32_1.5.0.202011040924/tools/bin/../lib/gcc/arm-none-eabi/7.3.1/../../../../arm-none-eabi/lib/thumb/v7e-m/fpv4-sp/hard\libc_nano.a(lib_a-errno.o)
                0x000000000800baec                __errno
 .text.__libc_init_array
                0x000000000800baf8       0x48 c:/st/stm32cubeide_1.4.0/stm32cubeide/plugins/com.st.stm32cube.ide.mcu.externaltools.gnu-tools-for-stm32.7-2018-q2-update.win32_1.5.0.202011040924/tools/bin/../lib/gcc/arm-none-eabi/7.3.1/../../../../arm-none-eabi/lib/thumb/v7e-m/fpv4-sp/hard\libc_nano.a(lib_a-init.o)
                0x000000000800baf8                __libc_init_array
 .text.memcpy   0x000000000800bb40       0x16 c:/st/stm32cubeide_1.4.0/stm32cubeide/plugins/com.st.stm32cube.ide.mcu.externaltools.gnu-tools-for-stm32.7-2018-q2-update.win32_1.5.0.202011040924/tools/bin/../lib/gcc/arm-none-eabi/7.3.1/../../../../arm-none-eabi/lib/thumb/v7e-m/fpv4-sp/hard\libc_nano.a(lib_a-memcpy-stub.o)
                0x000000000800bb40                memcpy
 .text.memset   0x000000000800bb56       0x10 c:/st/stm32cubeide_1.4.0/stm32cubeide/plugins/com.st.stm32cube.ide.mcu.externaltools.gnu-tools-for-stm32.7-2018-q2-update.win32_1.5.0.202011040924/tools/bin/../lib/gcc/arm-none-eabi/7.3.1/../../../../arm-none-eabi/lib/thumb/v7e-m/fpv4-sp/hard\libc_nano.a(lib_a-memset.o)
                0x000000000800bb56                memset
 .text.__cvt    0x000000000800bb66       0xc2 c:/st/stm32cubeide_1.4.0/stm32cubeide/plugins/com.st.stm32cube.ide.mcu.externaltools.gnu-tools-for-stm32.7-2018-q2-update.win32_1.5.0.202011040924/tools/bin/../lib/gcc/arm-none-eabi/7.3.1/../../../../arm-none-eabi/lib/thumb/v7e-m/fpv4-sp/hard\libc_nano.a(lib_a-nano-vfprintf_float.o)
                0x000000000800bb66                __cvt
 .text.__exponent
                0x000000000800bc28       0x66 c:/st/stm32cubeide_1.4.0/stm32cubeide/plugins/com.st.stm32cube.ide.mcu.externaltools.gnu-tools-for-stm32.7-2018-q2-update.win32_1.5.0.202011040924/tools/bin/../lib/gcc/arm-none-eabi/7.3.1/../../../../arm-none-eabi/lib/thumb/v7e-m/fpv4-sp/hard\libc_nano.a(lib_a-nano-vfprintf_float.o)
                0x000000000800bc28                __exponent
 *fill*         0x000000000800bc8e        0x2 
 .text._printf_float
                0x000000000800bc90      0x480 c:/st/stm32cubeide_1.4.0/stm32cubeide/plugins/com.st.stm32cube.ide.mcu.externaltools.gnu-tools-for-stm32.7-2018-q2-update.win32_1.5.0.202011040924/tools/bin/../lib/gcc/arm-none-eabi/7.3.1/../../../../arm-none-eabi/lib/thumb/v7e-m/fpv4-sp/hard\libc_nano.a(lib_a-nano-vfprintf_float.o)
                0x000000000800bc90                _printf_float
 .text._printf_common
                0x000000000800c110       0xea c:/st/stm32cubeide_1.4.0/stm32cubeide/plugins/com.st.stm32cube.ide.mcu.externaltools.gnu-tools-for-stm32.7-2018-q2-update.win32_1.5.0.202011040924/tools/bin/../lib/gcc/arm-none-eabi/7.3.1/../../../../arm-none-eabi/lib/thumb/v7e-m/fpv4-sp/hard\libc_nano.a(lib_a-nano-vfprintf_i.o)
                0x000000000800c110                _printf_common
 .text.quorem   0x000000000800c1fa      0x118 c:/st/stm32cubeide_1.4.0/stm32cubeide/plugins/com.st.stm32cube.ide.mcu.externaltools.gnu-tools-for-stm32.7-2018-q2-update.win32_1.5.0.202011040924/tools/bin/../lib/gcc/arm-none-eabi/7.3.1/../../../../arm-none-eabi/lib/thumb/v7e-m/fpv4-sp/hard\libc_nano.a(lib_a-dtoa.o)
 *fill*         0x000000000800c312        0x6 
 .text._dtoa_r  0x000000000800c318      0xb70 c:/st/stm32cubeide_1.4.0/stm32cubeide/plugins/com.st.stm32cube.ide.mcu.externaltools.gnu-tools-for-stm32.7-2018-q2-update.win32_1.5.0.202011040924/tools/bin/../lib/gcc/arm-none-eabi/7.3.1/../../../../arm-none-eabi/lib/thumb/v7e-m/fpv4-sp/hard\libc_nano.a(lib_a-dtoa.o)
                0x000000000800c318                _dtoa_r
 .text._localeconv_r
                0x000000000800ce88       0x1c c:/st/stm32cubeide_1.4.0/stm32cubeide/plugins/com.st.stm32cube.ide.mcu.externaltools.gnu-tools-for-stm32.7-2018-q2-update.win32_1.5.0.202011040924/tools/bin/../lib/gcc/arm-none-eabi/7.3.1/../../../../arm-none-eabi/lib/thumb/v7e-m/fpv4-sp/hard\libc_nano.a(lib_a-localeconv.o)
                0x000000000800ce88                _localeconv_r
 .text.malloc   0x000000000800cea4       0x10 c:/st/stm32cubeide_1.4.0/stm32cubeide/plugins/com.st.stm32cube.ide.mcu.externaltools.gnu-tools-for-stm32.7-2018-q2-update.win32_1.5.0.202011040924/tools/bin/../lib/gcc/arm-none-eabi/7.3.1/../../../../arm-none-eabi/lib/thumb/v7e-m/fpv4-sp/hard\libc_nano.a(lib_a-malloc.o)
                0x000000000800cea4                malloc
 .text._Balloc  0x000000000800ceb4       0x68 c:/st/stm32cubeide_1.4.0/stm32cubeide/plugins/com.st.stm32cube.ide.mcu.externaltools.gnu-tools-for-stm32.7-2018-q2-update.win32_1.5.0.202011040924/tools/bin/../lib/gcc/arm-none-eabi/7.3.1/../../../../arm-none-eabi/lib/thumb/v7e-m/fpv4-sp/hard\libc_nano.a(lib_a-mprec.o)
                0x000000000800ceb4                _Balloc
 .text._Bfree   0x000000000800cf1c       0x2e c:/st/stm32cubeide_1.4.0/stm32cubeide/plugins/com.st.stm32cube.ide.mcu.externaltools.gnu-tools-for-stm32.7-2018-q2-update.win32_1.5.0.202011040924/tools/bin/../lib/gcc/arm-none-eabi/7.3.1/../../../../arm-none-eabi/lib/thumb/v7e-m/fpv4-sp/hard\libc_nano.a(lib_a-mprec.o)
                0x000000000800cf1c                _Bfree
 .text.__multadd
                0x000000000800cf4a       0x76 c:/st/stm32cubeide_1.4.0/stm32cubeide/plugins/com.st.stm32cube.ide.mcu.externaltools.gnu-tools-for-stm32.7-2018-q2-update.win32_1.5.0.202011040924/tools/bin/../lib/gcc/arm-none-eabi/7.3.1/../../../../arm-none-eabi/lib/thumb/v7e-m/fpv4-sp/hard\libc_nano.a(lib_a-mprec.o)
                0x000000000800cf4a                __multadd
 .text.__hi0bits
                0x000000000800cfc0       0x3e c:/st/stm32cubeide_1.4.0/stm32cubeide/plugins/com.st.stm32cube.ide.mcu.externaltools.gnu-tools-for-stm32.7-2018-q2-update.win32_1.5.0.202011040924/tools/bin/../lib/gcc/arm-none-eabi/7.3.1/../../../../arm-none-eabi/lib/thumb/v7e-m/fpv4-sp/hard\libc_nano.a(lib_a-mprec.o)
                0x000000000800cfc0                __hi0bits
 .text.__lo0bits
                0x000000000800cffe       0x5e c:/st/stm32cubeide_1.4.0/stm32cubeide/plugins/com.st.stm32cube.ide.mcu.externaltools.gnu-tools-for-stm32.7-2018-q2-update.win32_1.5.0.202011040924/tools/bin/../lib/gcc/arm-none-eabi/7.3.1/../../../../arm-none-eabi/lib/thumb/v7e-m/fpv4-sp/hard\libc_nano.a(lib_a-mprec.o)
                0x000000000800cffe                __lo0bits
 .text.__i2b    0x000000000800d05c       0x12 c:/st/stm32cubeide_1.4.0/stm32cubeide/plugins/com.st.stm32cube.ide.mcu.externaltools.gnu-tools-for-stm32.7-2018-q2-update.win32_1.5.0.202011040924/tools/bin/../lib/gcc/arm-none-eabi/7.3.1/../../../../arm-none-eabi/lib/thumb/v7e-m/fpv4-sp/hard\libc_nano.a(lib_a-mprec.o)
                0x000000000800d05c                __i2b
 .text.__multiply
                0x000000000800d06e      0x12c c:/st/stm32cubeide_1.4.0/stm32cubeide/plugins/com.st.stm32cube.ide.mcu.externaltools.gnu-tools-for-stm32.7-2018-q2-update.win32_1.5.0.202011040924/tools/bin/../lib/gcc/arm-none-eabi/7.3.1/../../../../arm-none-eabi/lib/thumb/v7e-m/fpv4-sp/hard\libc_nano.a(lib_a-mprec.o)
                0x000000000800d06e                __multiply
 *fill*         0x000000000800d19a        0x2 
 .text.__pow5mult
                0x000000000800d19c       0x9c c:/st/stm32cubeide_1.4.0/stm32cubeide/plugins/com.st.stm32cube.ide.mcu.externaltools.gnu-tools-for-stm32.7-2018-q2-update.win32_1.5.0.202011040924/tools/bin/../lib/gcc/arm-none-eabi/7.3.1/../../../../arm-none-eabi/lib/thumb/v7e-m/fpv4-sp/hard\libc_nano.a(lib_a-mprec.o)
                0x000000000800d19c                __pow5mult
 .text.__lshift
                0x000000000800d238       0xa8 c:/st/stm32cubeide_1.4.0/stm32cubeide/plugins/com.st.stm32cube.ide.mcu.externaltools.gnu-tools-for-stm32.7-2018-q2-update.win32_1.5.0.202011040924/tools/bin/../lib/gcc/arm-none-eabi/7.3.1/../../../../arm-none-eabi/lib/thumb/v7e-m/fpv4-sp/hard\libc_nano.a(lib_a-mprec.o)
                0x000000000800d238                __lshift
 .text.__mcmp   0x000000000800d2e0       0x34 c:/st/stm32cubeide_1.4.0/stm32cubeide/plugins/com.st.stm32cube.ide.mcu.externaltools.gnu-tools-for-stm32.7-2018-q2-update.win32_1.5.0.202011040924/tools/bin/../lib/gcc/arm-none-eabi/7.3.1/../../../../arm-none-eabi/lib/thumb/v7e-m/fpv4-sp/hard\libc_nano.a(lib_a-mprec.o)
                0x000000000800d2e0                __mcmp
 .text.__mdiff  0x000000000800d314       0xba c:/st/stm32cubeide_1.4.0/stm32cubeide/plugins/com.st.stm32cube.ide.mcu.externaltools.gnu-tools-for-stm32.7-2018-q2-update.win32_1.5.0.202011040924/tools/bin/../lib/gcc/arm-none-eabi/7.3.1/../../../../arm-none-eabi/lib/thumb/v7e-m/fpv4-sp/hard\libc_nano.a(lib_a-mprec.o)
                0x000000000800d314                __mdiff
 .text.__d2b    0x000000000800d3ce       0x9e c:/st/stm32cubeide_1.4.0/stm32cubeide/plugins/com.st.stm32cube.ide.mcu.externaltools.gnu-tools-for-stm32.7-2018-q2-update.win32_1.5.0.202011040924/tools/bin/../lib/gcc/arm-none-eabi/7.3.1/../../../../arm-none-eabi/lib/thumb/v7e-m/fpv4-sp/hard\libc_nano.a(lib_a-mprec.o)
                0x000000000800d3ce                __d2b
 .text._calloc_r
                0x000000000800d46c       0x1c c:/st/stm32cubeide_1.4.0/stm32cubeide/plugins/com.st.stm32cube.ide.mcu.externaltools.gnu-tools-for-stm32.7-2018-q2-update.win32_1.5.0.202011040924/tools/bin/../lib/gcc/arm-none-eabi/7.3.1/../../../../arm-none-eabi/lib/thumb/v7e-m/fpv4-sp/hard\libc_nano.a(lib_a-nano-callocr.o)
                0x000000000800d46c                _calloc_r
 .text._malloc_r
                0x000000000800d488       0xb4 c:/st/stm32cubeide_1.4.0/stm32cubeide/plugins/com.st.stm32cube.ide.mcu.externaltools.gnu-tools-for-stm32.7-2018-q2-update.win32_1.5.0.202011040924/tools/bin/../lib/gcc/arm-none-eabi/7.3.1/../../../../arm-none-eabi/lib/thumb/v7e-m/fpv4-sp/hard\libc_nano.a(lib_a-nano-mallocr.o)
                0x000000000800d488                _malloc_r
 .text._sbrk_r  0x000000000800d53c       0x20 c:/st/stm32cubeide_1.4.0/stm32cubeide/plugins/com.st.stm32cube.ide.mcu.externaltools.gnu-tools-for-stm32.7-2018-q2-update.win32_1.5.0.202011040924/tools/bin/../lib/gcc/arm-none-eabi/7.3.1/../../../../arm-none-eabi/lib/thumb/v7e-m/fpv4-sp/hard\libc_nano.a(lib_a-sbrkr.o)
                0x000000000800d53c                _sbrk_r
 .text.__ascii_mbtowc
                0x000000000800d55c       0x24 c:/st/stm32cubeide_1.4.0/stm32cubeide/plugins/com.st.stm32cube.ide.mcu.externaltools.gnu-tools-for-stm32.7-2018-q2-update.win32_1.5.0.202011040924/tools/bin/../lib/gcc/arm-none-eabi/7.3.1/../../../../arm-none-eabi/lib/thumb/v7e-m/fpv4-sp/hard\libc_nano.a(lib_a-mbtowc_r.o)
                0x000000000800d55c                __ascii_mbtowc
 .text.__malloc_lock
                0x000000000800d580        0x2 c:/st/stm32cubeide_1.4.0/stm32cubeide/plugins/com.st.stm32cube.ide.mcu.externaltools.gnu-tools-for-stm32.7-2018-q2-update.win32_1.5.0.202011040924/tools/bin/../lib/gcc/arm-none-eabi/7.3.1/../../../../arm-none-eabi/lib/thumb/v7e-m/fpv4-sp/hard\libc_nano.a(lib_a-mlock.o)
                0x000000000800d580                __malloc_lock
 .text.__malloc_unlock
                0x000000000800d582        0x2 c:/st/stm32cubeide_1.4.0/stm32cubeide/plugins/com.st.stm32cube.ide.mcu.externaltools.gnu-tools-for-stm32.7-2018-q2-update.win32_1.5.0.202011040924/tools/bin/../lib/gcc/arm-none-eabi/7.3.1/../../../../arm-none-eabi/lib/thumb/v7e-m/fpv4-sp/hard\libc_nano.a(lib_a-mlock.o)
                0x000000000800d582                __malloc_unlock
 .text.__ascii_wctomb
                0x000000000800d584       0x1a c:/st/stm32cubeide_1.4.0/stm32cubeide/plugins/com.st.stm32cube.ide.mcu.externaltools.gnu-tools-for-stm32.7-2018-q2-update.win32_1.5.0.202011040924/tools/bin/../lib/gcc/arm-none-eabi/7.3.1/../../../../arm-none-eabi/lib/thumb/v7e-m/fpv4-sp/hard\libc_nano.a(lib_a-wctomb_r.o)
                0x000000000800d584                __ascii_wctomb
 .text.atan2    0x000000000800d59e        0x4 c:/st/stm32cubeide_1.4.0/stm32cubeide/plugins/com.st.stm32cube.ide.mcu.externaltools.gnu-tools-for-stm32.7-2018-q2-update.win32_1.5.0.202011040924/tools/bin/../lib/gcc/arm-none-eabi/7.3.1/../../../../arm-none-eabi/lib/thumb/v7e-m/fpv4-sp/hard\libm.a(lib_a-w_atan2.o)
                0x000000000800d59e                atan2
 *fill*         0x000000000800d5a2        0x6 
 .text.__ieee754_atan2
                0x000000000800d5a8      0x1bc c:/st/stm32cubeide_1.4.0/stm32cubeide/plugins/com.st.stm32cube.ide.mcu.externaltools.gnu-tools-for-stm32.7-2018-q2-update.win32_1.5.0.202011040924/tools/bin/../lib/gcc/arm-none-eabi/7.3.1/../../../../arm-none-eabi/lib/thumb/v7e-m/fpv4-sp/hard\libm.a(lib_a-e_atan2.o)
                0x000000000800d5a8                __ieee754_atan2
 *fill*         0x000000000800d764        0x4 
 .text.atan     0x000000000800d768      0x340 c:/st/stm32cubeide_1.4.0/stm32cubeide/plugins/com.st.stm32cube.ide.mcu.externaltools.gnu-tools-for-stm32.7-2018-q2-update.win32_1.5.0.202011040924/tools/bin/../lib/gcc/arm-none-eabi/7.3.1/../../../../arm-none-eabi/lib/thumb/v7e-m/fpv4-sp/hard\libm.a(lib_a-s_atan.o)
                0x000000000800d768                atan
 .text.fabs     0x000000000800daa8       0x12 c:/st/stm32cubeide_1.4.0/stm32cubeide/plugins/com.st.stm32cube.ide.mcu.externaltools.gnu-tools-for-stm32.7-2018-q2-update.win32_1.5.0.202011040924/tools/bin/../lib/gcc/arm-none-eabi/7.3.1/../../../../arm-none-eabi/lib/thumb/v7e-m/fpv4-sp/hard\libm.a(lib_a-s_fabs.o)
                0x000000000800daa8                fabs
 *(.glue_7)
 .glue_7        0x000000000800daba        0x0 linker stubs
 *(.glue_7t)
 .glue_7t       0x000000000800daba        0x0 linker stubs
 *(.eh_frame)
 *fill*         0x000000000800daba        0x2 
 .eh_frame      0x000000000800dabc        0x0 c:/st/stm32cubeide_1.4.0/stm32cubeide/plugins/com.st.stm32cube.ide.mcu.externaltools.gnu-tools-for-stm32.7-2018-q2-update.win32_1.5.0.202011040924/tools/bin/../lib/gcc/arm-none-eabi/7.3.1/thumb/v7e-m/fpv4-sp/hard/crtbegin.o
 *(.init)
 .init          0x000000000800dabc        0x4 c:/st/stm32cubeide_1.4.0/stm32cubeide/plugins/com.st.stm32cube.ide.mcu.externaltools.gnu-tools-for-stm32.7-2018-q2-update.win32_1.5.0.202011040924/tools/bin/../lib/gcc/arm-none-eabi/7.3.1/thumb/v7e-m/fpv4-sp/hard/crti.o
                0x000000000800dabc                _init
 .init          0x000000000800dac0        0x8 c:/st/stm32cubeide_1.4.0/stm32cubeide/plugins/com.st.stm32cube.ide.mcu.externaltools.gnu-tools-for-stm32.7-2018-q2-update.win32_1.5.0.202011040924/tools/bin/../lib/gcc/arm-none-eabi/7.3.1/thumb/v7e-m/fpv4-sp/hard/crtn.o
 *(.fini)
 .fini          0x000000000800dac8        0x4 c:/st/stm32cubeide_1.4.0/stm32cubeide/plugins/com.st.stm32cube.ide.mcu.externaltools.gnu-tools-for-stm32.7-2018-q2-update.win32_1.5.0.202011040924/tools/bin/../lib/gcc/arm-none-eabi/7.3.1/thumb/v7e-m/fpv4-sp/hard/crti.o
                0x000000000800dac8                _fini
 .fini          0x000000000800dacc        0x8 c:/st/stm32cubeide_1.4.0/stm32cubeide/plugins/com.st.stm32cube.ide.mcu.externaltools.gnu-tools-for-stm32.7-2018-q2-update.win32_1.5.0.202011040924/tools/bin/../lib/gcc/arm-none-eabi/7.3.1/thumb/v7e-m/fpv4-sp/hard/crtn.o
                0x000000000800dad4                . = ALIGN (0x4)
                0x000000000800dad4                _etext = .

.vfp11_veneer   0x000000000800dad4        0x0
 .vfp11_veneer  0x000000000800dad4        0x0 linker stubs

.v4_bx          0x000000000800dad4        0x0
 .v4_bx         0x000000000800dad4        0x0 linker stubs

.iplt           0x000000000800dad4        0x0
 .iplt          0x000000000800dad4        0x0 c:/st/stm32cubeide_1.4.0/stm32cubeide/plugins/com.st.stm32cube.ide.mcu.externaltools.gnu-tools-for-stm32.7-2018-q2-update.win32_1.5.0.202011040924/tools/bin/../lib/gcc/arm-none-eabi/7.3.1/thumb/v7e-m/fpv4-sp/hard/crtbegin.o

.rodata         0x000000000800dad8      0x548
                0x000000000800dad8                . = ALIGN (0x4)
 *(.rodata)
 .rodata        0x000000000800dad8      0x148 Core/Src/freertos.o
 .rodata        0x000000000800dc20       0x18 Core/Src/printf.o
 .rodata        0x000000000800dc38        0x5 Middlewares/Third_Party/FreeRTOS/Source/tasks.o
 *fill*         0x000000000800dc3d        0x3 
 .rodata        0x000000000800dc40        0xd Middlewares/Third_Party/FreeRTOS/Source/timers.o
 *(.rodata*)
 *fill*         0x000000000800dc4d        0x3 
 .rodata.Heartbeat_attributes
                0x000000000800dc50       0x24 Core/Src/freertos.o
                0x000000000800dc50                Heartbeat_attributes
 .rodata.IMU_Task_attributes
                0x000000000800dc74       0x24 Core/Src/freertos.o
                0x000000000800dc74                IMU_Task_attributes
 .rodata.PIDTask_attributes
                0x000000000800dc98       0x24 Core/Src/freertos.o
                0x000000000800dc98                PIDTask_attributes
 .rodata.StepperMotorsTa_attributes
                0x000000000800dcbc       0x24 Core/Src/freertos.o
                0x000000000800dcbc                StepperMotorsTa_attributes
 .rodata.QueueInputPID_attributes
                0x000000000800dce0       0x18 Core/Src/freertos.o
                0x000000000800dce0                QueueInputPID_attributes
 .rodata.QueueOutputPID_attributes
                0x000000000800dcf8       0x18 Core/Src/freertos.o
                0x000000000800dcf8                QueueOutputPID_attributes
 .rodata.MutexI2C_attributes
                0x000000000800dd10       0x10 Core/Src/freertos.o
                0x000000000800dd10                MutexI2C_attributes
 .rodata.MutexUARTputchar_attributes
                0x000000000800dd20       0x10 Core/Src/freertos.o
                0x000000000800dd20                MutexUARTputchar_attributes
 .rodata.MutexMotors_attributes
                0x000000000800dd30       0x10 Core/Src/freertos.o
                0x000000000800dd30                MutexMotors_attributes
 .rodata.SemaphoreLSM6_DataReady_attributes
                0x000000000800dd40       0x10 Core/Src/freertos.o
                0x000000000800dd40                SemaphoreLSM6_DataReady_attributes
 .rodata.pow10.5604
                0x000000000800dd50       0x50 Core/Src/printf.o
 .rodata.AHBPrescTable
                0x000000000800dda0       0x10 Core/Src/system_stm32f4xx.o
                0x000000000800dda0                AHBPrescTable
 .rodata.APBPrescTable
                0x000000000800ddb0        0x8 Core/Src/system_stm32f4xx.o
                0x000000000800ddb0                APBPrescTable
 .rodata._printf_float.str1.1
                0x000000000800ddb8       0x12 c:/st/stm32cubeide_1.4.0/stm32cubeide/plugins/com.st.stm32cube.ide.mcu.externaltools.gnu-tools-for-stm32.7-2018-q2-update.win32_1.5.0.202011040924/tools/bin/../lib/gcc/arm-none-eabi/7.3.1/../../../../arm-none-eabi/lib/thumb/v7e-m/fpv4-sp/hard\libc_nano.a(lib_a-nano-vfprintf_float.o)
 .rodata._dtoa_r.str1.1
                0x000000000800ddca        0xd c:/st/stm32cubeide_1.4.0/stm32cubeide/plugins/com.st.stm32cube.ide.mcu.externaltools.gnu-tools-for-stm32.7-2018-q2-update.win32_1.5.0.202011040924/tools/bin/../lib/gcc/arm-none-eabi/7.3.1/../../../../arm-none-eabi/lib/thumb/v7e-m/fpv4-sp/hard\libc_nano.a(lib_a-dtoa.o)
                                          0xf (size before relaxing)
 *fill*         0x000000000800ddd7        0x1 
 .rodata.__mprec_bigtens
                0x000000000800ddd8       0x28 c:/st/stm32cubeide_1.4.0/stm32cubeide/plugins/com.st.stm32cube.ide.mcu.externaltools.gnu-tools-for-stm32.7-2018-q2-update.win32_1.5.0.202011040924/tools/bin/../lib/gcc/arm-none-eabi/7.3.1/../../../../arm-none-eabi/lib/thumb/v7e-m/fpv4-sp/hard\libc_nano.a(lib_a-mprec.o)
                0x000000000800ddd8                __mprec_bigtens
 .rodata.__mprec_tens
                0x000000000800de00       0xc8 c:/st/stm32cubeide_1.4.0/stm32cubeide/plugins/com.st.stm32cube.ide.mcu.externaltools.gnu-tools-for-stm32.7-2018-q2-update.win32_1.5.0.202011040924/tools/bin/../lib/gcc/arm-none-eabi/7.3.1/../../../../arm-none-eabi/lib/thumb/v7e-m/fpv4-sp/hard\libc_nano.a(lib_a-mprec.o)
                0x000000000800de00                __mprec_tens
 .rodata.p05.7359
                0x000000000800dec8        0xc c:/st/stm32cubeide_1.4.0/stm32cubeide/plugins/com.st.stm32cube.ide.mcu.externaltools.gnu-tools-for-stm32.7-2018-q2-update.win32_1.5.0.202011040924/tools/bin/../lib/gcc/arm-none-eabi/7.3.1/../../../../arm-none-eabi/lib/thumb/v7e-m/fpv4-sp/hard\libc_nano.a(lib_a-mprec.o)
 .rodata._setlocale_r.str1.1
                0x000000000800ded4        0x8 c:/st/stm32cubeide_1.4.0/stm32cubeide/plugins/com.st.stm32cube.ide.mcu.externaltools.gnu-tools-for-stm32.7-2018-q2-update.win32_1.5.0.202011040924/tools/bin/../lib/gcc/arm-none-eabi/7.3.1/../../../../arm-none-eabi/lib/thumb/v7e-m/fpv4-sp/hard\libc_nano.a(lib_a-locale.o)
                                          0x9 (size before relaxing)
 .rodata.str1.1
                0x000000000800dedc        0x2 c:/st/stm32cubeide_1.4.0/stm32cubeide/plugins/com.st.stm32cube.ide.mcu.externaltools.gnu-tools-for-stm32.7-2018-q2-update.win32_1.5.0.202011040924/tools/bin/../lib/gcc/arm-none-eabi/7.3.1/../../../../arm-none-eabi/lib/thumb/v7e-m/fpv4-sp/hard\libc_nano.a(lib_a-locale.o)
 .rodata._ctype_
                0x000000000800dede      0x101 c:/st/stm32cubeide_1.4.0/stm32cubeide/plugins/com.st.stm32cube.ide.mcu.externaltools.gnu-tools-for-stm32.7-2018-q2-update.win32_1.5.0.202011040924/tools/bin/../lib/gcc/arm-none-eabi/7.3.1/../../../../arm-none-eabi/lib/thumb/v7e-m/fpv4-sp/hard\libc_nano.a(lib_a-ctype_.o)
                0x000000000800dede                _ctype_
 *fill*         0x000000000800dfdf        0x1 
 .rodata.atanhi
                0x000000000800dfe0       0x20 c:/st/stm32cubeide_1.4.0/stm32cubeide/plugins/com.st.stm32cube.ide.mcu.externaltools.gnu-tools-for-stm32.7-2018-q2-update.win32_1.5.0.202011040924/tools/bin/../lib/gcc/arm-none-eabi/7.3.1/../../../../arm-none-eabi/lib/thumb/v7e-m/fpv4-sp/hard\libm.a(lib_a-s_atan.o)
 .rodata.atanlo
                0x000000000800e000       0x20 c:/st/stm32cubeide_1.4.0/stm32cubeide/plugins/com.st.stm32cube.ide.mcu.externaltools.gnu-tools-for-stm32.7-2018-q2-update.win32_1.5.0.202011040924/tools/bin/../lib/gcc/arm-none-eabi/7.3.1/../../../../arm-none-eabi/lib/thumb/v7e-m/fpv4-sp/hard\libm.a(lib_a-s_atan.o)
                0x000000000800e020                . = ALIGN (0x4)

.ARM.extab      0x000000000800e020        0x0
                0x000000000800e020                . = ALIGN (0x4)
 *(.ARM.extab* .gnu.linkonce.armextab.*)
                0x000000000800e020                . = ALIGN (0x4)

.ARM            0x000000000800e020        0x8
                0x000000000800e020                . = ALIGN (0x4)
                0x000000000800e020                __exidx_start = .
 *(.ARM.exidx*)
 .ARM.exidx     0x000000000800e020        0x8 c:/st/stm32cubeide_1.4.0/stm32cubeide/plugins/com.st.stm32cube.ide.mcu.externaltools.gnu-tools-for-stm32.7-2018-q2-update.win32_1.5.0.202011040924/tools/bin/../lib/gcc/arm-none-eabi/7.3.1/thumb/v7e-m/fpv4-sp/hard\libgcc.a(_udivmoddi4.o)
                0x000000000800e028                __exidx_end = .
                0x000000000800e028                . = ALIGN (0x4)

.rel.dyn        0x000000000800e028        0x0
 .rel.iplt      0x000000000800e028        0x0 c:/st/stm32cubeide_1.4.0/stm32cubeide/plugins/com.st.stm32cube.ide.mcu.externaltools.gnu-tools-for-stm32.7-2018-q2-update.win32_1.5.0.202011040924/tools/bin/../lib/gcc/arm-none-eabi/7.3.1/thumb/v7e-m/fpv4-sp/hard/crtbegin.o

.preinit_array  0x000000000800e028        0x0
                0x000000000800e028                . = ALIGN (0x4)
                0x000000000800e028                PROVIDE (__preinit_array_start = .)
 *(.preinit_array*)
                0x000000000800e028                PROVIDE (__preinit_array_end = .)
                0x000000000800e028                . = ALIGN (0x4)

.init_array     0x000000000800e028        0x4
                0x000000000800e028                . = ALIGN (0x4)
                0x000000000800e028                PROVIDE (__init_array_start = .)
 *(SORT_BY_NAME(.init_array.*))
 *(.init_array*)
 .init_array    0x000000000800e028        0x4 c:/st/stm32cubeide_1.4.0/stm32cubeide/plugins/com.st.stm32cube.ide.mcu.externaltools.gnu-tools-for-stm32.7-2018-q2-update.win32_1.5.0.202011040924/tools/bin/../lib/gcc/arm-none-eabi/7.3.1/thumb/v7e-m/fpv4-sp/hard/crtbegin.o
                0x000000000800e02c                PROVIDE (__init_array_end = .)
                0x000000000800e02c                . = ALIGN (0x4)

.fini_array     0x000000000800e02c        0x4
                0x000000000800e02c                . = ALIGN (0x4)
                [!provide]                        PROVIDE (__fini_array_start = .)
 *(SORT_BY_NAME(.fini_array.*))
 *(.fini_array*)
 .fini_array    0x000000000800e02c        0x4 c:/st/stm32cubeide_1.4.0/stm32cubeide/plugins/com.st.stm32cube.ide.mcu.externaltools.gnu-tools-for-stm32.7-2018-q2-update.win32_1.5.0.202011040924/tools/bin/../lib/gcc/arm-none-eabi/7.3.1/thumb/v7e-m/fpv4-sp/hard/crtbegin.o
                [!provide]                        PROVIDE (__fini_array_end = .)
                0x000000000800e030                . = ALIGN (0x4)
                0x000000000800e030                _sidata = LOADADDR (.data)

.data           0x0000000020000000      0x1e0 load address 0x000000000800e030
                0x0000000020000000                . = ALIGN (0x4)
                0x0000000020000000                _sdata = .
 *(.data)
 *(.data*)
 .data.SystemCoreClock
                0x0000000020000000        0x4 Core/Src/system_stm32f4xx.o
                0x0000000020000000                SystemCoreClock
 .data.uwTickPrio
                0x0000000020000004        0x4 Drivers/STM32F4xx_HAL_Driver/Src/stm32f4xx_hal.o
                0x0000000020000004                uwTickPrio
 .data.uwTickFreq
                0x0000000020000008        0x1 Drivers/STM32F4xx_HAL_Driver/Src/stm32f4xx_hal.o
                0x0000000020000008                uwTickFreq
 *fill*         0x0000000020000009        0x3 
 .data.uxCriticalNesting
                0x000000002000000c        0x4 Middlewares/Third_Party/FreeRTOS/Source/portable/GCC/ARM_CM4F/port.o
 .data._impure_ptr
                0x0000000020000010        0x4 c:/st/stm32cubeide_1.4.0/stm32cubeide/plugins/com.st.stm32cube.ide.mcu.externaltools.gnu-tools-for-stm32.7-2018-q2-update.win32_1.5.0.202011040924/tools/bin/../lib/gcc/arm-none-eabi/7.3.1/../../../../arm-none-eabi/lib/thumb/v7e-m/fpv4-sp/hard\libc_nano.a(lib_a-impure.o)
                0x0000000020000010                _impure_ptr
 .data.impure_data
                0x0000000020000014       0x60 c:/st/stm32cubeide_1.4.0/stm32cubeide/plugins/com.st.stm32cube.ide.mcu.externaltools.gnu-tools-for-stm32.7-2018-q2-update.win32_1.5.0.202011040924/tools/bin/../lib/gcc/arm-none-eabi/7.3.1/../../../../arm-none-eabi/lib/thumb/v7e-m/fpv4-sp/hard\libc_nano.a(lib_a-impure.o)
 .data.__global_locale
                0x0000000020000074      0x16c c:/st/stm32cubeide_1.4.0/stm32cubeide/plugins/com.st.stm32cube.ide.mcu.externaltools.gnu-tools-for-stm32.7-2018-q2-update.win32_1.5.0.202011040924/tools/bin/../lib/gcc/arm-none-eabi/7.3.1/../../../../arm-none-eabi/lib/thumb/v7e-m/fpv4-sp/hard\libc_nano.a(lib_a-locale.o)
                0x0000000020000074                __global_locale
 *(.RamFunc)
 *(.RamFunc*)
                0x00000000200001e0                . = ALIGN (0x4)
                0x00000000200001e0                _edata = .

.igot.plt       0x00000000200001e0        0x0 load address 0x000000000800e210
 .igot.plt      0x00000000200001e0        0x0 c:/st/stm32cubeide_1.4.0/stm32cubeide/plugins/com.st.stm32cube.ide.mcu.externaltools.gnu-tools-for-stm32.7-2018-q2-update.win32_1.5.0.202011040924/tools/bin/../lib/gcc/arm-none-eabi/7.3.1/thumb/v7e-m/fpv4-sp/hard/crtbegin.o
                0x00000000200001e0                . = ALIGN (0x4)

.bss            0x00000000200001e0     0x4b0c load address 0x000000000800e210
                0x00000000200001e0                _sbss = .
                0x00000000200001e0                __bss_start__ = _sbss
 *(.bss)
 .bss           0x00000000200001e0       0x1c c:/st/stm32cubeide_1.4.0/stm32cubeide/plugins/com.st.stm32cube.ide.mcu.externaltools.gnu-tools-for-stm32.7-2018-q2-update.win32_1.5.0.202011040924/tools/bin/../lib/gcc/arm-none-eabi/7.3.1/thumb/v7e-m/fpv4-sp/hard/crtbegin.o
 *(.bss*)
 .bss.__sbrk_heap_end
                0x00000000200001fc        0x4 Core/Src/sysmem.o
 .bss.KernelState
                0x0000000020000200        0x4 Middlewares/Third_Party/FreeRTOS/Source/CMSIS_RTOS_V2/cmsis_os2.o
 .bss.Idle_TCB  0x0000000020000204       0x5c Middlewares/Third_Party/FreeRTOS/Source/CMSIS_RTOS_V2/cmsis_os2.o
 .bss.Idle_Stack
                0x0000000020000260      0x200 Middlewares/Third_Party/FreeRTOS/Source/CMSIS_RTOS_V2/cmsis_os2.o
 .bss.Timer_TCB
                0x0000000020000460       0x5c Middlewares/Third_Party/FreeRTOS/Source/CMSIS_RTOS_V2/cmsis_os2.o
 .bss.Timer_Stack
                0x00000000200004bc      0x400 Middlewares/Third_Party/FreeRTOS/Source/CMSIS_RTOS_V2/cmsis_os2.o
 .bss.pxCurrentTCB
                0x00000000200008bc        0x4 Middlewares/Third_Party/FreeRTOS/Source/tasks.o
                0x00000000200008bc                pxCurrentTCB
 .bss.pxReadyTasksLists
                0x00000000200008c0      0x460 Middlewares/Third_Party/FreeRTOS/Source/tasks.o
 .bss.xDelayedTaskList1
                0x0000000020000d20       0x14 Middlewares/Third_Party/FreeRTOS/Source/tasks.o
 .bss.xDelayedTaskList2
                0x0000000020000d34       0x14 Middlewares/Third_Party/FreeRTOS/Source/tasks.o
 .bss.pxDelayedTaskList
                0x0000000020000d48        0x4 Middlewares/Third_Party/FreeRTOS/Source/tasks.o
 .bss.pxOverflowDelayedTaskList
                0x0000000020000d4c        0x4 Middlewares/Third_Party/FreeRTOS/Source/tasks.o
 .bss.xPendingReadyList
                0x0000000020000d50       0x14 Middlewares/Third_Party/FreeRTOS/Source/tasks.o
 .bss.xTasksWaitingTermination
                0x0000000020000d64       0x14 Middlewares/Third_Party/FreeRTOS/Source/tasks.o
 .bss.uxDeletedTasksWaitingCleanUp
                0x0000000020000d78        0x4 Middlewares/Third_Party/FreeRTOS/Source/tasks.o
 .bss.xSuspendedTaskList
                0x0000000020000d7c       0x14 Middlewares/Third_Party/FreeRTOS/Source/tasks.o
 .bss.uxCurrentNumberOfTasks
                0x0000000020000d90        0x4 Middlewares/Third_Party/FreeRTOS/Source/tasks.o
 .bss.xTickCount
                0x0000000020000d94        0x4 Middlewares/Third_Party/FreeRTOS/Source/tasks.o
 .bss.uxTopReadyPriority
                0x0000000020000d98        0x4 Middlewares/Third_Party/FreeRTOS/Source/tasks.o
 .bss.xSchedulerRunning
                0x0000000020000d9c        0x4 Middlewares/Third_Party/FreeRTOS/Source/tasks.o
 .bss.uxPendedTicks
                0x0000000020000da0        0x4 Middlewares/Third_Party/FreeRTOS/Source/tasks.o
 .bss.xYieldPending
                0x0000000020000da4        0x4 Middlewares/Third_Party/FreeRTOS/Source/tasks.o
 .bss.xNumOfOverflows
                0x0000000020000da8        0x4 Middlewares/Third_Party/FreeRTOS/Source/tasks.o
 .bss.uxTaskNumber
                0x0000000020000dac        0x4 Middlewares/Third_Party/FreeRTOS/Source/tasks.o
 .bss.xNextTaskUnblockTime
                0x0000000020000db0        0x4 Middlewares/Third_Party/FreeRTOS/Source/tasks.o
 .bss.xIdleTaskHandle
                0x0000000020000db4        0x4 Middlewares/Third_Party/FreeRTOS/Source/tasks.o
 .bss.uxSchedulerSuspended
                0x0000000020000db8        0x4 Middlewares/Third_Party/FreeRTOS/Source/tasks.o
 .bss.xActiveTimerList1
                0x0000000020000dbc       0x14 Middlewares/Third_Party/FreeRTOS/Source/timers.o
 .bss.xActiveTimerList2
                0x0000000020000dd0       0x14 Middlewares/Third_Party/FreeRTOS/Source/timers.o
 .bss.pxCurrentTimerList
                0x0000000020000de4        0x4 Middlewares/Third_Party/FreeRTOS/Source/timers.o
 .bss.pxOverflowTimerList
                0x0000000020000de8        0x4 Middlewares/Third_Party/FreeRTOS/Source/timers.o
 .bss.xTimerQueue
                0x0000000020000dec        0x4 Middlewares/Third_Party/FreeRTOS/Source/timers.o
 .bss.xTimerTaskHandle
                0x0000000020000df0        0x4 Middlewares/Third_Party/FreeRTOS/Source/timers.o
 .bss.xLastTime.6741
                0x0000000020000df4        0x4 Middlewares/Third_Party/FreeRTOS/Source/timers.o
 .bss.ucStaticTimerQueueStorage.6792
                0x0000000020000df8       0xa0 Middlewares/Third_Party/FreeRTOS/Source/timers.o
 .bss.xStaticTimerQueue.6791
                0x0000000020000e98       0x50 Middlewares/Third_Party/FreeRTOS/Source/timers.o
 .bss.ucMaxSysCallPriority
                0x0000000020000ee8        0x1 Middlewares/Third_Party/FreeRTOS/Source/portable/GCC/ARM_CM4F/port.o
 *fill*         0x0000000020000ee9        0x3 
 .bss.ulMaxPRIGROUPValue
                0x0000000020000eec        0x4 Middlewares/Third_Party/FreeRTOS/Source/portable/GCC/ARM_CM4F/port.o
 .bss.ucHeap    0x0000000020000ef0     0x3c00 Middlewares/Third_Party/FreeRTOS/Source/portable/MemMang/heap_4.o
 .bss.xStart    0x0000000020004af0        0x8 Middlewares/Third_Party/FreeRTOS/Source/portable/MemMang/heap_4.o
 .bss.pxEnd     0x0000000020004af8        0x4 Middlewares/Third_Party/FreeRTOS/Source/portable/MemMang/heap_4.o
 .bss.xFreeBytesRemaining
                0x0000000020004afc        0x4 Middlewares/Third_Party/FreeRTOS/Source/portable/MemMang/heap_4.o
 .bss.xMinimumEverFreeBytesRemaining
                0x0000000020004b00        0x4 Middlewares/Third_Party/FreeRTOS/Source/portable/MemMang/heap_4.o
 .bss.xBlockAllocatedBit
                0x0000000020004b04        0x4 Middlewares/Third_Party/FreeRTOS/Source/portable/MemMang/heap_4.o
 .bss.__malloc_free_list
                0x0000000020004b08        0x4 c:/st/stm32cubeide_1.4.0/stm32cubeide/plugins/com.st.stm32cube.ide.mcu.externaltools.gnu-tools-for-stm32.7-2018-q2-update.win32_1.5.0.202011040924/tools/bin/../lib/gcc/arm-none-eabi/7.3.1/../../../../arm-none-eabi/lib/thumb/v7e-m/fpv4-sp/hard\libc_nano.a(lib_a-nano-mallocr.o)
                0x0000000020004b08                __malloc_free_list
 .bss.__malloc_sbrk_start
                0x0000000020004b0c        0x4 c:/st/stm32cubeide_1.4.0/stm32cubeide/plugins/com.st.stm32cube.ide.mcu.externaltools.gnu-tools-for-stm32.7-2018-q2-update.win32_1.5.0.202011040924/tools/bin/../lib/gcc/arm-none-eabi/7.3.1/../../../../arm-none-eabi/lib/thumb/v7e-m/fpv4-sp/hard\libc_nano.a(lib_a-nano-mallocr.o)
                0x0000000020004b0c                __malloc_sbrk_start
 *(COMMON)
 COMMON         0x0000000020004b10       0x40 Core/Src/freertos.o
                0x0000000020004b10                MutexI2CHandle
                0x0000000020004b14                MutexMotorsHandle
                0x0000000020004b18                IMU_TaskHandle
                0x0000000020004b20                pidMonitorOutput
                0x0000000020004b28                SemaphoreLSM6_DataReadyHandle
                0x0000000020004b30                pidMonitorInput
                0x0000000020004b38                HeartbeatHandle
                0x0000000020004b3c                StepperMotorsTaHandle
                0x0000000020004b40                PIDTaskHandle
                0x0000000020004b44                MutexUARTputcharHandle
                0x0000000020004b48                QueueInputPIDHandle
                0x0000000020004b4c                QueueOutputPIDHandle
 COMMON         0x0000000020004b50       0x54 Core/Src/i2c.o
                0x0000000020004b50                hi2c1
 COMMON         0x0000000020004ba4       0x40 Core/Src/stm32f4xx_hal_timebase_tim.o
                0x0000000020004ba4                htim10
 COMMON         0x0000000020004be4       0x80 Core/Src/tim.o
                0x0000000020004be4                htim4
                0x0000000020004c24                htim2
 COMMON         0x0000000020004c64       0x40 Core/Src/usart.o
                0x0000000020004c64                huart2
 COMMON         0x0000000020004ca4        0x4 Drivers/STM32F4xx_HAL_Driver/Src/stm32f4xx_hal.o
                0x0000000020004ca4                uwTick
 COMMON         0x0000000020004ca8       0x40 Middlewares/Third_Party/FreeRTOS/Source/queue.o
                0x0000000020004ca8                xQueueRegistry
 COMMON         0x0000000020004ce8        0x4 c:/st/stm32cubeide_1.4.0/stm32cubeide/plugins/com.st.stm32cube.ide.mcu.externaltools.gnu-tools-for-stm32.7-2018-q2-update.win32_1.5.0.202011040924/tools/bin/../lib/gcc/arm-none-eabi/7.3.1/../../../../arm-none-eabi/lib/thumb/v7e-m/fpv4-sp/hard\libc_nano.a(lib_a-reent.o)
                0x0000000020004ce8                errno
                0x0000000020004cec                . = ALIGN (0x4)
                0x0000000020004cec                _ebss = .
                0x0000000020004cec                __bss_end__ = _ebss

._user_heap_stack
                0x0000000020004cec      0x604 load address 0x000000000800e210
                0x0000000020004cf0                . = ALIGN (0x8)
 *fill*         0x0000000020004cec        0x4 
                [!provide]                        PROVIDE (end = .)