../Core/Src/freertos.c:254:6:MX_FREERTOS_Init	8	static
../Core/Src/freertos.c:362:6:StartUARTReadTask	24	static
../Core/Src/freertos.c:421:6:StartIMU_Task	176	static
../Core/Src/freertos.c:557:6:StartPIDTask	152	static
../Core/Src/freertos.c:680:6:StartStepperMotorsTask	160	static
../Core/Src/freertos.c:816:6:StartOtherTask	80	static
../Core/Src/freertos.c:896:6:HAL_GPIO_EXTI_Callback	16	static
../Core/Src/freertos.c:909:6:HAL_ADC_ConvCpltCallback	16	static
../Core/Src/freertos.c:917:6:HAL_UARTEx_RxEventCallback	24	static
../Core/Src/freertos.c:937:6:HAL_UART_TxCpltCallback	16	static
../Core/Src/freertos.c:949:22:Parser_ReceiveLineCallback	24	static
../Core/Src/freertos.c:968:6:Parser_PID_PrintCallback	16	static
../Core/Src/freertos.c:977:6:Parser_IMU_PrintCallback	16	static
../Core/Src/freertos.c:986:6:Parser_MOT_PrintCallback	16	static
../Core/Src/freertos.c:995:6:Parser_OTH_PrintCallback	16	static
../Core/Src/freertos.c:1008:7:map	32	static
../Core/Src/freertos.c:1013:7:complementaryFilter	48	static
../Core/Src/freertos.c:1019:7:calculateAccAngle	40	static
../Core/Src/freertos.c:1024:6:sendMessageToUART	24	static
