../Core/Src/freertos.c:283:6:MX_FREERTOS_Init	8	static
../Core/Src/freertos.c:394:6:StartUARTReadTask	24	static
../Core/Src/freertos.c:464:6:StartIMU_Task	152	static
../Core/Src/freertos.c:641:6:StartPIDTask	216	static
../Core/Src/freertos.c:831:6:StartStepperMotorsTask	160	static
../Core/Src/freertos.c:1007:6:StartOtherTask	80	static
../Core/Src/freertos.c:1105:6:HAL_GPIO_EXTI_Callback	16	static
../Core/Src/freertos.c:1125:6:HAL_ADC_ConvCpltCallback	16	static
../Core/Src/freertos.c:1135:6:HAL_UARTEx_RxEventCallback	24	static
../Core/Src/freertos.c:1161:6:HAL_UART_TxCpltCallback	16	static
../Core/Src/freertos.c:1175:22:Parser_ReceiveLineCallback	24	static
../Core/Src/freertos.c:1208:6:Parser_PID_PrintCallback	16	static
../Core/Src/freertos.c:1219:6:Parser_IMU_PrintCallback	16	static
../Core/Src/freertos.c:1228:6:Parser_MOT_PrintCallback	16	static
../Core/Src/freertos.c:1237:6:Parser_OTH_PrintCallback	16	static
../Core/Src/freertos.c:1251:7:map	32	static
../Core/Src/freertos.c:1257:7:complementaryFilter	48	static
../Core/Src/freertos.c:1264:7:calculateAccAngle	40	static
../Core/Src/freertos.c:1270:6:sendMessageToUART	24	static
